Archive member included to satisfy reference by file (symbol)

c:/program files (x86)/gnu tools arm embedded/7 2018-q2-update/bin/../lib/gcc/arm-none-eabi/7.3.1/../../../../arm-none-eabi/lib/thumb/v7e-m\libc_nano.a(lib_a-exit.o)
                              c:/program files (x86)/gnu tools arm embedded/7 2018-q2-update/bin/../lib/gcc/arm-none-eabi/7.3.1/../../../../arm-none-eabi/lib/thumb/v7e-m/crt0.o (exit)
c:/program files (x86)/gnu tools arm embedded/7 2018-q2-update/bin/../lib/gcc/arm-none-eabi/7.3.1/../../../../arm-none-eabi/lib/thumb/v7e-m\libc_nano.a(lib_a-impure.o)
                              c:/program files (x86)/gnu tools arm embedded/7 2018-q2-update/bin/../lib/gcc/arm-none-eabi/7.3.1/../../../../arm-none-eabi/lib/thumb/v7e-m\libc_nano.a(lib_a-exit.o) (_global_impure_ptr)
c:/program files (x86)/gnu tools arm embedded/7 2018-q2-update/bin/../lib/gcc/arm-none-eabi/7.3.1/../../../../arm-none-eabi/lib/thumb/v7e-m\libc_nano.a(lib_a-init.o)
                              c:/program files (x86)/gnu tools arm embedded/7 2018-q2-update/bin/../lib/gcc/arm-none-eabi/7.3.1/../../../../arm-none-eabi/lib/thumb/v7e-m/crt0.o (__libc_init_array)
c:/program files (x86)/gnu tools arm embedded/7 2018-q2-update/bin/../lib/gcc/arm-none-eabi/7.3.1/../../../../arm-none-eabi/lib/thumb/v7e-m\libc_nano.a(lib_a-locale.o)
                              _build/nrf52810_xxaa/nrf_log_str_formatter.c.o (__locale_ctype_ptr)
c:/program files (x86)/gnu tools arm embedded/7 2018-q2-update/bin/../lib/gcc/arm-none-eabi/7.3.1/../../../../arm-none-eabi/lib/thumb/v7e-m\libc_nano.a(lib_a-mbtowc_r.o)
                              c:/program files (x86)/gnu tools arm embedded/7 2018-q2-update/bin/../lib/gcc/arm-none-eabi/7.3.1/../../../../arm-none-eabi/lib/thumb/v7e-m\libc_nano.a(lib_a-locale.o) (__ascii_mbtowc)
c:/program files (x86)/gnu tools arm embedded/7 2018-q2-update/bin/../lib/gcc/arm-none-eabi/7.3.1/../../../../arm-none-eabi/lib/thumb/v7e-m\libc_nano.a(lib_a-memcmp.o)
                              _build/nrf52810_xxaa/ble_advdata.c.o (memcmp)
c:/program files (x86)/gnu tools arm embedded/7 2018-q2-update/bin/../lib/gcc/arm-none-eabi/7.3.1/../../../../arm-none-eabi/lib/thumb/v7e-m\libc_nano.a(lib_a-memcpy-stub.o)
                              _build/nrf52810_xxaa/nrf_log_frontend.c.o (memcpy)
c:/program files (x86)/gnu tools arm embedded/7 2018-q2-update/bin/../lib/gcc/arm-none-eabi/7.3.1/../../../../arm-none-eabi/lib/thumb/v7e-m\libc_nano.a(lib_a-memset.o)
                              c:/program files (x86)/gnu tools arm embedded/7 2018-q2-update/bin/../lib/gcc/arm-none-eabi/7.3.1/../../../../arm-none-eabi/lib/thumb/v7e-m/crt0.o (memset)
c:/program files (x86)/gnu tools arm embedded/7 2018-q2-update/bin/../lib/gcc/arm-none-eabi/7.3.1/../../../../arm-none-eabi/lib/thumb/v7e-m\libc_nano.a(lib_a-strcmp.o)
                              c:/program files (x86)/gnu tools arm embedded/7 2018-q2-update/bin/../lib/gcc/arm-none-eabi/7.3.1/../../../../arm-none-eabi/lib/thumb/v7e-m\libc_nano.a(lib_a-locale.o) (strcmp)
c:/program files (x86)/gnu tools arm embedded/7 2018-q2-update/bin/../lib/gcc/arm-none-eabi/7.3.1/../../../../arm-none-eabi/lib/thumb/v7e-m\libc_nano.a(lib_a-strcpy.o)
                              _build/nrf52810_xxaa/SEGGER_RTT.c.o (strcpy)
c:/program files (x86)/gnu tools arm embedded/7 2018-q2-update/bin/../lib/gcc/arm-none-eabi/7.3.1/../../../../arm-none-eabi/lib/thumb/v7e-m\libc_nano.a(lib_a-strlen.o)
                              _build/nrf52810_xxaa/nrf_log_frontend.c.o (strlen)
c:/program files (x86)/gnu tools arm embedded/7 2018-q2-update/bin/../lib/gcc/arm-none-eabi/7.3.1/../../../../arm-none-eabi/lib/thumb/v7e-m\libc_nano.a(lib_a-wctomb_r.o)
                              c:/program files (x86)/gnu tools arm embedded/7 2018-q2-update/bin/../lib/gcc/arm-none-eabi/7.3.1/../../../../arm-none-eabi/lib/thumb/v7e-m\libc_nano.a(lib_a-locale.o) (__ascii_wctomb)
c:/program files (x86)/gnu tools arm embedded/7 2018-q2-update/bin/../lib/gcc/arm-none-eabi/7.3.1/../../../../arm-none-eabi/lib/thumb/v7e-m\libc_nano.a(lib_a-ctype_.o)
                              c:/program files (x86)/gnu tools arm embedded/7 2018-q2-update/bin/../lib/gcc/arm-none-eabi/7.3.1/../../../../arm-none-eabi/lib/thumb/v7e-m\libc_nano.a(lib_a-locale.o) (_ctype_)
c:/program files (x86)/gnu tools arm embedded/7 2018-q2-update/bin/../lib/gcc/arm-none-eabi/7.3.1/../../../../arm-none-eabi/lib/thumb/v7e-m\libnosys.a(_exit.o)
                              c:/program files (x86)/gnu tools arm embedded/7 2018-q2-update/bin/../lib/gcc/arm-none-eabi/7.3.1/../../../../arm-none-eabi/lib/thumb/v7e-m\libc_nano.a(lib_a-exit.o) (_exit)
c:/program files (x86)/gnu tools arm embedded/7 2018-q2-update/bin/../lib/gcc/arm-none-eabi/7.3.1/thumb/v7e-m\libgcc.a(_aeabi_ldivmod.o)
                              _build/nrf52810_xxaa/bsp.c.o (__aeabi_ldivmod)
[...]
Memory Configuration

Name             Origin             Length             Attributes
FLASH            0x00019000         0x00017000         xr
RAM              0x20001ae0         0x00004520         xrw
*default*        0x00000000         0xffffffff

Linker script and memory map


.text           0x00019000     0x6bd0
 *(.isr_vector)
 .isr_vector    0x00019000      0x200 _build/nrf52810_xxaa/gcc_startup_nrf52810.S.o
                0x00019000                __isr_vector
 *(.text*)
 .text          0x00019200       0x40 c:/program files (x86)/gnu tools arm embedded/7 2018-q2-update/bin/../lib/gcc/arm-none-eabi/7.3.1/thumb/v7e-m/crtbegin.o
 .text          0x00019240       0x74 c:/program files (x86)/gnu tools arm embedded/7 2018-q2-update/bin/../lib/gcc/arm-none-eabi/7.3.1/../../../../arm-none-eabi/lib/thumb/v7e-m/crt0.o
                0x00019240                _start
                0x00019240                _mainCRTStartup
 .text          0x000192b4       0x68 _build/nrf52810_xxaa/gcc_startup_nrf52810.S.o
                0x000192b4                Reset_Handler
                0x00019308                NMI_Handler
                0x0001930a                HardFault_Handler
                0x0001930c                MemoryManagement_Handler
                0x0001930e                BusFault_Handler
                0x00019310                UsageFault_Handler
                0x00019312                SVC_Handler
                0x00019314                DebugMon_Handler
                0x00019316                PendSV_Handler
                0x00019318                SysTick_Handler
                0x0001931a                SWI4_IRQHandler
                0x0001931a                TEMP_IRQHandler
                0x0001931a                QDEC_IRQHandler
                0x0001931a                PDM_IRQHandler
                0x0001931a                SWI5_IRQHandler
                0x0001931a                RADIO_IRQHandler
                0x0001931a                SWI0_EGU0_IRQHandler
                0x0001931a                TIMER1_IRQHandler
                0x0001931a                ECB_IRQHandler
                0x0001931a                Default_Handler
                0x0001931a                SWI3_IRQHandler
                0x0001931a                SPIM0_SPIS0_SPI0_IRQHandler
                0x0001931a                CCM_AAR_IRQHandler
                0x0001931a                WDT_IRQHandler
                0x0001931a                RTC0_IRQHandler
                0x0001931a                COMP_IRQHandler
                0x0001931a                PWM0_IRQHandler
                0x0001931a                SWI1_EGU1_IRQHandler
                0x0001931a                TWIM0_TWIS0_TWI0_IRQHandler
                0x0001931a                TIMER0_IRQHandler
                0x0001931a                TIMER2_IRQHandler
 .text.nrf_log_backend_serial_put
                0x0001931c       0xcc _build/nrf52810_xxaa/nrf_log_backend_serial.c.o
                0x0001931c                nrf_log_backend_serial_put
 .text.uart_evt_handler
                0x000193e8        0xc _build/nrf52810_xxaa/nrf_log_backend_uart.c.o
 .text.nrf_log_backend_uart_flush
                0x000193f4        0x2 _build/nrf52810_xxaa/nrf_log_backend_uart.c.o
 *fill*         0x000193f6        0x2 
 .text.uart_init
                0x000193f8       0x4c _build/nrf52810_xxaa/nrf_log_backend_uart.c.o
 .text.nrf_log_backend_uart_put
                0x00019444       0x1c _build/nrf52810_xxaa/nrf_log_backend_uart.c.o
 .text.serial_tx
                0x00019460       0x48 _build/nrf52810_xxaa/nrf_log_backend_uart.c.o
 .text.nrf_log_backend_uart_panic_set
                0x000194a8       0x2c _build/nrf52810_xxaa/nrf_log_backend_uart.c.o
 .text.nrf_log_backend_uart_init
                0x000194d4        0x6 _build/nrf52810_xxaa/nrf_log_backend_uart.c.o
                0x000194d4                nrf_log_backend_uart_init
 *fill*         0x000194da        0x2 
 .text.nrf_log_default_backends_init
                0x000194dc       0x20 _build/nrf52810_xxaa/nrf_log_default_backends.c.o
                0x000194dc                nrf_log_default_backends_init
 .text.invalid_packets_omit
                0x000194fc       0x3a _build/nrf52810_xxaa/nrf_log_frontend.c.o
 *fill*         0x00019536        0x2 
 .text.buf_prealloc
                0x00019538      0x130 _build/nrf52810_xxaa/nrf_log_frontend.c.o
 .text.nrf_log_init
                0x00019668       0x28 _build/nrf52810_xxaa/nrf_log_frontend.c.o
                0x00019668                nrf_log_init
 .text.nrf_log_module_name_get
                0x00019690       0x38 _build/nrf52810_xxaa/nrf_log_frontend.c.o
                0x00019690                nrf_log_module_name_get
 .text.nrf_log_color_id_get
                0x000196c8       0x2c _build/nrf52810_xxaa/nrf_log_frontend.c.o
                0x000196c8                nrf_log_color_id_get
 .text.log_pending_hook
                0x000196f4        0x2 _build/nrf52810_xxaa/nrf_log_frontend.c.o
                0x000196f4                log_pending_hook
 *fill*         0x000196f6        0x2 
 .text.buffer_is_empty
                0x000196f8       0x14 _build/nrf52810_xxaa/nrf_log_frontend.c.o
                0x000196f8                buffer_is_empty
 .text.nrf_log_frontend_dequeue
                0x0001970c      0x1fc _build/nrf52810_xxaa/nrf_log_frontend.c.o
                0x0001970c                nrf_log_frontend_dequeue
 .text.std_n    0x00019908       0xa8 _build/nrf52810_xxaa/nrf_log_frontend.c.o
 .text.nrf_log_frontend_std_0
                0x000199b0        0x8 _build/nrf52810_xxaa/nrf_log_frontend.c.o
                0x000199b0                nrf_log_frontend_std_0
 .text.nrf_log_frontend_std_1
                0x000199b8       0x14 _build/nrf52810_xxaa/nrf_log_frontend.c.o
                0x000199b8                nrf_log_frontend_std_1
 .text.nrf_log_frontend_std_2
                0x000199cc       0x14 _build/nrf52810_xxaa/nrf_log_frontend.c.o
                0x000199cc                nrf_log_frontend_std_2
 .text.nrf_log_frontend_std_3
                0x000199e0       0x18 _build/nrf52810_xxaa/nrf_log_frontend.c.o
                0x000199e0                nrf_log_frontend_std_3
 .text.nrf_log_backend_add
                0x000199f8       0x54 _build/nrf52810_xxaa/nrf_log_frontend.c.o
                0x000199f8                nrf_log_backend_add
 .text.nrf_log_panic
                0x00019a4c       0x28 _build/nrf52810_xxaa/nrf_log_frontend.c.o
                0x00019a4c                nrf_log_panic
 .text.postfix_process
                0x00019a74       0x3c _build/nrf52810_xxaa/nrf_log_str_formatter.c.o
 .text.prefix_process
                0x00019ab0       0x78 _build/nrf52810_xxaa/nrf_log_str_formatter.c.o
 .text.nrf_log_std_entry_process
                0x00019b28       0xc8 _build/nrf52810_xxaa/nrf_log_str_formatter.c.o
                0x00019b28                nrf_log_std_entry_process
 .text.nrf_log_hexdump_entry_process
                0x00019bf0       0xbc _build/nrf52810_xxaa/nrf_log_str_formatter.c.o
                0x00019bf0                nrf_log_hexdump_entry_process
 .text.app_error_handler_bare
                0x00019cac       0x1a _build/nrf52810_xxaa/app_error.c.o
                0x00019cac                app_error_handler_bare
 *fill*         0x00019cc6        0x2 
 .text.app_error_fault_handler
                0x00019cc8       0x70 _build/nrf52810_xxaa/app_error_weak.c.o
                0x00019cc8                app_error_fault_handler
 .text.compare_func
                0x00019d38       0x16 _build/nrf52810_xxaa/app_timer2.c.o
 *fill*         0x00019d4e        0x2 
 .text.get_now  0x00019d50       0x44 _build/nrf52810_xxaa/app_timer2.c.o
 .text.timer_req_schedule
                0x00019d94       0x38 _build/nrf52810_xxaa/app_timer2.c.o
 .text.timer_expire
                0x00019dcc       0xb0 _build/nrf52810_xxaa/app_timer2.c.o
 .text.app_timer_init
                0x00019e7c       0x64 _build/nrf52810_xxaa/app_timer2.c.o
                0x00019e7c                app_timer_init
 .text.app_timer_create
                0x00019ee0       0x24 _build/nrf52810_xxaa/app_timer2.c.o
                0x00019ee0                app_timer_create
 .text.app_timer_start
                0x00019f04       0x54 _build/nrf52810_xxaa/app_timer2.c.o
                0x00019f04                app_timer_start
 .text.app_timer_stop
                0x00019f58       0x46 _build/nrf52810_xxaa/app_timer2.c.o
                0x00019f58                app_timer_stop
 *fill*         0x00019f9e        0x2 
 .text.app_timer_cnt_get
                0x00019fa0        0xc _build/nrf52810_xxaa/app_timer2.c.o
                0x00019fa0                app_timer_cnt_get
 .text.rtc_irq  0x00019fac      0x1bc _build/nrf52810_xxaa/app_timer2.c.o
 .text.app_util_critical_region_enter
                0x0001a168       0x48 _build/nrf52810_xxaa/app_util_platform.c.o
                0x0001a168                app_util_critical_region_enter
 .text.app_util_critical_region_exit
                0x0001a1b0       0x2c _build/nrf52810_xxaa/app_util_platform.c.o
                0x0001a1b0                app_util_critical_region_exit
 .text.evt_pending.isra.2
                0x0001a1dc       0x1a _build/nrf52810_xxaa/drv_rtc.c.o
 *fill*         0x0001a1f6        0x2 
 .text.drv_rtc_init
                0x0001a1f8       0xb4 _build/nrf52810_xxaa/drv_rtc.c.o
                0x0001a1f8                drv_rtc_init
 .text.drv_rtc_start
                0x0001a2ac        0x8 _build/nrf52810_xxaa/drv_rtc.c.o
                0x0001a2ac                drv_rtc_start
 .text.drv_rtc_stop
                0x0001a2b4        0x8 _build/nrf52810_xxaa/drv_rtc.c.o
                0x0001a2b4                drv_rtc_stop
 .text.drv_rtc_compare_set
                0x0001a2bc       0x48 _build/nrf52810_xxaa/drv_rtc.c.o
                0x0001a2bc                drv_rtc_compare_set
 .text.drv_rtc_windowed_compare_set
                0x0001a304       0xf0 _build/nrf52810_xxaa/drv_rtc.c.o
                0x0001a304                drv_rtc_windowed_compare_set
 .text.drv_rtc_overflow_enable
                0x0001a3f4       0x12 _build/nrf52810_xxaa/drv_rtc.c.o
                0x0001a3f4                drv_rtc_overflow_enable
 .text.drv_rtc_overflow_pending
                0x0001a406        0xa _build/nrf52810_xxaa/drv_rtc.c.o
                0x0001a406                drv_rtc_overflow_pending
 .text.drv_rtc_compare_disable
                0x0001a410       0x16 _build/nrf52810_xxaa/drv_rtc.c.o
                0x0001a410                drv_rtc_compare_disable
 .text.drv_rtc_compare_pending
                0x0001a426        0xe _build/nrf52810_xxaa/drv_rtc.c.o
                0x0001a426                drv_rtc_compare_pending
 .text.drv_rtc_counter_get
                0x0001a434        0x8 _build/nrf52810_xxaa/drv_rtc.c.o
                0x0001a434                drv_rtc_counter_get
 .text.drv_rtc_irq_trigger
                0x0001a43c       0x24 _build/nrf52810_xxaa/drv_rtc.c.o
                0x0001a43c                drv_rtc_irq_trigger
 .text.RTC1_IRQHandler
                0x0001a460       0x14 _build/nrf52810_xxaa/drv_rtc.c.o
                0x0001a460                RTC1_IRQHandler
 .text.nrf_atfifo_init
                0x0001a474       0x26 _build/nrf52810_xxaa/nrf_atfifo.c.o
                0x0001a474                nrf_atfifo_init
 .text.nrf_atfifo_clear
                0x0001a49a       0x44 _build/nrf52810_xxaa/nrf_atfifo.c.o
                0x0001a49a                nrf_atfifo_clear
 .text.nrf_atfifo_item_alloc
                0x0001a4de       0x54 _build/nrf52810_xxaa/nrf_atfifo.c.o
                0x0001a4de                nrf_atfifo_item_alloc
 .text.nrf_atfifo_item_put
                0x0001a532       0x20 _build/nrf52810_xxaa/nrf_atfifo.c.o
                0x0001a532                nrf_atfifo_item_put
 .text.nrf_atfifo_item_get
                0x0001a552       0x56 _build/nrf52810_xxaa/nrf_atfifo.c.o
                0x0001a552                nrf_atfifo_item_get
 .text.nrf_atfifo_item_free
                0x0001a5a8       0x20 _build/nrf52810_xxaa/nrf_atfifo.c.o
                0x0001a5a8                nrf_atfifo_item_free
 .text.nrf_atflags_set
                0x0001a5c8       0x12 _build/nrf52810_xxaa/nrf_atflags.c.o
                0x0001a5c8                nrf_atflags_set
 .text.nrf_atflags_clear
                0x0001a5da       0x14 _build/nrf52810_xxaa/nrf_atflags.c.o
                0x0001a5da                nrf_atflags_clear
 .text.nrf_atflags_get
                0x0001a5ee       0x12 _build/nrf52810_xxaa/nrf_atflags.c.o
                0x0001a5ee                nrf_atflags_get
 .text.nrf_atomic_u32_fetch_store
                0x0001a600       0x14 _build/nrf52810_xxaa/nrf_atomic.c.o
                0x0001a600                nrf_atomic_u32_fetch_store
 .text.nrf_atomic_u32_fetch_or
                0x0001a614       0x16 _build/nrf52810_xxaa/nrf_atomic.c.o
                0x0001a614                nrf_atomic_u32_fetch_or
 .text.nrf_atomic_u32_or
                0x0001a62a       0x16 _build/nrf52810_xxaa/nrf_atomic.c.o
                0x0001a62a                nrf_atomic_u32_or
 .text.nrf_atomic_u32_fetch_and
                0x0001a640       0x16 _build/nrf52810_xxaa/nrf_atomic.c.o
                0x0001a640                nrf_atomic_u32_fetch_and
 .text.nrf_atomic_u32_and
                0x0001a656       0x16 _build/nrf52810_xxaa/nrf_atomic.c.o
                0x0001a656                nrf_atomic_u32_and
 .text.nrf_atomic_u32_add
                0x0001a66c       0x16 _build/nrf52810_xxaa/nrf_atomic.c.o
                0x0001a66c                nrf_atomic_u32_add
 .text.nrf_atomic_u32_sub
                0x0001a682       0x16 _build/nrf52810_xxaa/nrf_atomic.c.o
                0x0001a682                nrf_atomic_u32_sub
 .text.nrf_atomic_flag_set_fetch
                0x0001a698        0x6 _build/nrf52810_xxaa/nrf_atomic.c.o
                0x0001a698                nrf_atomic_flag_set_fetch
 .text.nrf_atomic_flag_set
                0x0001a69e        0x6 _build/nrf52810_xxaa/nrf_atomic.c.o
                0x0001a69e                nrf_atomic_flag_set
 .text.nrf_atomic_flag_clear_fetch
                0x0001a6a4        0x6 _build/nrf52810_xxaa/nrf_atomic.c.o
                0x0001a6a4                nrf_atomic_flag_clear_fetch
 .text.nrf_balloc_init
                0x0001a6aa       0x2e _build/nrf52810_xxaa/nrf_balloc.c.o
                0x0001a6aa                nrf_balloc_init
 .text.nrf_balloc_alloc
                0x0001a6d8       0x4a _build/nrf52810_xxaa/nrf_balloc.c.o
                0x0001a6d8                nrf_balloc_alloc
 .text.nrf_balloc_free
                0x0001a722       0x32 _build/nrf52810_xxaa/nrf_balloc.c.o
                0x0001a722                nrf_balloc_free
 .text.nrf_fprintf_buffer_flush
                0x0001a754       0x16 _build/nrf52810_xxaa/nrf_fprintf.c.o
                0x0001a754                nrf_fprintf_buffer_flush
 .text.nrf_fprintf
                0x0001a76a       0x1e _build/nrf52810_xxaa/nrf_fprintf.c.o
                0x0001a76a                nrf_fprintf
 .text.buffer_add
                0x0001a788       0x2e _build/nrf52810_xxaa/nrf_fprintf_format.c.o
 *fill*         0x0001a7b6        0x2 
 .text.unsigned_print
                0x0001a7b8       0xac _build/nrf52810_xxaa/nrf_fprintf_format.c.o
 .text.nrf_fprintf_fmt
                0x0001a864      0x28a _build/nrf52810_xxaa/nrf_fprintf_format.c.o
                0x0001a864                nrf_fprintf_fmt
 *fill*         0x0001aaee        0x2 
 .text.nrf_fstorage_init
                0x0001aaf0       0x68 _build/nrf52810_xxaa/nrf_fstorage.c.o
                0x0001aaf0                nrf_fstorage_init
 .text.nrf_fstorage_read
                0x0001ab58       0xe4 _build/nrf52810_xxaa/nrf_fstorage.c.o
                0x0001ab58                nrf_fstorage_read
 .text.nrf_fstorage_write
                0x0001ac3c      0x12c _build/nrf52810_xxaa/nrf_fstorage.c.o
                0x0001ac3c                nrf_fstorage_write
 .text.nrf_fstorage_erase
                0x0001ad68       0xd4 _build/nrf52810_xxaa/nrf_fstorage.c.o
                0x0001ad68                nrf_fstorage_erase
 .text.nrf_fstorage_is_busy
                0x0001ae3c       0x4c _build/nrf52810_xxaa/nrf_fstorage.c.o
                0x0001ae3c                nrf_fstorage_is_busy
 .text.sd_flash_write
                0x0001ae88        0x4 _build/nrf52810_xxaa/nrf_fstorage_sd.c.o
 .text.sd_flash_page_erase
                0x0001ae8c        0x4 _build/nrf52810_xxaa/nrf_fstorage_sd.c.o
 .text.event_send
                0x0001ae90       0x52 _build/nrf52810_xxaa/nrf_fstorage_sd.c.o
 .text.rmap     0x0001aee2        0x4 _build/nrf52810_xxaa/nrf_fstorage_sd.c.o
 .text.wmap     0x0001aee6        0x4 _build/nrf52810_xxaa/nrf_fstorage_sd.c.o
 *fill*         0x0001aeea        0x2 
 .text.is_busy  0x0001aeec       0x10 _build/nrf52810_xxaa/nrf_fstorage_sd.c.o
 .text.nrf_fstorage_sdh_req_handler
                0x0001aefc       0x14 _build/nrf52810_xxaa/nrf_fstorage_sd.c.o
                0x0001aefc                nrf_fstorage_sdh_req_handler
 .text.read     0x0001af10        0xe _build/nrf52810_xxaa/nrf_fstorage_sd.c.o
 *fill*         0x0001af1e        0x2 
 .text.uninit   0x0001af20       0x20 _build/nrf52810_xxaa/nrf_fstorage_sd.c.o
 .text.init     0x0001af40       0x38 _build/nrf52810_xxaa/nrf_fstorage_sd.c.o
 .text.queue_process
                0x0001af78       0xa4 _build/nrf52810_xxaa/nrf_fstorage_sd.c.o
 .text.nrf_fstorage_sys_evt_handler
                0x0001b01c       0xa8 _build/nrf52810_xxaa/nrf_fstorage_sd.c.o
                0x0001b01c                nrf_fstorage_sys_evt_handler
 .text.nrf_fstorage_sdh_state_handler
                0x0001b0c4       0x20 _build/nrf52810_xxaa/nrf_fstorage_sd.c.o
                0x0001b0c4                nrf_fstorage_sdh_state_handler
 .text.queue_start
                0x0001b0e4       0x20 _build/nrf52810_xxaa/nrf_fstorage_sd.c.o
 .text.erase    0x0001b104       0x4c _build/nrf52810_xxaa/nrf_fstorage_sd.c.o
 .text.write    0x0001b150       0x50 _build/nrf52810_xxaa/nrf_fstorage_sd.c.o
 .text.memobj_op
                0x0001b1a0       0x82 _build/nrf52810_xxaa/nrf_memobj.c.o
 .text.nrf_memobj_pool_init
                0x0001b222        0x4 _build/nrf52810_xxaa/nrf_memobj.c.o
                0x0001b222                nrf_memobj_pool_init
 .text.nrf_memobj_free
                0x0001b226       0x2c _build/nrf52810_xxaa/nrf_memobj.c.o
                0x0001b226                nrf_memobj_free
 .text.nrf_memobj_alloc
                0x0001b252       0x5e _build/nrf52810_xxaa/nrf_memobj.c.o
                0x0001b252                nrf_memobj_alloc
 .text.nrf_memobj_get
                0x0001b2b0        0x8 _build/nrf52810_xxaa/nrf_memobj.c.o
                0x0001b2b0                nrf_memobj_get
 .text.nrf_memobj_put
                0x0001b2b8       0x1e _build/nrf52810_xxaa/nrf_memobj.c.o
                0x0001b2b8                nrf_memobj_put
 .text.nrf_memobj_write
                0x0001b2d6       0x16 _build/nrf52810_xxaa/nrf_memobj.c.o
                0x0001b2d6                nrf_memobj_write
 .text.nrf_memobj_read
                0x0001b2ec       0x16 _build/nrf52810_xxaa/nrf_memobj.c.o
                0x0001b2ec                nrf_memobj_read
 .text.sd_app_evt_wait
                0x0001b302        0x4 _build/nrf52810_xxaa/nrf_pwr_mgmt.c.o
 *fill*         0x0001b306        0x2 
 .text.nrf_pwr_mgmt_init
                0x0001b308       0x2c _build/nrf52810_xxaa/nrf_pwr_mgmt.c.o
                0x0001b308                nrf_pwr_mgmt_init
 .text.nrf_pwr_mgmt_run
                0x0001b334       0x18 _build/nrf52810_xxaa/nrf_pwr_mgmt.c.o
                0x0001b334                nrf_pwr_mgmt_run
 .text.nrf_ringbuf_init
                0x0001b34c       0x1c _build/nrf52810_xxaa/nrf_ringbuf.c.o
                0x0001b34c                nrf_ringbuf_init
 .text.nrf_section_iter_init
                0x0001b368       0x12 _build/nrf52810_xxaa/nrf_section_iter.c.o
                0x0001b368                nrf_section_iter_init
 .text.nrf_section_iter_next
                0x0001b37a       0x18 _build/nrf52810_xxaa/nrf_section_iter.c.o
                0x0001b37a                nrf_section_iter_next
 .text.nrf_sortlist_add
                0x0001b392       0x20 _build/nrf52810_xxaa/nrf_sortlist.c.o
                0x0001b392                nrf_sortlist_add
 .text.nrf_sortlist_pop
                0x0001b3b2        0xc _build/nrf52810_xxaa/nrf_sortlist.c.o
                0x0001b3b2                nrf_sortlist_pop
 .text.nrf_sortlist_peek
                0x0001b3be        0x6 _build/nrf52810_xxaa/nrf_sortlist.c.o
                0x0001b3be                nrf_sortlist_peek
 .text.nrf_sortlist_remove
                0x0001b3c4       0x1a _build/nrf52810_xxaa/nrf_sortlist.c.o
                0x0001b3c4                nrf_sortlist_remove
 *fill*         0x0001b3de        0x2 
 .text.nrf_strerror_find
                0x0001b3e0       0x3c _build/nrf52810_xxaa/nrf_strerror.c.o
                0x0001b3e0                nrf_strerror_find
 .text.nrf_strerror_get
                0x0001b41c       0x14 _build/nrf52810_xxaa/nrf_strerror.c.o
                0x0001b41c                nrf_strerror_get
 .text.unlikely.__NVIC_SystemReset
                0x0001b430       0x24 _build/nrf52810_xxaa/system_nrf52810.c.o
 .text.nrf52_errata_16
                0x0001b454       0x2c _build/nrf52810_xxaa/system_nrf52810.c.o
 .text.nrf52_errata_31
                0x0001b480       0x28 _build/nrf52810_xxaa/system_nrf52810.c.o
 .text.nvmc_wait
                0x0001b4a8       0x10 _build/nrf52810_xxaa/system_nrf52810.c.o
                0x0001b4a8                nvmc_wait
 .text.SystemInit
                0x0001b4b8      0x2a0 _build/nrf52810_xxaa/system_nrf52810.c.o
                0x0001b4b8                SystemInit
 .text.clock_clk_started_notify
                0x0001b758       0x28 _build/nrf52810_xxaa/nrf_drv_clock.c.o
 .text.clock_irq_handler
                0x0001b780       0x1c _build/nrf52810_xxaa/nrf_drv_clock.c.o
 .text.soc_evt_handler
                0x0001b79c       0x14 _build/nrf52810_xxaa/nrf_drv_clock.c.o
 .text.nrf_drv_clock_init
                0x0001b7b0       0x48 _build/nrf52810_xxaa/nrf_drv_clock.c.o
                0x0001b7b0                nrf_drv_clock_init
 .text.nrf_drv_clock_lfclk_release
                0x0001b7f8       0x3c _build/nrf52810_xxaa/nrf_drv_clock.c.o
                0x0001b7f8                nrf_drv_clock_lfclk_release
 .text.sd_state_evt_handler
                0x0001b834       0x60 _build/nrf52810_xxaa/nrf_drv_clock.c.o
 .text.uarte_evt_handler
                0x0001b894       0x34 _build/nrf52810_xxaa/nrf_drv_uart.c.o
 .text.uart_evt_handler
                0x0001b8c8       0x34 _build/nrf52810_xxaa/nrf_drv_uart.c.o
 .text.nrf_drv_uart_init
                0x0001b8fc       0x7c _build/nrf52810_xxaa/nrf_drv_uart.c.o
                0x0001b8fc                nrf_drv_uart_init
 .text.nrf_clock_event_clear
                0x0001b978       0x14 _build/nrf52810_xxaa/nrfx_clock.c.o
 .text.nrfx_clock_init
                0x0001b98c       0x1c _build/nrf52810_xxaa/nrfx_clock.c.o
                0x0001b98c                nrfx_clock_init
 .text.nrfx_clock_enable
                0x0001b9a8       0x24 _build/nrf52810_xxaa/nrfx_clock.c.o
                0x0001b9a8                nrfx_clock_enable
 .text.nrfx_clock_lfclk_stop
                0x0001b9cc       0x28 _build/nrf52810_xxaa/nrfx_clock.c.o
                0x0001b9cc                nrfx_clock_lfclk_stop
 .text.POWER_CLOCK_IRQHandler
                0x0001b9f4       0x58 _build/nrf52810_xxaa/nrfx_clock.c.o
                0x0001b9f4                POWER_CLOCK_IRQHandler
 .text.nrf_gpiote_event_clear
                0x0001ba4c       0x18 _build/nrf52810_xxaa/nrfx_gpiote.c.o
 .text.nrf_gpio_cfg_sense_set
                0x0001ba64       0x20 _build/nrf52810_xxaa/nrfx_gpiote.c.o
 .text.GPIOTE_IRQHandler
                0x0001ba84      0x14c _build/nrf52810_xxaa/nrfx_gpiote.c.o
                0x0001ba84                GPIOTE_IRQHandler
 .text.UARTE0_UART0_IRQHandler
                0x0001bbd0        0xc _build/nrf52810_xxaa/nrfx_prs.c.o
                0x0001bbd0                UARTE0_UART0_IRQHandler
 .text.nrfx_prs_acquire
                0x0001bbdc       0x40 _build/nrf52810_xxaa/nrfx_prs.c.o
                0x0001bbdc                nrfx_prs_acquire
 .text.nrfx_prs_release
                0x0001bc1c       0x18 _build/nrf52810_xxaa/nrfx_prs.c.o
                0x0001bc1c                nrfx_prs_release
 .text.nrf_uart_event_clear
                0x0001bc34       0x10 _build/nrf52810_xxaa/nrfx_uart.c.o
 .text.tx_byte  0x0001bc44       0x1e _build/nrf52810_xxaa/nrfx_uart.c.o
 .text.rx_byte  0x0001bc62       0x2c _build/nrf52810_xxaa/nrfx_uart.c.o
 *fill*         0x0001bc8e        0x2 
 .text.rx_done_event.constprop.8
                0x0001bc90       0x20 _build/nrf52810_xxaa/nrfx_uart.c.o
 .text.nrfx_uart_0_irq_handler
                0x0001bcb0      0x140 _build/nrf52810_xxaa/nrfx_uart.c.o
                0x0001bcb0                nrfx_uart_0_irq_handler
 .text.nrfx_uart_init
                0x0001bdf0      0x184 _build/nrf52810_xxaa/nrfx_uart.c.o
                0x0001bdf0                nrfx_uart_init
 .text.nrfx_uart_uninit
                0x0001bf74       0xdc _build/nrf52810_xxaa/nrfx_uart.c.o
                0x0001bf74                nrfx_uart_uninit
 .text.nrfx_uart_tx
                0x0001c050       0x94 _build/nrf52810_xxaa/nrfx_uart.c.o
                0x0001c050                nrfx_uart_tx
 .text.nrf_uarte_event_clear
                0x0001c0e4       0x10 _build/nrf52810_xxaa/nrfx_uarte.c.o
 .text.rx_done_event.constprop.7
                0x0001c0f4       0x20 _build/nrf52810_xxaa/nrfx_uarte.c.o
 .text.nrfx_uarte_0_irq_handler
                0x0001c114      0x120 _build/nrf52810_xxaa/nrfx_uarte.c.o
                0x0001c114                nrfx_uarte_0_irq_handler
 .text.nrfx_uarte_init
                0x0001c234      0x19c _build/nrf52810_xxaa/nrfx_uarte.c.o
                0x0001c234                nrfx_uarte_init
 .text.nrfx_uarte_uninit
                0x0001c3d0      0x128 _build/nrf52810_xxaa/nrfx_uarte.c.o
                0x0001c3d0                nrfx_uarte_uninit
 .text.nrfx_uarte_tx
                0x0001c4f8       0x98 _build/nrf52810_xxaa/nrfx_uarte.c.o
                0x0001c4f8                nrfx_uarte_tx
 .text.sd_ble_gap_disconnect
                0x0001c590        0x4 _build/nrf52810_xxaa/main.c.o
 .text.get_poi_beacon
                0x0001c594        0x8 _build/nrf52810_xxaa/main.c.o
                0x0001c594                get_poi_beacon
 .text.get_poi_flags
                0x0001c59c        0x8 _build/nrf52810_xxaa/main.c.o
                0x0001c59c                get_poi_flags
 .text.get_m_gatt
                0x0001c5a4        0x8 _build/nrf52810_xxaa/main.c.o
                0x0001c5a4                get_m_gatt
 .text.get_m_qwr
                0x0001c5ac        0x8 _build/nrf52810_xxaa/main.c.o
                0x0001c5ac                get_m_qwr
 .text.idle_state_handle
                0x0001c5b4      0x184 _build/nrf52810_xxaa/main.c.o
                0x0001c5b4                idle_state_handle
 .text.poi_power_mgmt_init
                0x0001c738       0x12 _build/nrf52810_xxaa/main.c.o
                0x0001c738                poi_power_mgmt_init
 *fill*         0x0001c74a        0x2 
 .text.startup.main
                0x0001c74c       0x9c _build/nrf52810_xxaa/main.c.o
                0x0001c74c                main
 .text.sd_ble_gap_addr_get
                0x0001c7e8        0x4 _build/nrf52810_xxaa/ble_advdata.c.o
 .text.sd_ble_gap_appearance_get
                0x0001c7ec        0x4 _build/nrf52810_xxaa/ble_advdata.c.o
 .text.sd_ble_gap_device_name_get
                0x0001c7f0        0x4 _build/nrf52810_xxaa/ble_advdata.c.o
 .text.sd_ble_uuid_encode
                0x0001c7f4        0x4 _build/nrf52810_xxaa/ble_advdata.c.o
 .text.uuid_list_sized_encode
                0x0001c7f8       0xa4 _build/nrf52810_xxaa/ble_advdata.c.o
 .text.uuid_list_encode
                0x0001c89c       0x34 _build/nrf52810_xxaa/ble_advdata.c.o
 .text.ble_advdata_encode
                0x0001c8d0      0x392 _build/nrf52810_xxaa/ble_advdata.c.o
                0x0001c8d0                ble_advdata_encode
 .text.sd_ble_gap_conn_param_update
                0x0001cc62        0x4 _build/nrf52810_xxaa/ble_conn_params.c.o
 .text.sd_ble_gap_disconnect
                0x0001cc66        0x4 _build/nrf52810_xxaa/ble_conn_params.c.o
 .text.sd_ble_gap_ppcp_set
                0x0001cc6a        0x4 _build/nrf52810_xxaa/ble_conn_params.c.o
 .text.sd_ble_gap_ppcp_get
                0x0001cc6e        0x4 _build/nrf52810_xxaa/ble_conn_params.c.o
 *fill*         0x0001cc72        0x2 
 .text.instance_get
                0x0001cc74       0x14 _build/nrf52810_xxaa/ble_conn_params.c.o
 .text.send_error_evt
                0x0001cc88       0x10 _build/nrf52810_xxaa/ble_conn_params.c.o
 .text.update_timeout_handler
                0x0001cc98       0x6c _build/nrf52810_xxaa/ble_conn_params.c.o
 .text.conn_params_negotiation
                0x0001cd04       0x48 _build/nrf52810_xxaa/ble_conn_params.c.o
 .text.is_conn_params_ok.constprop.3
                0x0001cd4c       0x3a _build/nrf52810_xxaa/ble_conn_params.c.o
 *fill*         0x0001cd86        0x2 
 .text.ble_evt_handler
                0x0001cd88       0xe0 _build/nrf52810_xxaa/ble_conn_params.c.o
 .text.ble_conn_params_init
                0x0001ce68       0x74 _build/nrf52810_xxaa/ble_conn_params.c.o
                0x0001ce68                ble_conn_params_init
 .text.flag_toggle
                0x0001cedc        0xa _build/nrf52810_xxaa/ble_conn_state.c.o
 .text.conn_handle_list_get
                0x0001cee6       0x2e _build/nrf52810_xxaa/ble_conn_state.c.o
                0x0001cee6                conn_handle_list_get
 .text.ble_evt_handler
                0x0001cf14       0xf0 _build/nrf52810_xxaa/ble_conn_state.c.o
 .text.ble_srv_is_notification_enabled
                0x0001d004        0x8 _build/nrf52810_xxaa/ble_srv_common.c.o
                0x0001d004                ble_srv_is_notification_enabled
 .text.sd_ble_gattc_exchange_mtu_request
                0x0001d00c        0x4 _build/nrf52810_xxaa/nrf_ble_gatt.c.o
 .text.sd_ble_gatts_exchange_mtu_reply
                0x0001d010        0x4 _build/nrf52810_xxaa/nrf_ble_gatt.c.o
 .text.nrf_ble_gatt_init
                0x0001d014       0x22 _build/nrf52810_xxaa/nrf_ble_gatt.c.o
                0x0001d014                nrf_ble_gatt_init
 *fill*         0x0001d036        0x2 
 .text.nrf_ble_gatt_on_ble_evt
                0x0001d038      0x1d4 _build/nrf52810_xxaa/nrf_ble_gatt.c.o
                0x0001d038                nrf_ble_gatt_on_ble_evt
 .text.sd_ble_gatts_rw_authorize_reply
                0x0001d20c        0x4 _build/nrf52810_xxaa/nrf_ble_qwr.c.o
 .text.sd_ble_user_mem_reply
                0x0001d210        0x4 _build/nrf52810_xxaa/nrf_ble_qwr.c.o
 .text.user_mem_reply.part.0
                0x0001d214       0x24 _build/nrf52810_xxaa/nrf_ble_qwr.c.o
 .text.nrf_ble_qwr_init
                0x0001d238       0x24 _build/nrf52810_xxaa/nrf_ble_qwr.c.o
                0x0001d238                nrf_ble_qwr_init
 .text.nrf_ble_qwr_conn_handle_assign
                0x0001d25c       0x16 _build/nrf52810_xxaa/nrf_ble_qwr.c.o
                0x0001d25c                nrf_ble_qwr_conn_handle_assign
 .text.nrf_ble_qwr_on_ble_evt
                0x0001d272       0xa0 _build/nrf52810_xxaa/nrf_ble_qwr.c.o
                0x0001d272                nrf_ble_qwr_on_ble_evt
 .text.sd_softdevice_enable
                0x0001d312        0x4 _build/nrf52810_xxaa/nrf_sdh.c.o
 .text.sd_softdevice_disable
                0x0001d316        0x4 _build/nrf52810_xxaa/nrf_sdh.c.o
 *fill*         0x0001d31a        0x2 
 .text.sdh_request_observer_notify
                0x0001d31c       0x70 _build/nrf52810_xxaa/nrf_sdh.c.o
 .text.sdh_state_observer_notify
                0x0001d38c       0x4c _build/nrf52810_xxaa/nrf_sdh.c.o
 .text.softdevices_evt_irq_enable
                0x0001d3d8       0x38 _build/nrf52810_xxaa/nrf_sdh.c.o
 .text.softdevice_evt_irq_disable
                0x0001d410       0x2c _build/nrf52810_xxaa/nrf_sdh.c.o
 .text.nrf_sdh_enable_request
                0x0001d43c       0x78 _build/nrf52810_xxaa/nrf_sdh.c.o
                0x0001d43c                nrf_sdh_enable_request
 .text.nrf_sdh_disable_request
                0x0001d4b4       0x60 _build/nrf52810_xxaa/nrf_sdh.c.o
                0x0001d4b4                nrf_sdh_disable_request
 .text.nrf_sdh_request_continue
                0x0001d514       0x20 _build/nrf52810_xxaa/nrf_sdh.c.o
                0x0001d514                nrf_sdh_request_continue
 .text.nrf_sdh_is_enabled
                0x0001d534        0xc _build/nrf52810_xxaa/nrf_sdh.c.o
                0x0001d534                nrf_sdh_is_enabled
 .text.nrf_sdh_evts_poll
                0x0001d540       0x28 _build/nrf52810_xxaa/nrf_sdh.c.o
                0x0001d540                nrf_sdh_evts_poll
 .text.SWI2_IRQHandler
                0x0001d568        0x4 _build/nrf52810_xxaa/nrf_sdh.c.o
                0x0001d568                SWI2_IRQHandler
 .text.sd_ble_enable
                0x0001d56c        0x4 _build/nrf52810_xxaa/nrf_sdh_ble.c.o
 .text.sd_ble_cfg_set
                0x0001d570        0x4 _build/nrf52810_xxaa/nrf_sdh_ble.c.o
 .text.sd_ble_evt_get
                0x0001d574        0x4 _build/nrf52810_xxaa/nrf_sdh_ble.c.o
 .text.nrf_sdh_ble_evts_poll
                0x0001d578       0x50 _build/nrf52810_xxaa/nrf_sdh_ble.c.o
 .text.nrf_sdh_ble_default_cfg_set
                0x0001d5c8      0x15c _build/nrf52810_xxaa/nrf_sdh_ble.c.o
                0x0001d5c8                nrf_sdh_ble_default_cfg_set
 .text.nrf_sdh_ble_enable
                0x0001d724       0x94 _build/nrf52810_xxaa/nrf_sdh_ble.c.o
                0x0001d724                nrf_sdh_ble_enable
 .text.sd_evt_get
                0x0001d7b8        0x4 _build/nrf52810_xxaa/nrf_sdh_soc.c.o
 .text.nrf_sdh_soc_evts_poll
                0x0001d7bc       0x3c _build/nrf52810_xxaa/nrf_sdh_soc.c.o
 .text.bsp_event_to_button_action_assign
                0x0001d7f8       0x4c _build/nrf52810_xxaa/bsp.c.o
                0x0001d7f8                bsp_event_to_button_action_assign
 .text.advertising_buttons_configure
                0x0001d844       0x36 _build/nrf52810_xxaa/bsp_btn_ble.c.o
 *fill*         0x0001d87a        0x2 
 .text.ble_evt_handler
                0x0001d87c       0x80 _build/nrf52810_xxaa/bsp_btn_ble.c.o
 .text.nrf_saadc_event_clear
                0x0001d8fc       0x18 _build/nrf52810_xxaa/nrfx_saadc.c.o
 .text.SAADC_IRQHandler
                0x0001d914      0x164 _build/nrf52810_xxaa/nrfx_saadc.c.o
                0x0001d914                SAADC_IRQHandler
 .text.nrfx_saadc_init
                0x0001da78       0x90 _build/nrf52810_xxaa/nrfx_saadc.c.o
                0x0001da78                nrfx_saadc_init
 .text.nrfx_saadc_channel_init
                0x0001db08       0xbc _build/nrf52810_xxaa/nrfx_saadc.c.o
                0x0001db08                nrfx_saadc_channel_init
 .text.nrfx_saadc_sample_convert
                0x0001dbc4       0xdc _build/nrf52810_xxaa/nrfx_saadc.c.o
                0x0001dbc4                nrfx_saadc_sample_convert
 .text.nrfx_saadc_limits_set
                0x0001dca0       0x78 _build/nrf52810_xxaa/nrfx_saadc.c.o
                0x0001dca0                nrfx_saadc_limits_set
 .text.nrfx_saadc_channel_uninit
                0x0001dd18       0x54 _build/nrf52810_xxaa/nrfx_saadc.c.o
                0x0001dd18                nrfx_saadc_channel_uninit
 .text.nrfx_saadc_uninit
                0x0001dd6c       0x6c _build/nrf52810_xxaa/nrfx_saadc.c.o
                0x0001dd6c                nrfx_saadc_uninit
 .text.nrfx_rng_handler
                0x0001ddd8       0x40 _build/nrf52810_xxaa/nrf_drv_rng.c.o
 .text.sd_state_evt_handler
                0x0001de18       0x54 _build/nrf52810_xxaa/nrf_drv_rng.c.o
 .text.nrfx_rng_init
                0x0001de6c       0x5c _build/nrf52810_xxaa/nrfx_rng.c.o
                0x0001de6c                nrfx_rng_init
 .text.nrfx_rng_start
                0x0001dec8       0x24 _build/nrf52810_xxaa/nrfx_rng.c.o
                0x0001dec8                nrfx_rng_start
 .text.nrfx_rng_stop
                0x0001deec       0x10 _build/nrf52810_xxaa/nrfx_rng.c.o
                0x0001deec                nrfx_rng_stop
 .text.nrfx_rng_uninit
                0x0001defc       0x30 _build/nrf52810_xxaa/nrfx_rng.c.o
                0x0001defc                nrfx_rng_uninit
 .text.RNG_IRQHandler
                0x0001df2c       0x2c _build/nrf52810_xxaa/nrfx_rng.c.o
                0x0001df2c                RNG_IRQHandler
 .text.queue_utilization_get
                0x0001df58       0x18 _build/nrf52810_xxaa/nrf_queue.c.o
 .text.nrf_queue_is_full
                0x0001df70       0x18 _build/nrf52810_xxaa/nrf_queue.c.o
                0x0001df70                nrf_queue_is_full
 .text.nrf_queue_push
                0x0001df88       0xac _build/nrf52810_xxaa/nrf_queue.c.o
                0x0001df88                nrf_queue_push
 .text.poi_log_init
                0x0001e034       0x1a _build/nrf52810_xxaa/poi_log.c.o
                0x0001e034                poi_log_init
 .text.sd_ble_gatts_service_add
                0x0001e04e        0x4 _build/nrf52810_xxaa/poi_service.c.o
 .text.sd_ble_gatts_characteristic_add
                0x0001e052        0x4 _build/nrf52810_xxaa/poi_service.c.o
 .text.sd_ble_uuid_vs_add
                0x0001e056        0x4 _build/nrf52810_xxaa/poi_service.c.o
 .text.nrf_qwr_error_handler
                0x0001e05a        0x4 _build/nrf52810_xxaa/poi_service.c.o
                0x0001e05a                nrf_qwr_error_handler
 .text.ble_our_service_on_ble_evt
                0x0001e05e       0x26 _build/nrf52810_xxaa/poi_service.c.o
                0x0001e05e                ble_our_service_on_ble_evt
 .text.password_char_add
                0x0001e084       0xa8 _build/nrf52810_xxaa/poi_service.c.o
                0x0001e084                password_char_add
 .text.uuid_char_add
                0x0001e12c       0xd0 _build/nrf52810_xxaa/poi_service.c.o
                0x0001e12c                uuid_char_add
 .text.beacon_char_add
                0x0001e1fc       0xd0 _build/nrf52810_xxaa/poi_service.c.o
                0x0001e1fc                beacon_char_add
 .text.poilabs_service_init
                0x0001e2cc       0x70 _build/nrf52810_xxaa/poi_service.c.o
                0x0001e2cc                poilabs_service_init
 .text.poi_service_init
                0x0001e33c       0x28 _build/nrf52810_xxaa/poi_service.c.o
                0x0001e33c                poi_service_init
 .text.sd_ble_gap_disconnect
                0x0001e364        0x4 _build/nrf52810_xxaa/poi_softdevice.c.o
 .text.sd_ble_gap_ppcp_set
                0x0001e368        0x4 _build/nrf52810_xxaa/poi_softdevice.c.o
 .text.sd_ble_gap_device_name_set
                0x0001e36c        0x4 _build/nrf52810_xxaa/poi_softdevice.c.o
 .text.sd_ble_gap_phy_update
                0x0001e370        0x4 _build/nrf52810_xxaa/poi_softdevice.c.o
 .text.conn_params_error_handler
                0x0001e374        0x4 _build/nrf52810_xxaa/poi_softdevice.c.o
                0x0001e374                conn_params_error_handler
 .text.ble_evt_handler
                0x0001e378       0xa8 _build/nrf52810_xxaa/poi_softdevice.c.o
                0x0001e378                ble_evt_handler
 .text.on_conn_params_evt
                0x0001e420       0x20 _build/nrf52810_xxaa/poi_softdevice.c.o
                0x0001e420                on_conn_params_evt
 .text.poi_conn_params_init
                0x0001e440       0x50 _build/nrf52810_xxaa/poi_softdevice.c.o
                0x0001e440                poi_conn_params_init
 .text.poi_gap_params_init
                0x0001e490       0x50 _build/nrf52810_xxaa/poi_softdevice.c.o
                0x0001e490                poi_gap_params_init
 .text.poi_softdevice_init
                0x0001e4e0       0x32 _build/nrf52810_xxaa/poi_softdevice.c.o
                0x0001e4e0                poi_softdevice_init
 *fill*         0x0001e512        0x2 
 .text.get_m_poilabs_service
                0x0001e514        0x8 _build/nrf52810_xxaa/poi_softdevice.c.o
                0x0001e514                get_m_poilabs_service
 .text.poi_gatt_init
                0x0001e51c       0x18 _build/nrf52810_xxaa/poi_gatt_init.c.o
                0x0001e51c                poi_gatt_init
 .text.sd_ble_gap_adv_set_configure
                0x0001e534        0x4 _build/nrf52810_xxaa/poi_advertising.c.o
 .text.sd_ble_gap_adv_start
                0x0001e538        0x4 _build/nrf52810_xxaa/poi_advertising.c.o
 .text.sd_ble_gap_adv_stop
                0x0001e53c        0x4 _build/nrf52810_xxaa/poi_advertising.c.o
 .text.poi_advertising_init
                0x0001e540      0x148 _build/nrf52810_xxaa/poi_advertising.c.o
                0x0001e540                poi_advertising_init
 .text.poi_advertising_start
                0x0001e688       0x1c _build/nrf52810_xxaa/poi_advertising.c.o
                0x0001e688                poi_advertising_start
 .text.poi_advertising_stop
                0x0001e6a4       0x1c _build/nrf52810_xxaa/poi_advertising.c.o
                0x0001e6a4                poi_advertising_stop
 .text.sd_ble_gap_disconnect
                0x0001e6c0        0x4 _build/nrf52810_xxaa/poi_char_action.c.o
 .text.pass_control
                0x0001e6c4       0x26 _build/nrf52810_xxaa/poi_char_action.c.o
                0x0001e6c4                pass_control
 .text.char_write_action
                0x0001e6ea       0xa0 _build/nrf52810_xxaa/poi_char_action.c.o
                0x0001e6ea                char_write_action
 .text.password_timeout_timer_handler
                0x0001e78a       0x10 _build/nrf52810_xxaa/poi_timer.c.o
                0x0001e78a                password_timeout_timer_handler
 .text.encryption_timeout_timer_handler
                0x0001e79a       0x10 _build/nrf52810_xxaa/poi_timer.c.o
                0x0001e79a                encryption_timeout_timer_handler
 *fill*         0x0001e7aa        0x2 
 .text.password_timeout_timer_init
                0x0001e7ac       0x20 _build/nrf52810_xxaa/poi_timer.c.o
                0x0001e7ac                password_timeout_timer_init
 .text.password_timeout_timer_start
                0x0001e7cc       0x20 _build/nrf52810_xxaa/poi_timer.c.o
                0x0001e7cc                password_timeout_timer_start
 .text.password_timeout_timer_stop
                0x0001e7ec        0xc _build/nrf52810_xxaa/poi_timer.c.o
                0x0001e7ec                password_timeout_timer_stop
 .text.encryption_timeout_timer_init
                0x0001e7f8       0x20 _build/nrf52810_xxaa/poi_timer.c.o
                0x0001e7f8                encryption_timeout_timer_init
 .text.encryption_timeout_timer_start
                0x0001e818       0x20 _build/nrf52810_xxaa/poi_timer.c.o
                0x0001e818                encryption_timeout_timer_start
 .text.encryption_timeout_timer_stop
                0x0001e838        0xc _build/nrf52810_xxaa/poi_timer.c.o
                0x0001e838                encryption_timeout_timer_stop
 .text.poi_timer_init
                0x0001e844       0x18 _build/nrf52810_xxaa/poi_timer.c.o
                0x0001e844                poi_timer_init
 .text.sd_app_evt_wait
                0x0001e85c        0x4 _build/nrf52810_xxaa/poi_flash_storage.c.o
 .text.wait_for_flash_ready
                0x0001e860       0x14 _build/nrf52810_xxaa/poi_flash_storage.c.o
                0x0001e860                wait_for_flash_ready
 .text.poi_flash_init
                0x0001e874       0x20 _build/nrf52810_xxaa/poi_flash_storage.c.o
                0x0001e874                poi_flash_init
 .text.poi_flash_write_beacon_info
                0x0001e894       0x54 _build/nrf52810_xxaa/poi_flash_storage.c.o
                0x0001e894                poi_flash_write_beacon_info
 .text.poi_flash_read_beacon_info
                0x0001e8e8       0x4c _build/nrf52810_xxaa/poi_flash_storage.c.o
                0x0001e8e8                poi_flash_read_beacon_info
 .text.poi_flash_erase_beacon_info
                0x0001e934       0x38 _build/nrf52810_xxaa/poi_flash_storage.c.o
                0x0001e934                poi_flash_erase_beacon_info
 .text.poi_battery_service_init
                0x0001e96c       0x4c _build/nrf52810_xxaa/poi_battery.c.o
                0x0001e96c                poi_battery_service_init
 .text.get_battery_percentage
                0x0001e9b8       0x3e _build/nrf52810_xxaa/poi_battery.c.o
                0x0001e9b8                get_battery_percentage
 .text.poi_update_battery_value
                0x0001e9f6       0x1a _build/nrf52810_xxaa/poi_battery.c.o
                0x0001e9f6                poi_update_battery_value
 .text.poi_encryption_init
                0x0001ea10       0x94 _build/nrf52810_xxaa/poi_encryption.c.o
                0x0001ea10                poi_encryption_init
 .text.exit     0x0001eaa4       0x28 c:/program files (x86)/gnu tools arm embedded/7 2018-q2-update/bin/../lib/gcc/arm-none-eabi/7.3.1/../../../../arm-none-eabi/lib/thumb/v7e-m\libc_nano.a(lib_a-exit.o)
                0x0001eaa4                exit
 .text.__libc_init_array
                0x0001eacc       0x48 c:/program files (x86)/gnu tools arm embedded/7 2018-q2-update/bin/../lib/gcc/arm-none-eabi/7.3.1/../../../../arm-none-eabi/lib/thumb/v7e-m\libc_nano.a(lib_a-init.o)
                0x0001eacc                __libc_init_array
 .text.__locale_ctype_ptr
                0x0001eb14       0x1c c:/program files (x86)/gnu tools arm embedded/7 2018-q2-update/bin/../lib/gcc/arm-none-eabi/7.3.1/../../../../arm-none-eabi/lib/thumb/v7e-m\libc_nano.a(lib_a-locale.o)
                0x0001eb14                __locale_ctype_ptr
 .text.__ascii_mbtowc
                0x0001eb30       0x24 c:/program files (x86)/gnu tools arm embedded/7 2018-q2-update/bin/../lib/gcc/arm-none-eabi/7.3.1/../../../../arm-none-eabi/lib/thumb/v7e-m\libc_nano.a(lib_a-mbtowc_r.o)
                0x0001eb30                __ascii_mbtowc
 .text.memcmp   0x0001eb54       0x1e c:/program files (x86)/gnu tools arm embedded/7 2018-q2-update/bin/../lib/gcc/arm-none-eabi/7.3.1/../../../../arm-none-eabi/lib/thumb/v7e-m\libc_nano.a(lib_a-memcmp.o)
                0x0001eb54                memcmp
 .text.memcpy   0x0001eb72       0x16 c:/program files (x86)/gnu tools arm embedded/7 2018-q2-update/bin/../lib/gcc/arm-none-eabi/7.3.1/../../../../arm-none-eabi/lib/thumb/v7e-m\libc_nano.a(lib_a-memcpy-stub.o)
                0x0001eb72                memcpy
 .text.memset   0x0001eb88       0x10 c:/program files (x86)/gnu tools arm embedded/7 2018-q2-update/bin/../lib/gcc/arm-none-eabi/7.3.1/../../../../arm-none-eabi/lib/thumb/v7e-m\libc_nano.a(lib_a-memset.o)
                0x0001eb88                memset
 .text          0x0001eb98       0x10 c:/program files (x86)/gnu tools arm embedded/7 2018-q2-update/bin/../lib/gcc/arm-none-eabi/7.3.1/../../../../arm-none-eabi/lib/thumb/v7e-m\libc_nano.a(lib_a-strlen.o)
                0x0001eb98                strlen
 .text.__ascii_wctomb
                0x0001eba8       0x1a c:/program files (x86)/gnu tools arm embedded/7 2018-q2-update/bin/../lib/gcc/arm-none-eabi/7.3.1/../../../../arm-none-eabi/lib/thumb/v7e-m\libc_nano.a(lib_a-wctomb_r.o)
                0x0001eba8                __ascii_wctomb
 *fill*         0x0001ebc2        0x2 
 .text._exit    0x0001ebc4        0x4 c:/program files (x86)/gnu tools arm embedded/7 2018-q2-update/bin/../lib/gcc/arm-none-eabi/7.3.1/../../../../arm-none-eabi/lib/thumb/v7e-m\libnosys.a(_exit.o)
                0x0001ebc4                _exit
 *(.init)
 .init          0x0001ebc8        0x4 c:/program files (x86)/gnu tools arm embedded/7 2018-q2-update/bin/../lib/gcc/arm-none-eabi/7.3.1/thumb/v7e-m/crti.o
                0x0001ebc8                _init
 .init          0x0001ebcc        0x8 c:/program files (x86)/gnu tools arm embedded/7 2018-q2-update/bin/../lib/gcc/arm-none-eabi/7.3.1/thumb/v7e-m/crtn.o
 *(.fini)
 .fini          0x0001ebd4        0x4 c:/program files (x86)/gnu tools arm embedded/7 2018-q2-update/bin/../lib/gcc/arm-none-eabi/7.3.1/thumb/v7e-m/crti.o
                0x0001ebd4                _fini
 .fini          0x0001ebd8        0x8 c:/program files (x86)/gnu tools arm embedded/7 2018-q2-update/bin/../lib/gcc/arm-none-eabi/7.3.1/thumb/v7e-m/crtn.o
 *crtbegin.o(.ctors)
 *crtbegin?.o(.ctors)
 *(EXCLUDE_FILE(*crtend.o *crtend?.o) .ctors)
 *(SORT_BY_NAME(.ctors.*))
 *(.ctors)
 *crtbegin.o(.dtors)
 *crtbegin?.o(.dtors)
 *(EXCLUDE_FILE(*crtend.o *crtend?.o) .dtors)
 *(SORT_BY_NAME(.dtors.*))
 *(.dtors)
 *(.rodata*)
 .rodata        0x0001ebe0       0x20 _build/nrf52810_xxaa/nrf_log_backend_uart.c.o
 .rodata.nrf_log_backend_uart_api
                0x0001ec00        0xc _build/nrf52810_xxaa/nrf_log_backend_uart.c.o
                0x0001ec00                nrf_log_backend_uart_api
 .rodata.str1.1
                0x0001ec0c       0x11 _build/nrf52810_xxaa/nrf_log_default_backends.c.o
 *fill*         0x0001ec1d        0x3 
 .rodata.m_log_push_ringbuf
                0x0001ec20        0xc _build/nrf52810_xxaa/nrf_log_frontend.c.o
 .rodata.nrf_log_frontend_dequeue.str1.1
                0x0001ec2c       0x11 _build/nrf52810_xxaa/nrf_log_frontend.c.o
 .rodata.str1.1
                0x0001ec3d        0x4 _build/nrf52810_xxaa/nrf_log_frontend.c.o
 *fill*         0x0001ec41        0x3 
 .rodata.m_colors
                0x0001ec44       0x24 _build/nrf52810_xxaa/nrf_log_str_formatter.c.o
 .rodata.nrf_log_hexdump_entry_process.str1.1
                0x0001ec68        0xf _build/nrf52810_xxaa/nrf_log_str_formatter.c.o
                                 0x11 (size before relaxing)
 .rodata.postfix_process.str1.1
                0x0001ec77        0x8 _build/nrf52810_xxaa/nrf_log_str_formatter.c.o
                                  0xb (size before relaxing)
 .rodata.prefix_process.str1.1
                0x0001ec7f       0x2a _build/nrf52810_xxaa/nrf_log_str_formatter.c.o
 *fill*         0x0001eca9        0x3 
 .rodata.severity_names
                0x0001ecac       0x14 _build/nrf52810_xxaa/nrf_log_str_formatter.c.o
 .rodata.str1.1
                0x0001ecc0       0x4b _build/nrf52810_xxaa/nrf_log_str_formatter.c.o
                                 0x51 (size before relaxing)
 .rodata.str1.1
                0x0001ed0b        0xb _build/nrf52810_xxaa/app_button.c.o
 .rodata.app_error_fault_handler.str1.1
                0x0001ed16       0x19 _build/nrf52810_xxaa/app_error_weak.c.o
 *fill*         0x0001ed2f        0x1 
 .rodata        0x0001ed30        0x4 _build/nrf52810_xxaa/app_timer2.c.o
 .rodata.m_app_timer_sortlist
                0x0001ed34        0xc _build/nrf52810_xxaa/app_timer2.c.o
 .rodata.str1.1
                0x0001ed40        0xa _build/nrf52810_xxaa/app_timer2.c.o
 *fill*         0x0001ed4a        0x6 
 .rodata.delay_machine_code.6963
                0x0001ed50        0x6 _build/nrf52810_xxaa/drv_rtc.c.o
 .rodata.drv_rtc_init.str1.1
                0x0001ed56       0x34 _build/nrf52810_xxaa/drv_rtc.c.o
 .rodata._aV2C.6041
                0x0001ed8a       0x10 _build/nrf52810_xxaa/nrf_fprintf_format.c.o
 .rodata.__func__.6213
                0x0001ed9a       0x12 _build/nrf52810_xxaa/nrf_fstorage.c.o
 .rodata.__func__.6226
                0x0001edac       0x12 _build/nrf52810_xxaa/nrf_fstorage.c.o
 .rodata.__func__.6234
                0x0001edbe       0x13 _build/nrf52810_xxaa/nrf_fstorage.c.o
 .rodata.__func__.6241
                0x0001edd1       0x13 _build/nrf52810_xxaa/nrf_fstorage.c.o
 .rodata.nrf_fstorage_erase.str1.1
                0x0001ede4       0x75 _build/nrf52810_xxaa/nrf_fstorage.c.o
 .rodata.nrf_fstorage_init.str1.1
                0x0001ee59       0x2e _build/nrf52810_xxaa/nrf_fstorage.c.o
                                 0x34 (size before relaxing)
 .rodata.nrf_fstorage_read.str1.1
                0x0001ee87       0x48 _build/nrf52810_xxaa/nrf_fstorage.c.o
 .rodata.nrf_fstorage_uninit.str1.1
                0x0001eecf        0xc _build/nrf52810_xxaa/nrf_fstorage.c.o
 .rodata.nrf_fstorage_write.str1.1
                0x0001eedb       0x92 _build/nrf52810_xxaa/nrf_fstorage.c.o
 .rodata.str1.1
                0x0001ef6d        0xd _build/nrf52810_xxaa/nrf_fstorage.c.o
 *fill*         0x0001ef7a        0x2 
 .rodata.m_flash_info
                0x0001ef7c        0xc _build/nrf52810_xxaa/nrf_fstorage_sd.c.o
 .rodata.nrf_fstorage_sd
                0x0001ef88       0x20 _build/nrf52810_xxaa/nrf_fstorage_sd.c.o
                0x0001ef88                nrf_fstorage_sd
 .rodata.pwr_mgmt_data
                0x0001efa8        0xc _build/nrf52810_xxaa/nrf_pwr_mgmt.c.o
 .rodata.str1.1
                0x0001efb4        0x9 _build/nrf52810_xxaa/nrf_pwr_mgmt.c.o
 .rodata.str1.1
                0x0001efbd        0x9 _build/nrf52810_xxaa/nrf_sortlist.c.o
 .rodata.m_unknown_str
                0x0001efc6       0x13 _build/nrf52810_xxaa/nrf_strerror.c.o
 *fill*         0x0001efd9        0x3 
 .rodata.nrf_strerror_array
                0x0001efdc      0x128 _build/nrf52810_xxaa/nrf_strerror.c.o
 .rodata.str1.1
                0x0001f104      0x3ba _build/nrf52810_xxaa/nrf_strerror.c.o
 .rodata.CSWTCH.14
                0x0001f4be        0x5 _build/nrf52810_xxaa/system_nrf52810.c.o
 .rodata.CSWTCH.18
                0x0001f4c3        0x5 _build/nrf52810_xxaa/system_nrf52810.c.o
 .rodata.CSWTCH.4
                0x0001f4c8        0x5 _build/nrf52810_xxaa/system_nrf52810.c.o
 .rodata.str1.1
                0x0001f4cd        0x6 _build/nrf52810_xxaa/nrf_drv_clock.c.o
 .rodata.str1.1
                0x0001f4d3        0x6 _build/nrf52810_xxaa/nrfx_clock.c.o
 .rodata.str1.1
                0x0001f4d9        0x7 _build/nrf52810_xxaa/nrfx_gpiote.c.o
 .rodata.str1.1
                0x0001f4e0        0x4 _build/nrf52810_xxaa/nrfx_prs.c.o
 .rodata.str1.1
                0x0001f4e4        0x5 _build/nrf52810_xxaa/nrfx_uart.c.o
 .rodata.str1.1
                0x0001f4e9        0x6 _build/nrf52810_xxaa/nrfx_uarte.c.o
 .rodata.idle_state_handle.str1.1
                0x0001f4ef       0x6f _build/nrf52810_xxaa/main.c.o
 .rodata.main.str1.1
                0x0001f55e       0x12 _build/nrf52810_xxaa/main.c.o
 .rodata.nrf_ble_gatt_on_ble_evt.str1.1
                0x0001f570      0x1e8 _build/nrf52810_xxaa/nrf_ble_gatt.c.o
 .rodata.str1.1
                0x0001f758        0xd _build/nrf52810_xxaa/nrf_ble_gatt.c.o
 .rodata        0x0001f765        0x4 _build/nrf52810_xxaa/nrf_sdh.c.o
 *fill*         0x0001f769        0x3 
 .rodata.sdh_req_observers
                0x0001f76c        0xc _build/nrf52810_xxaa/nrf_sdh.c.o
 .rodata.sdh_request_observer_notify.str1.1
                0x0001f778       0x59 _build/nrf52810_xxaa/nrf_sdh.c.o
 *fill*         0x0001f7d1        0x3 
 .rodata.sdh_stack_observers
                0x0001f7d4        0xc _build/nrf52810_xxaa/nrf_sdh.c.o
 .rodata.sdh_state_observer_notify.str1.1
                0x0001f7e0       0x15 _build/nrf52810_xxaa/nrf_sdh.c.o
 *fill*         0x0001f7f5        0x3 
 .rodata.sdh_state_observers
                0x0001f7f8        0xc _build/nrf52810_xxaa/nrf_sdh.c.o
 .rodata.str1.1
                0x0001f804        0x8 _build/nrf52810_xxaa/nrf_sdh.c.o
 .rodata.nrf_sdh_ble_default_cfg_set.str1.1
                0x0001f80c      0x182 _build/nrf52810_xxaa/nrf_sdh_ble.c.o
 .rodata.nrf_sdh_ble_enable.str1.1
                0x0001f98e       0xa7 _build/nrf52810_xxaa/nrf_sdh_ble.c.o
 *fill*         0x0001fa35        0x3 
 .rodata.sdh_ble_observers
                0x0001fa38        0xc _build/nrf52810_xxaa/nrf_sdh_ble.c.o
 .rodata.str1.1
                0x0001fa44        0xc _build/nrf52810_xxaa/nrf_sdh_ble.c.o
 .rodata.sdh_soc_observers
                0x0001fa50        0xc _build/nrf52810_xxaa/nrf_sdh_soc.c.o
 .rodata.str1.1
                0x0001fa5c        0xc _build/nrf52810_xxaa/nrf_sdh_soc.c.o
 .rodata.str1.1
                0x0001fa68        0x6 _build/nrf52810_xxaa/nrfx_saadc.c.o
 .rodata.str1.1
                0x0001fa6e        0x4 _build/nrf52810_xxaa/nrf_drv_rng.c.o
 .rodata.str1.1
                0x0001fa72        0x4 _build/nrf52810_xxaa/nrfx_rng.c.o
 .rodata        0x0001fa76       0x10 _build/nrf52810_xxaa/poi_service.c.o
 .rodata.poi_gap_params_init.str1.1
                0x0001fa86        0xe _build/nrf52810_xxaa/poi_softdevice.c.o
 *fill*         0x0001fa94        0xc 
 .rodata.delay_machine_code.8591
                0x0001faa0        0x6 _build/nrf52810_xxaa/poi_advertising.c.o
 *fill*         0x0001faa6        0x2 
 .rodata.encryption_timeout_timer_id
                0x0001faa8        0x4 _build/nrf52810_xxaa/poi_timer.c.o
 .rodata.password_timeout_timer_id
                0x0001faac        0x4 _build/nrf52810_xxaa/poi_timer.c.o
 .rodata.delay_machine_code.7054
                0x0001fab0        0x6 _build/nrf52810_xxaa/poi_flash_storage.c.o
 .rodata        0x0001fab6        0x9 _build/nrf52810_xxaa/poi_battery.c.o
 *fill*         0x0001fabf        0x1 
 .rodata._global_impure_ptr
                0x0001fac0        0x4 c:/program files (x86)/gnu tools arm embedded/7 2018-q2-update/bin/../lib/gcc/arm-none-eabi/7.3.1/../../../../arm-none-eabi/lib/thumb/v7e-m\libc_nano.a(lib_a-impure.o)
                0x0001fac0                _global_impure_ptr
 .rodata._setlocale_r.str1.1
                0x0001fac4        0x6 c:/program files (x86)/gnu tools arm embedded/7 2018-q2-update/bin/../lib/gcc/arm-none-eabi/7.3.1/../../../../arm-none-eabi/lib/thumb/v7e-m\libc_nano.a(lib_a-locale.o)
                                  0x9 (size before relaxing)
 .rodata.str1.1
                0x0001faca        0x6 c:/program files (x86)/gnu tools arm embedded/7 2018-q2-update/bin/../lib/gcc/arm-none-eabi/7.3.1/../../../../arm-none-eabi/lib/thumb/v7e-m\libc_nano.a(lib_a-locale.o)
                                  0x2 (size before relaxing)
 .rodata._ctype_
                0x0001faca      0x101 c:/program files (x86)/gnu tools arm embedded/7 2018-q2-update/bin/../lib/gcc/arm-none-eabi/7.3.1/../../../../arm-none-eabi/lib/thumb/v7e-m\libc_nano.a(lib_a-ctype_.o)
                0x0001faca                _ctype_
 *(.eh_frame*)
 *fill*         0x0001fbcb        0x1 
 .eh_frame      0x0001fbcc        0x0 c:/program files (x86)/gnu tools arm embedded/7 2018-q2-update/bin/../lib/gcc/arm-none-eabi/7.3.1/thumb/v7e-m/crtbegin.o
 .eh_frame      0x0001fbcc        0x4 c:/program files (x86)/gnu tools arm embedded/7 2018-q2-update/bin/../lib/gcc/arm-none-eabi/7.3.1/thumb/v7e-m/crtend.o

.glue_7         0x0001fbd0        0x0
 .glue_7        0x0001fbd0        0x0 linker stubs

.glue_7t        0x0001fbd0        0x0
 .glue_7t       0x0001fbd0        0x0 linker stubs

.vfp11_veneer   0x0001fbd0        0x0
 .vfp11_veneer  0x0001fbd0        0x0 linker stubs

.v4_bx          0x0001fbd0        0x0
 .v4_bx         0x0001fbd0        0x0 linker stubs

.iplt           0x0001fbd0        0x0
 .iplt          0x0001fbd0        0x0 c:/program files (x86)/gnu tools arm embedded/7 2018-q2-update/bin/../lib/gcc/arm-none-eabi/7.3.1/thumb/v7e-m/crtbegin.o

.mem_section_dummy_rom

.sdh_soc_observers
                0x0001fbd0       0x10
                0x0001fbd0                PROVIDE (__start_sdh_soc_observers = .)
 *(SORT_BY_NAME(.sdh_soc_observers*))
 .sdh_soc_observers0
                0x0001fbd0        0x8 _build/nrf52810_xxaa/nrf_fstorage_sd.c.o
 .sdh_soc_observers0
                0x0001fbd8        0x8 _build/nrf52810_xxaa/nrf_drv_clock.c.o
                0x0001fbe0                PROVIDE (__stop_sdh_soc_observers = .)

.pwr_mgmt_data  0x0001fbe0        0x0
                0x0001fbe0                PROVIDE (__start_pwr_mgmt_data = .)
 *(SORT_BY_NAME(.pwr_mgmt_data*))
                0x0001fbe0                PROVIDE (__stop_pwr_mgmt_data = .)

.sdh_ble_observers
                0x0001fbe0       0x38
                0x0001fbe0                PROVIDE (__start_sdh_ble_observers = .)
 *(SORT_BY_NAME(.sdh_ble_observers*))
 .sdh_ble_observers0
                0x0001fbe0        0x8 _build/nrf52810_xxaa/ble_conn_state.c.o
 .sdh_ble_observers1
                0x0001fbe8        0x8 _build/nrf52810_xxaa/main.c.o
 .sdh_ble_observers1
                0x0001fbf0        0x8 _build/nrf52810_xxaa/ble_conn_params.c.o
 .sdh_ble_observers1
                0x0001fbf8        0x8 _build/nrf52810_xxaa/bsp_btn_ble.c.o
 .sdh_ble_observers2
                0x0001fc00        0x8 _build/nrf52810_xxaa/main.c.o
 .sdh_ble_observers3
                0x0001fc08       0x10 _build/nrf52810_xxaa/poi_softdevice.c.o
                0x0001fc18                PROVIDE (__stop_sdh_ble_observers = .)

.sdh_req_observers
                0x0001fc18        0x8
                0x0001fc18                PROVIDE (__start_sdh_req_observers = .)
 *(SORT_BY_NAME(.sdh_req_observers*))
 .sdh_req_observers0
                0x0001fc18        0x8 _build/nrf52810_xxaa/nrf_fstorage_sd.c.o
                0x0001fc18                m_req_obs
                0x0001fc20                PROVIDE (__stop_sdh_req_observers = .)

.sdh_state_observers
                0x0001fc20       0x18
                0x0001fc20                PROVIDE (__start_sdh_state_observers = .)
 *(SORT_BY_NAME(.sdh_state_observers*))
 .sdh_state_observers0
                0x0001fc20        0x8 _build/nrf52810_xxaa/nrf_fstorage_sd.c.o
 .sdh_state_observers0
                0x0001fc28        0x8 _build/nrf52810_xxaa/nrf_drv_clock.c.o
 .sdh_state_observers0
                0x0001fc30        0x8 _build/nrf52810_xxaa/nrf_drv_rng.c.o
                0x0001fc38                PROVIDE (__stop_sdh_state_observers = .)

.sdh_stack_observers
                0x0001fc38       0x10
                0x0001fc38                PROVIDE (__start_sdh_stack_observers = .)
 *(SORT_BY_NAME(.sdh_stack_observers*))
 .sdh_stack_observers0
                0x0001fc38        0x8 _build/nrf52810_xxaa/nrf_sdh_ble.c.o
 .sdh_stack_observers0
                0x0001fc40        0x8 _build/nrf52810_xxaa/nrf_sdh_soc.c.o
                0x0001fc48                PROVIDE (__stop_sdh_stack_observers = .)

.nrf_queue      0x0001fc48       0x14
                [!provide]                PROVIDE (__start_nrf_queue = .)
 *(.nrf_queue)
 .nrf_queue     0x0001fc48       0x14 _build/nrf52810_xxaa/nrf_drv_rng.c.o
                0x0001fc48                m_rand_pool
                [!provide]                PROVIDE (__stop_nrf_queue = .)

.nrf_balloc     0x0001fc5c       0x14
                [!provide]                PROVIDE (__start_nrf_balloc = .)
 *(.nrf_balloc)
 .nrf_balloc    0x0001fc5c       0x14 _build/nrf52810_xxaa/nrf_log_frontend.c.o
                0x0001fc5c                log_mempool
                [!provide]                PROVIDE (__stop_nrf_balloc = .)

.cli_command    0x0001fc70        0x0
                [!provide]                PROVIDE (__start_cli_command = .)
 *(.cli_command)
                [!provide]                PROVIDE (__stop_cli_command = .)

.crypto_data    0x0001fc70        0x0
                [!provide]                PROVIDE (__start_crypto_data = .)
 *(SORT_BY_NAME(.crypto_data*))
                [!provide]                PROVIDE (__stop_crypto_data = .)

.log_const_data
                0x0001fc70       0x98
                0x0001fc70                PROVIDE (__start_log_const_data = .)
 *(SORT_BY_NAME(.log_const_data*))
 .log_const_data_CLOCK
                0x0001fc70        0x8 _build/nrf52810_xxaa/nrfx_clock.c.o
                0x0001fc70                m_nrf_log_CLOCK_logs_data_const
 .log_const_data_GPIOTE
                0x0001fc78        0x8 _build/nrf52810_xxaa/nrfx_gpiote.c.o
                0x0001fc78                m_nrf_log_GPIOTE_logs_data_const
 .log_const_data_PRS
                0x0001fc80        0x8 _build/nrf52810_xxaa/nrfx_prs.c.o
                0x0001fc80                m_nrf_log_PRS_logs_data_const
 .log_const_data_RNG
                0x0001fc88        0x8 _build/nrf52810_xxaa/nrfx_rng.c.o
                0x0001fc88                m_nrf_log_RNG_logs_data_const
 .log_const_data_SAADC
                0x0001fc90        0x8 _build/nrf52810_xxaa/nrfx_saadc.c.o
                0x0001fc90                m_nrf_log_SAADC_logs_data_const
 .log_const_data_UART
                0x0001fc98        0x8 _build/nrf52810_xxaa/nrfx_uart.c.o
                0x0001fc98                m_nrf_log_UART_logs_data_const
 .log_const_data_UARTE
                0x0001fca0        0x8 _build/nrf52810_xxaa/nrfx_uarte.c.o
                0x0001fca0                m_nrf_log_UARTE_logs_data_const
 .log_const_data_app
                0x0001fca8        0x8 _build/nrf52810_xxaa/nrf_log_frontend.c.o
                0x0001fca8                m_nrf_log_app_logs_data_const
 .log_const_data_app_button
                0x0001fcb0        0x8 _build/nrf52810_xxaa/app_button.c.o
                0x0001fcb0                m_nrf_log_app_button_logs_data_const
 .log_const_data_app_timer
                0x0001fcb8        0x8 _build/nrf52810_xxaa/app_timer2.c.o
                0x0001fcb8                m_nrf_log_app_timer_logs_data_const
 .log_const_data_clock
                0x0001fcc0        0x8 _build/nrf52810_xxaa/nrf_drv_clock.c.o
                0x0001fcc0                m_nrf_log_clock_logs_data_const
 .log_const_data_nrf_ble_gatt
                0x0001fcc8        0x8 _build/nrf52810_xxaa/nrf_ble_gatt.c.o
                0x0001fcc8                m_nrf_log_nrf_ble_gatt_logs_data_const
 .log_const_data_nrf_fstorage
                0x0001fcd0        0x8 _build/nrf52810_xxaa/nrf_fstorage.c.o
                0x0001fcd0                m_nrf_log_nrf_fstorage_logs_data_const
 .log_const_data_nrf_sdh
                0x0001fcd8        0x8 _build/nrf52810_xxaa/nrf_sdh.c.o
                0x0001fcd8                m_nrf_log_nrf_sdh_logs_data_const
 .log_const_data_nrf_sdh_ble
                0x0001fce0        0x8 _build/nrf52810_xxaa/nrf_sdh_ble.c.o
                0x0001fce0                m_nrf_log_nrf_sdh_ble_logs_data_const
 .log_const_data_nrf_sdh_soc
                0x0001fce8        0x8 _build/nrf52810_xxaa/nrf_sdh_soc.c.o
                0x0001fce8                m_nrf_log_nrf_sdh_soc_logs_data_const
 .log_const_data_pwr_mgmt
                0x0001fcf0        0x8 _build/nrf52810_xxaa/nrf_pwr_mgmt.c.o
                0x0001fcf0                m_nrf_log_pwr_mgmt_logs_data_const
 .log_const_data_rng
                0x0001fcf8        0x8 _build/nrf52810_xxaa/nrf_drv_rng.c.o
                0x0001fcf8                m_nrf_log_rng_logs_data_const
 .log_const_data_sortlist
                0x0001fd00        0x8 _build/nrf52810_xxaa/nrf_sortlist.c.o
                0x0001fd00                m_nrf_log_sortlist_logs_data_const
                0x0001fd08                PROVIDE (__stop_log_const_data = .)

.log_backends   0x0001fd08       0x10
                [!provide]                PROVIDE (__start_log_backends = .)
 *(SORT_BY_NAME(.log_backends*))
 .log_backends  0x0001fd08       0x10 _build/nrf52810_xxaa/nrf_log_default_backends.c.o
                [!provide]                PROVIDE (__stop_log_backends = .)

.ARM.extab
 *(.ARM.extab* .gnu.linkonce.armextab.*)
                0x0001fd18                __exidx_start = .

.ARM.exidx      0x0001fd18        0x8
 *(.ARM.exidx* .gnu.linkonce.armexidx.*)
 .ARM.exidx     0x0001fd18        0x8 c:/program files (x86)/gnu tools arm embedded/7 2018-q2-update/bin/../lib/gcc/arm-none-eabi/7.3.1/../../../../arm-none-eabi/lib/thumb/v7e-m/crt0.o
                0x0001fd20                __exidx_end = .

.rel.dyn        0x0001fd20        0x0
 .rel.iplt      0x0001fd20        0x0 c:/program files (x86)/gnu tools arm embedded/7 2018-q2-update/bin/../lib/gcc/arm-none-eabi/7.3.1/thumb/v7e-m/crtbegin.o
                0x0001fd20                . = ALIGN (0x4)
                0x0001fd20                __etext = .

.data           0x20001ae0      0x2b0 load address 0x0001fd20
                0x20001ae0                __data_start__ = .
 *(vtable)
 *(.data*)
 .data.m_uart   0x20001ae0       0x14 _build/nrf52810_xxaa/nrf_log_backend_uart.c.o
                0x20001ae0                m_uart
 .data.log_backend_cb_uart_log_backend
                0x20001af4        0x8 _build/nrf52810_xxaa/nrf_log_default_backends.c.o
 .data.m_rtc_inst
                0x20001afc        0x8 _build/nrf52810_xxaa/app_timer2.c.o
 .data.SystemCoreClock
                0x20001b04        0x4 _build/nrf52810_xxaa/system_nrf52810.c.o
                0x20001b04                SystemCoreClock
 .data.m_beacon_info_default
                0x20001b08       0x17 _build/nrf52810_xxaa/main.c.o
                0x20001b08                m_beacon_info_default
 *fill*         0x20001b1f        0x1 
 .data.poi_beacon
                0x20001b20       0x3a _build/nrf52810_xxaa/main.c.o
                0x20001b20                poi_beacon
 .data.m_conn_handle
                0x20001b5a        0x2 _build/nrf52810_xxaa/poi_softdevice.c.o
                0x20001b5a                m_conn_handle
 .data.m_adv_data
                0x20001b5c       0x10 _build/nrf52810_xxaa/poi_advertising.c.o
                0x20001b5c                m_adv_data
 .data.m_adv_handle
                0x20001b6c        0x1 _build/nrf52810_xxaa/poi_advertising.c.o
                0x20001b6c                m_adv_handle
 *fill*         0x20001b6d        0x3 
 .data.encryption_timeout_timer_id_data
                0x20001b70       0x20 _build/nrf52810_xxaa/poi_timer.c.o
 .data.password_timeout_timer_id_data
                0x20001b90       0x20 _build/nrf52810_xxaa/poi_timer.c.o
 .data.poi_flash_key
                0x20001bb0        0x8 _build/nrf52810_xxaa/poi_flash_storage.c.o
                0x20001bb0                poi_flash_key
 .data._impure_ptr
                0x20001bb8        0x4 c:/program files (x86)/gnu tools arm embedded/7 2018-q2-update/bin/../lib/gcc/arm-none-eabi/7.3.1/../../../../arm-none-eabi/lib/thumb/v7e-m\libc_nano.a(lib_a-impure.o)
                0x20001bb8                _impure_ptr
 .data.impure_data
                0x20001bbc       0x60 c:/program files (x86)/gnu tools arm embedded/7 2018-q2-update/bin/../lib/gcc/arm-none-eabi/7.3.1/../../../../arm-none-eabi/lib/thumb/v7e-m\libc_nano.a(lib_a-impure.o)
 .data.__global_locale
                0x20001c1c      0x16c c:/program files (x86)/gnu tools arm embedded/7 2018-q2-update/bin/../lib/gcc/arm-none-eabi/7.3.1/../../../../arm-none-eabi/lib/thumb/v7e-m\libc_nano.a(lib_a-locale.o)
                0x20001c1c                __global_locale
                0x20001d88                . = ALIGN (0x4)
                0x20001d88                PROVIDE (__preinit_array_start = .)
 *(.preinit_array)
                0x20001d88                PROVIDE (__preinit_array_end = .)
                0x20001d88                . = ALIGN (0x4)
                0x20001d88                PROVIDE (__init_array_start = .)
 *(SORT_BY_NAME(.init_array.*))
 *(.init_array)
 .init_array    0x20001d88        0x4 c:/program files (x86)/gnu tools arm embedded/7 2018-q2-update/bin/../lib/gcc/arm-none-eabi/7.3.1/thumb/v7e-m/crtbegin.o
                0x20001d8c                PROVIDE (__init_array_end = .)
                0x20001d8c                . = ALIGN (0x4)
                [!provide]                PROVIDE (__fini_array_start = .)
 *(SORT_BY_NAME(.fini_array.*))
 *(.fini_array)
 .fini_array    0x20001d8c        0x4 c:/program files (x86)/gnu tools arm embedded/7 2018-q2-update/bin/../lib/gcc/arm-none-eabi/7.3.1/thumb/v7e-m/crtbegin.o
                [!provide]                PROVIDE (__fini_array_end = .)
 *(.jcr*)
                0x20001d90                . = ALIGN (0x4)
                0x20001d90                __data_end__ = .
LOAD c:/program files (x86)/gnu tools arm embedded/7 2018-q2-update/bin/../lib/gcc/arm-none-eabi/7.3.1/thumb/v7e-m/crti.o
LOAD c:/program files (x86)/gnu tools arm embedded/7 2018-q2-update/bin/../lib/gcc/arm-none-eabi/7.3.1/thumb/v7e-m/crtbegin.o
LOAD c:/program files (x86)/gnu tools arm embedded/7 2018-q2-update/bin/../lib/gcc/arm-none-eabi/7.3.1/../../../../arm-none-eabi/lib/thumb/v7e-m/crt0.o
LOAD _build/nrf52810_xxaa/gcc_startup_nrf52810.S.o
LOAD _build/nrf52810_xxaa/nrf_log_backend_rtt.c.o
LOAD _build/nrf52810_xxaa/nrf_log_backend_serial.c.o
LOAD _build/nrf52810_xxaa/nrf_log_backend_uart.c.o
LOAD _build/nrf52810_xxaa/nrf_log_default_backends.c.o
LOAD _build/nrf52810_xxaa/nrf_log_frontend.c.o
LOAD _build/nrf52810_xxaa/nrf_log_str_formatter.c.o
LOAD _build/nrf52810_xxaa/app_button.c.o
LOAD _build/nrf52810_xxaa/app_error.c.o
LOAD _build/nrf52810_xxaa/app_error_handler_gcc.c.o
LOAD _build/nrf52810_xxaa/app_error_weak.c.o
LOAD _build/nrf52810_xxaa/app_scheduler.c.o
LOAD _build/nrf52810_xxaa/app_timer2.c.o
LOAD _build/nrf52810_xxaa/app_util_platform.c.o
LOAD _build/nrf52810_xxaa/drv_rtc.c.o
LOAD _build/nrf52810_xxaa/hardfault_implementation.c.o
LOAD _build/nrf52810_xxaa/nrf_assert.c.o
LOAD _build/nrf52810_xxaa/nrf_atfifo.c.o
LOAD _build/nrf52810_xxaa/nrf_atflags.c.o
LOAD _build/nrf52810_xxaa/nrf_atomic.c.o
LOAD _build/nrf52810_xxaa/nrf_balloc.c.o
LOAD _build/nrf52810_xxaa/nrf_fprintf.c.o
LOAD _build/nrf52810_xxaa/nrf_fprintf_format.c.o
LOAD _build/nrf52810_xxaa/nrf_fstorage.c.o
LOAD _build/nrf52810_xxaa/nrf_fstorage_sd.c.o
LOAD _build/nrf52810_xxaa/nrf_memobj.c.o
LOAD _build/nrf52810_xxaa/nrf_pwr_mgmt.c.o
LOAD _build/nrf52810_xxaa/nrf_ringbuf.c.o
LOAD _build/nrf52810_xxaa/nrf_section_iter.c.o
LOAD _build/nrf52810_xxaa/nrf_sortlist.c.o
LOAD _build/nrf52810_xxaa/nrf_strerror.c.o
LOAD _build/nrf52810_xxaa/system_nrf52810.c.o
LOAD _build/nrf52810_xxaa/boards.c.o
LOAD _build/nrf52810_xxaa/nrf_drv_clock.c.o
LOAD _build/nrf52810_xxaa/nrf_drv_uart.c.o
LOAD _build/nrf52810_xxaa/nrfx_atomic.c.o
LOAD _build/nrf52810_xxaa/nrfx_clock.c.o
LOAD _build/nrf52810_xxaa/nrfx_gpiote.c.o
LOAD _build/nrf52810_xxaa/nrfx_prs.c.o
LOAD _build/nrf52810_xxaa/nrfx_uart.c.o
LOAD _build/nrf52810_xxaa/nrfx_uarte.c.o
LOAD _build/nrf52810_xxaa/main.c.o
LOAD _build/nrf52810_xxaa/SEGGER_RTT.c.o
LOAD _build/nrf52810_xxaa/SEGGER_RTT_Syscalls_GCC.c.o
LOAD _build/nrf52810_xxaa/SEGGER_RTT_printf.c.o
LOAD _build/nrf52810_xxaa/ble_advdata.c.o
LOAD _build/nrf52810_xxaa/ble_advertising.c.o
LOAD _build/nrf52810_xxaa/ble_conn_params.c.o
LOAD _build/nrf52810_xxaa/ble_conn_state.c.o
LOAD _build/nrf52810_xxaa/ble_srv_common.c.o
LOAD _build/nrf52810_xxaa/nrf_ble_gatt.c.o
LOAD _build/nrf52810_xxaa/nrf_ble_qwr.c.o
LOAD _build/nrf52810_xxaa/utf.c.o
LOAD _build/nrf52810_xxaa/ble_lbs.c.o
LOAD _build/nrf52810_xxaa/nrf_sdh.c.o
LOAD _build/nrf52810_xxaa/nrf_sdh_ble.c.o
LOAD _build/nrf52810_xxaa/nrf_sdh_soc.c.o
LOAD _build/nrf52810_xxaa/bsp.c.o
LOAD _build/nrf52810_xxaa/bsp_btn_ble.c.o
LOAD _build/nrf52810_xxaa/nrfx_saadc.c.o
LOAD _build/nrf52810_xxaa/nrf_drv_rng.c.o
LOAD _build/nrf52810_xxaa/nrfx_rng.c.o
LOAD _build/nrf52810_xxaa/nrf_queue.c.o
LOAD _build/nrf52810_xxaa/poi_log.c.o
LOAD _build/nrf52810_xxaa/poi_service.c.o
LOAD _build/nrf52810_xxaa/poi_softdevice.c.o
LOAD _build/nrf52810_xxaa/poi_gatt_init.c.o
LOAD _build/nrf52810_xxaa/poi_advertising.c.o
LOAD _build/nrf52810_xxaa/poi_char_action.c.o
LOAD _build/nrf52810_xxaa/poi_timer.c.o
LOAD _build/nrf52810_xxaa/poi_flash_storage.c.o
LOAD _build/nrf52810_xxaa/poi_battery.c.o
LOAD _build/nrf52810_xxaa/poi_encryption.c.o
LOAD c:/program files (x86)/gnu tools arm embedded/7 2018-q2-update/bin/../lib/gcc/arm-none-eabi/7.3.1/../../../../arm-none-eabi/lib/thumb/v7e-m\libc_nano.a
LOAD c:/program files (x86)/gnu tools arm embedded/7 2018-q2-update/bin/../lib/gcc/arm-none-eabi/7.3.1/../../../../arm-none-eabi/lib/thumb/v7e-m\libnosys.a
LOAD c:/program files (x86)/gnu tools arm embedded/7 2018-q2-update/bin/../lib/gcc/arm-none-eabi/7.3.1/../../../../arm-none-eabi/lib/thumb/v7e-m\libm.a
START GROUP
LOAD c:/program files (x86)/gnu tools arm embedded/7 2018-q2-update/bin/../lib/gcc/arm-none-eabi/7.3.1/thumb/v7e-m\libgcc.a
LOAD c:/program files (x86)/gnu tools arm embedded/7 2018-q2-update/bin/../lib/gcc/arm-none-eabi/7.3.1/../../../../arm-none-eabi/lib/thumb/v7e-m\libg_nano.a
LOAD c:/program files (x86)/gnu tools arm embedded/7 2018-q2-update/bin/../lib/gcc/arm-none-eabi/7.3.1/../../../../arm-none-eabi/lib/thumb/v7e-m\libc_nano.a
END GROUP
START GROUP
LOAD c:/program files (x86)/gnu tools arm embedded/7 2018-q2-update/bin/../lib/gcc/arm-none-eabi/7.3.1/thumb/v7e-m\libgcc.a
LOAD c:/program files (x86)/gnu tools arm embedded/7 2018-q2-update/bin/../lib/gcc/arm-none-eabi/7.3.1/../../../../arm-none-eabi/lib/thumb/v7e-m\libc_nano.a
END GROUP
LOAD c:/program files (x86)/gnu tools arm embedded/7 2018-q2-update/bin/../lib/gcc/arm-none-eabi/7.3.1/thumb/v7e-m/crtend.o
LOAD c:/program files (x86)/gnu tools arm embedded/7 2018-q2-update/bin/../lib/gcc/arm-none-eabi/7.3.1/thumb/v7e-m/crtn.o
START GROUP
LOAD c:/program files (x86)/gnu tools arm embedded/7 2018-q2-update/bin/../lib/gcc/arm-none-eabi/7.3.1/thumb/v7e-m\libgcc.a
LOAD c:/program files (x86)/gnu tools arm embedded/7 2018-q2-update/bin/../lib/gcc/arm-none-eabi/7.3.1/../../../../arm-none-eabi/lib/thumb/v7e-m\libc.a
LOAD c:/program files (x86)/gnu tools arm embedded/7 2018-q2-update/bin/../lib/gcc/arm-none-eabi/7.3.1/../../../../arm-none-eabi/lib/thumb/v7e-m\libnosys.a
END GROUP

.igot.plt       0x20001d90        0x0 load address 0x0001ffd0
 .igot.plt      0x20001d90        0x0 c:/program files (x86)/gnu tools arm embedded/7 2018-q2-update/bin/../lib/gcc/arm-none-eabi/7.3.1/thumb/v7e-m/crtbegin.o
                0x20001d90                . = ALIGN (0x4)

.mem_section_dummy_ram

.cli_sorted_cmd_ptrs
                0x20001d90        0x0
                [!provide]                PROVIDE (__start_cli_sorted_cmd_ptrs = .)
 *(.cli_sorted_cmd_ptrs)
                [!provide]                PROVIDE (__stop_cli_sorted_cmd_ptrs = .)

.fs_data        0x20001d90       0x14 load address 0x0001ffd0
                0x20001d90                PROVIDE (__start_fs_data = .)
 *(.fs_data)
 .fs_data       0x20001d90       0x14 _build/nrf52810_xxaa/poi_flash_storage.c.o
                0x20001d90                fstorage
                0x20001da4                PROVIDE (__stop_fs_data = .)

.log_dynamic_data
                0x20001da4        0x0
                0x20001da4                PROVIDE (__start_log_dynamic_data = .)
 *(SORT_BY_NAME(.log_dynamic_data*))
                [!provide]                PROVIDE (__stop_log_dynamic_data = .)

.log_filter_data
                0x20001da4        0x0
                [!provide]                PROVIDE (__start_log_filter_data = .)
 *(SORT_BY_NAME(.log_filter_data*))
                [!provide]                PROVIDE (__stop_log_filter_data = .)

.bss            0x20001da8      0xa3c load address 0x0001ffe8
                0x20001da8                . = ALIGN (0x4)
                0x20001da8                __bss_start__ = .
 *(.bss*)
 .bss           0x20001da8       0x1c c:/program files (x86)/gnu tools arm embedded/7 2018-q2-update/bin/../lib/gcc/arm-none-eabi/7.3.1/thumb/v7e-m/crtbegin.o
 .bss.m_async_mode
                0x20001dc4        0x1 _build/nrf52810_xxaa/nrf_log_backend_uart.c.o
 .bss.m_string_buff
                0x20001dc5       0x40 _build/nrf52810_xxaa/nrf_log_backend_uart.c.o
 .bss.m_xfer_done
                0x20001e05        0x1 _build/nrf52810_xxaa/nrf_log_backend_uart.c.o
 *fill*         0x20001e06        0x2 
 .bss.log_mempool_nrf_balloc_cb
                0x20001e08        0x8 _build/nrf52810_xxaa/nrf_log_frontend.c.o
 .bss.log_mempool_nrf_balloc_pool_mem
                0x20001e10       0xc0 _build/nrf52810_xxaa/nrf_log_frontend.c.o
 .bss.log_mempool_nrf_balloc_pool_stack
                0x20001ed0        0x8 _build/nrf52810_xxaa/nrf_log_frontend.c.o
 .bss.m_log_data
                0x20001ed8      0x420 _build/nrf52810_xxaa/nrf_log_frontend.c.o
 .bss.m_log_push_ringbuf_buf
                0x200022f8       0x80 _build/nrf52810_xxaa/nrf_log_frontend.c.o
 .bss.m_log_push_ringbuf_cb
                0x20002378       0x18 _build/nrf52810_xxaa/nrf_log_frontend.c.o
 .bss.m_app_timer_sortlist_sortlist_cb
                0x20002390        0x4 _build/nrf52810_xxaa/app_timer2.c.o
 *fill*         0x20002394        0x4 
 .bss.m_base_counter
                0x20002398        0x8 _build/nrf52810_xxaa/app_timer2.c.o
 .bss.m_global_active
                0x200023a0        0x1 _build/nrf52810_xxaa/app_timer2.c.o
 *fill*         0x200023a1        0x3 
 .bss.m_req_fifo_data
                0x200023a4       0x58 _build/nrf52810_xxaa/app_timer2.c.o
 .bss.m_req_fifo_inst
                0x200023fc       0x10 _build/nrf52810_xxaa/app_timer2.c.o
 *fill*         0x2000240c        0x4 
 .bss.m_stamp64
                0x20002410        0x8 _build/nrf52810_xxaa/app_timer2.c.o
 .bss.mp_active_timer
                0x20002418        0x4 _build/nrf52810_xxaa/app_timer2.c.o
 .bss.m_cb      0x2000241c        0x8 _build/nrf52810_xxaa/drv_rtc.c.o
 .bss.m_handlers
                0x20002424        0x4 _build/nrf52810_xxaa/drv_rtc.c.o
 .bss.m_fifo_data
                0x20002428       0x8c _build/nrf52810_xxaa/nrf_fstorage_sd.c.o
 .bss.m_fifo_inst
                0x200024b4       0x10 _build/nrf52810_xxaa/nrf_fstorage_sd.c.o
 .bss.m_flags   0x200024c4       0x14 _build/nrf52810_xxaa/nrf_fstorage_sd.c.o
 .bss.m_iget_ctx
                0x200024d8        0x4 _build/nrf52810_xxaa/nrf_fstorage_sd.c.o
 .bss.m_p_cur_op
                0x200024dc        0x4 _build/nrf52810_xxaa/nrf_fstorage_sd.c.o
 .bss.m_handlers_iter
                0x200024e0        0x8 _build/nrf52810_xxaa/nrf_pwr_mgmt.c.o
 .bss.m_shutdown_started
                0x200024e8        0x1 _build/nrf52810_xxaa/nrf_pwr_mgmt.c.o
 *fill*         0x200024e9        0x3 
 .bss.m_sysoff_mtx
                0x200024ec        0x4 _build/nrf52810_xxaa/nrf_pwr_mgmt.c.o
 .bss.m_clock_cb
                0x200024f0       0x14 _build/nrf52810_xxaa/nrf_drv_clock.c.o
 .bss.m_contexts
                0x20002504        0x4 _build/nrf52810_xxaa/nrf_drv_uart.c.o
 .bss.m_handlers
                0x20002508        0x4 _build/nrf52810_xxaa/nrf_drv_uart.c.o
 .bss.m_clock_cb
                0x2000250c        0x8 _build/nrf52810_xxaa/nrfx_clock.c.o
 .bss.m_cb      0x20002514       0x5c _build/nrf52810_xxaa/nrfx_gpiote.c.o
 .bss.m_prs_box_2
                0x20002570        0x8 _build/nrf52810_xxaa/nrfx_prs.c.o
 .bss.m_cb      0x20002578       0x2c _build/nrf52810_xxaa/nrfx_uart.c.o
 .bss.m_cb      0x200025a4       0x24 _build/nrf52810_xxaa/nrfx_uarte.c.o
 .bss.m_gatt    0x200025c8       0x10 _build/nrf52810_xxaa/main.c.o
 .bss.m_qwr     0x200025d8        0xc _build/nrf52810_xxaa/main.c.o
 .bss.poi_flags
                0x200025e4        0x1 _build/nrf52810_xxaa/main.c.o
                0x200025e4                poi_flags
 *fill*         0x200025e5        0x3 
 .bss.m_conn_params_config
                0x200025e8       0x1c _build/nrf52810_xxaa/ble_conn_params.c.o
 .bss.m_conn_params_instances
                0x20002604       0x14 _build/nrf52810_xxaa/ble_conn_params.c.o
 .bss.m_preferred_conn_params
                0x20002618        0x8 _build/nrf52810_xxaa/ble_conn_params.c.o
 .bss.m_timer_data
                0x20002620       0x20 _build/nrf52810_xxaa/ble_conn_params.c.o
 .bss.m_bcs     0x20002640       0x7c _build/nrf52810_xxaa/ble_conn_state.c.o
 .bss.m_nrf_sdh_continue
                0x200026bc        0x1 _build/nrf52810_xxaa/nrf_sdh.c.o
 .bss.m_nrf_sdh_enabled
                0x200026bd        0x1 _build/nrf52810_xxaa/nrf_sdh.c.o
 .bss.m_nrf_sdh_suspended
                0x200026be        0x1 _build/nrf52810_xxaa/nrf_sdh.c.o
 .bss.m_stack_is_enabled
                0x200026bf        0x1 _build/nrf52810_xxaa/nrf_sdh_ble.c.o
 .bss.m_events_list
                0x200026c0        0xc _build/nrf52810_xxaa/bsp.c.o
 .bss.m_error_handler
                0x200026cc        0x4 _build/nrf52810_xxaa/bsp_btn_ble.c.o
 .bss.m_num_connections
                0x200026d0        0x4 _build/nrf52810_xxaa/bsp_btn_ble.c.o
 .bss.m_cb      0x200026d4       0x30 _build/nrf52810_xxaa/nrfx_saadc.c.o
 .bss.m_rand_pool_nrf_queue_buffer
                0x20002704       0x41 _build/nrf52810_xxaa/nrf_drv_rng.c.o
 *fill*         0x20002745        0x3 
 .bss.m_rand_pool_nrf_queue_cb
                0x20002748        0xc _build/nrf52810_xxaa/nrf_drv_rng.c.o
 .bss.m_rng_cb  0x20002754        0x3 _build/nrf52810_xxaa/nrf_drv_rng.c.o
 *fill*         0x20002757        0x1 
 .bss.m_rng_hndl
                0x20002758        0x4 _build/nrf52810_xxaa/nrfx_rng.c.o
 .bss.m_rng_state
                0x2000275c        0x1 _build/nrf52810_xxaa/nrfx_rng.c.o
 *(COMMON)
 *fill*         0x2000275d        0x3 
 COMMON         0x20002760        0xc _build/nrf52810_xxaa/app_util_platform.c.o
                0x20002760                nrf_nvic_state
 COMMON         0x2000276c        0x1 _build/nrf52810_xxaa/nrf_drv_uart.c.o
                0x2000276c                nrf_drv_uart_use_easy_dma
 *fill*         0x2000276d        0x1 
 COMMON         0x2000276e       0x1c _build/nrf52810_xxaa/poi_softdevice.c.o
                0x2000276e                m_poilabs
 *fill*         0x2000278a        0x2 
 COMMON         0x2000278c       0x57 _build/nrf52810_xxaa/poi_advertising.c.o
                0x2000278c                m_enc_srdata
                0x200027ac                m_adv_params
                0x200027c4                m_enc_advdata
                0x200027e4                . = ALIGN (0x4)
 *fill*         0x200027e3        0x1 
                0x200027e4                __bss_end__ = .

.heap           0x200027e8      0x800
                0x200027e8                __HeapBase = .
                0x200027e8                __end__ = .
                [!provide]                PROVIDE (end = .)
 *(.heap*)
 .heap          0x200027e8      0x800 _build/nrf52810_xxaa/gcc_startup_nrf52810.S.o
                0x20002fe8                __HeapLimit = .

.stack_dummy    0x200027e8      0x800
 *(.stack*)
 .stack         0x200027e8      0x800 _build/nrf52810_xxaa/gcc_startup_nrf52810.S.o
                0x20006000                __StackTop = (ORIGIN (RAM) + LENGTH (RAM))
                0x20005800                __StackLimit = (__StackTop - SIZEOF (.stack_dummy))
                0x20006000                PROVIDE (__stack = __StackTop)
                0x00000001                ASSERT ((__StackLimit >= __HeapLimit), region RAM overflowed with stack)
                0x000002c8                DataInitFlashUsed = (__bss_start__ - __data_start__)
                0x00006d20                CodeFlashUsed = (__etext - ORIGIN (FLASH))
                0x00006fe8                TotalFlashUsed = (CodeFlashUsed + DataInitFlashUsed)
                0x00000001                ASSERT ((TotalFlashUsed <= LENGTH (FLASH)), region FLASH overflowed with .data and user data)
OUTPUT(_build/nrf52810_xxaa.out elf32-littlearm)

.ARM.attributes
                0x00000000       0x2a
 .ARM.attributes
                0x00000000       0x1e c:/program files (x86)/gnu tools arm embedded/7 2018-q2-update/bin/../lib/gcc/arm-none-eabi/7.3.1/thumb/v7e-m/crti.o
 .ARM.attributes
                0x0000001e       0x2e c:/program files (x86)/gnu tools arm embedded/7 2018-q2-update/bin/../lib/gcc/arm-none-eabi/7.3.1/thumb/v7e-m/crtbegin.o
 .ARM.attributes
                0x0000004c       0x1c c:/program files (x86)/gnu tools arm embedded/7 2018-q2-update/bin/../lib/gcc/arm-none-eabi/7.3.1/../../../../arm-none-eabi/lib/thumb/v7e-m/crt0.o
 .ARM.attributes
                0x00000068       0x1c _build/nrf52810_xxaa/gcc_startup_nrf52810.S.o
 .ARM.attributes
                0x00000084       0x33 _build/nrf52810_xxaa/nrf_log_backend_serial.c.o
 .ARM.attributes
                0x000000b7       0x33 _build/nrf52810_xxaa/nrf_log_backend_uart.c.o
 .ARM.attributes
                0x000000ea       0x33 _build/nrf52810_xxaa/nrf_log_default_backends.c.o
 .ARM.attributes
                0x0000011d       0x33 _build/nrf52810_xxaa/nrf_log_frontend.c.o
 .ARM.attributes
                0x00000150       0x33 _build/nrf52810_xxaa/nrf_log_str_formatter.c.o
 .ARM.attributes
                0x00000183       0x33 _build/nrf52810_xxaa/app_button.c.o
 .ARM.attributes
                0x000001b6       0x33 _build/nrf52810_xxaa/app_error.c.o
 .ARM.attributes
                0x000001e9       0x33 _build/nrf52810_xxaa/app_error_weak.c.o
 .ARM.attributes
                0x0000021c       0x33 _build/nrf52810_xxaa/app_timer2.c.o
 .ARM.attributes
                0x0000024f       0x33 _build/nrf52810_xxaa/app_util_platform.c.o
 .ARM.attributes
                0x00000282       0x33 _build/nrf52810_xxaa/drv_rtc.c.o
 .ARM.attributes
                0x000002b5       0x33 _build/nrf52810_xxaa/nrf_atfifo.c.o
 .ARM.attributes
                0x000002e8       0x33 _build/nrf52810_xxaa/nrf_atflags.c.o
 .ARM.attributes
                0x0000031b       0x33 _build/nrf52810_xxaa/nrf_atomic.c.o
 .ARM.attributes
                0x0000034e       0x33 _build/nrf52810_xxaa/nrf_balloc.c.o
 .ARM.attributes
                0x00000381       0x33 _build/nrf52810_xxaa/nrf_fprintf.c.o
 .ARM.attributes
                0x000003b4       0x33 _build/nrf52810_xxaa/nrf_fprintf_format.c.o
 .ARM.attributes
                0x000003e7       0x33 _build/nrf52810_xxaa/nrf_fstorage.c.o
 .ARM.attributes
                0x0000041a       0x33 _build/nrf52810_xxaa/nrf_fstorage_sd.c.o
 .ARM.attributes
                0x0000044d       0x33 _build/nrf52810_xxaa/nrf_memobj.c.o
 .ARM.attributes
                0x00000480       0x33 _build/nrf52810_xxaa/nrf_pwr_mgmt.c.o
 .ARM.attributes
                0x000004b3       0x33 _build/nrf52810_xxaa/nrf_ringbuf.c.o
 .ARM.attributes
                0x000004e6       0x33 _build/nrf52810_xxaa/nrf_section_iter.c.o
 .ARM.attributes
                0x00000519       0x33 _build/nrf52810_xxaa/nrf_sortlist.c.o
 .ARM.attributes
                0x0000054c       0x33 _build/nrf52810_xxaa/nrf_strerror.c.o
 .ARM.attributes
                0x0000057f       0x33 _build/nrf52810_xxaa/system_nrf52810.c.o
 .ARM.attributes
                0x000005b2       0x33 _build/nrf52810_xxaa/nrf_drv_clock.c.o
 .ARM.attributes
                0x000005e5       0x33 _build/nrf52810_xxaa/nrf_drv_uart.c.o
 .ARM.attributes
                0x00000618       0x33 _build/nrf52810_xxaa/nrfx_clock.c.o
 .ARM.attributes
                0x0000064b       0x33 _build/nrf52810_xxaa/nrfx_gpiote.c.o
 .ARM.attributes
                0x0000067e       0x33 _build/nrf52810_xxaa/nrfx_prs.c.o
 .ARM.attributes
                0x000006b1       0x33 _build/nrf52810_xxaa/nrfx_uart.c.o
 .ARM.attributes
                0x000006e4       0x33 _build/nrf52810_xxaa/nrfx_uarte.c.o
 .ARM.attributes
                0x00000717       0x33 _build/nrf52810_xxaa/main.c.o
 .ARM.attributes
                0x0000074a       0x33 _build/nrf52810_xxaa/ble_advdata.c.o
 .ARM.attributes
                0x0000077d       0x33 _build/nrf52810_xxaa/ble_conn_params.c.o
 .ARM.attributes
                0x000007b0       0x33 _build/nrf52810_xxaa/ble_conn_state.c.o
 .ARM.attributes
                0x000007e3       0x33 _build/nrf52810_xxaa/ble_srv_common.c.o
 .ARM.attributes
                0x00000816       0x33 _build/nrf52810_xxaa/nrf_ble_gatt.c.o
 .ARM.attributes
                0x00000849       0x33 _build/nrf52810_xxaa/nrf_ble_qwr.c.o
 .ARM.attributes
                0x0000087c       0x33 _build/nrf52810_xxaa/nrf_sdh.c.o
 .ARM.attributes
                0x000008af       0x33 _build/nrf52810_xxaa/nrf_sdh_ble.c.o
 .ARM.attributes
                0x000008e2       0x33 _build/nrf52810_xxaa/nrf_sdh_soc.c.o
 .ARM.attributes
                0x00000915       0x33 _build/nrf52810_xxaa/bsp.c.o
 .ARM.attributes
                0x00000948       0x33 _build/nrf52810_xxaa/bsp_btn_ble.c.o
 .ARM.attributes
                0x0000097b       0x33 _build/nrf52810_xxaa/nrfx_saadc.c.o
 .ARM.attributes
                0x000009ae       0x33 _build/nrf52810_xxaa/nrf_drv_rng.c.o
 .ARM.attributes
                0x000009e1       0x33 _build/nrf52810_xxaa/nrfx_rng.c.o
 .ARM.attributes
                0x00000a14       0x33 _build/nrf52810_xxaa/nrf_queue.c.o
 .ARM.attributes
                0x00000a47       0x33 _build/nrf52810_xxaa/poi_log.c.o
 .ARM.attributes
                0x00000a7a       0x33 _build/nrf52810_xxaa/poi_service.c.o
 .ARM.attributes
                0x00000aad       0x33 _build/nrf52810_xxaa/poi_softdevice.c.o
 .ARM.attributes
                0x00000ae0       0x33 _build/nrf52810_xxaa/poi_gatt_init.c.o
 .ARM.attributes
                0x00000b13       0x33 _build/nrf52810_xxaa/poi_advertising.c.o
 .ARM.attributes
                0x00000b46       0x33 _build/nrf52810_xxaa/poi_char_action.c.o
 .ARM.attributes
                0x00000b79       0x33 _build/nrf52810_xxaa/poi_timer.c.o
 .ARM.attributes
                0x00000bac       0x33 _build/nrf52810_xxaa/poi_flash_storage.c.o
 .ARM.attributes
                0x00000bdf       0x33 _build/nrf52810_xxaa/poi_battery.c.o
 .ARM.attributes
                0x00000c12       0x33 _build/nrf52810_xxaa/poi_encryption.c.o
 .ARM.attributes
                0x00000c45       0x2e c:/program files (x86)/gnu tools arm embedded/7 2018-q2-update/bin/../lib/gcc/arm-none-eabi/7.3.1/../../../../arm-none-eabi/lib/thumb/v7e-m\libc_nano.a(lib_a-exit.o)
 .ARM.attributes
                0x00000c73       0x2e c:/program files (x86)/gnu tools arm embedded/7 2018-q2-update/bin/../lib/gcc/arm-none-eabi/7.3.1/../../../../arm-none-eabi/lib/thumb/v7e-m\libc_nano.a(lib_a-impure.o)
 .ARM.attributes
                0x00000ca1       0x2e c:/program files (x86)/gnu tools arm embedded/7 2018-q2-update/bin/../lib/gcc/arm-none-eabi/7.3.1/../../../../arm-none-eabi/lib/thumb/v7e-m\libc_nano.a(lib_a-init.o)
 .ARM.attributes
                0x00000ccf       0x2e c:/program files (x86)/gnu tools arm embedded/7 2018-q2-update/bin/../lib/gcc/arm-none-eabi/7.3.1/../../../../arm-none-eabi/lib/thumb/v7e-m\libc_nano.a(lib_a-locale.o)
 .ARM.attributes
                0x00000cfd       0x2e c:/program files (x86)/gnu tools arm embedded/7 2018-q2-update/bin/../lib/gcc/arm-none-eabi/7.3.1/../../../../arm-none-eabi/lib/thumb/v7e-m\libc_nano.a(lib_a-mbtowc_r.o)
 .ARM.attributes
                0x00000d2b       0x2e c:/program files (x86)/gnu tools arm embedded/7 2018-q2-update/bin/../lib/gcc/arm-none-eabi/7.3.1/../../../../arm-none-eabi/lib/thumb/v7e-m\libc_nano.a(lib_a-memcmp.o)
 .ARM.attributes