Archive member included to satisfy reference by file (symbol)

c:/program files (x86)/gnu tools arm embedded/7 2018-q2-update/bin/../lib/gcc/arm-none-eabi/7.3.1/../../../../arm-none-eabi/lib/thumb/v7e-m/fpv4-sp/hard\libc_nano.a(lib_a-exit.o)
                              c:/program files (x86)/gnu tools arm embedded/7 2018-q2-update/bin/../lib/gcc/arm-none-eabi/7.3.1/../../../../arm-none-eabi/lib/thumb/v7e-m/fpv4-sp/hard/crt0.o (exit)
c:/program files (x86)/gnu tools arm embedded/7 2018-q2-update/bin/../lib/gcc/arm-none-eabi/7.3.1/../../../../arm-none-eabi/lib/thumb/v7e-m/fpv4-sp/hard\libc_nano.a(lib_a-impure.o)
                              c:/program files (x86)/gnu tools arm embedded/7 2018-q2-update/bin/../lib/gcc/arm-none-eabi/7.3.1/../../../../arm-none-eabi/lib/thumb/v7e-m/fpv4-sp/hard\libc_nano.a(lib_a-exit.o) (_global_impure_ptr)
c:/program files (x86)/gnu tools arm embedded/7 2018-q2-update/bin/../lib/gcc/arm-none-eabi/7.3.1/../../../../arm-none-eabi/lib/thumb/v7e-m/fpv4-sp/hard\libc_nano.a(lib_a-init.o)
                              c:/program files (x86)/gnu tools arm embedded/7 2018-q2-update/bin/../lib/gcc/arm-none-eabi/7.3.1/../../../../arm-none-eabi/lib/thumb/v7e-m/fpv4-sp/hard/crt0.o (__libc_init_array)
c:/program files (x86)/gnu tools arm embedded/7 2018-q2-update/bin/../lib/gcc/arm-none-eabi/7.3.1/../../../../arm-none-eabi/lib/thumb/v7e-m/fpv4-sp/hard\libc_nano.a(lib_a-locale.o)
                              _build/nrf52832_xxaa/nrf_log_str_formatter.c.o (__locale_ctype_ptr)
c:/program files (x86)/gnu tools arm embedded/7 2018-q2-update/bin/../lib/gcc/arm-none-eabi/7.3.1/../../../../arm-none-eabi/lib/thumb/v7e-m/fpv4-sp/hard\libc_nano.a(lib_a-mbtowc_r.o)
                              c:/program files (x86)/gnu tools arm embedded/7 2018-q2-update/bin/../lib/gcc/arm-none-eabi/7.3.1/../../../../arm-none-eabi/lib/thumb/v7e-m/fpv4-sp/hard\libc_nano.a(lib_a-locale.o) (__ascii_mbtowc)
c:/program files (x86)/gnu tools arm embedded/7 2018-q2-update/bin/../lib/gcc/arm-none-eabi/7.3.1/../../../../arm-none-eabi/lib/thumb/v7e-m/fpv4-sp/hard\libc_nano.a(lib_a-memcmp.o)
                              _build/nrf52832_xxaa/ble_advdata.c.o (memcmp)
c:/program files (x86)/gnu tools arm embedded/7 2018-q2-update/bin/../lib/gcc/arm-none-eabi/7.3.1/../../../../arm-none-eabi/lib/thumb/v7e-m/fpv4-sp/hard\libc_nano.a(lib_a-memcpy-stub.o)
                              _build/nrf52832_xxaa/nrf_log_frontend.c.o (memcpy)
c:/program files (x86)/gnu tools arm embedded/7 2018-q2-update/bin/../lib/gcc/arm-none-eabi/7.3.1/../../../../arm-none-eabi/lib/thumb/v7e-m/fpv4-sp/hard\libc_nano.a(lib_a-memset.o)
                              c:/program files (x86)/gnu tools arm embedded/7 2018-q2-update/bin/../lib/gcc/arm-none-eabi/7.3.1/../../../../arm-none-eabi/lib/thumb/v7e-m/fpv4-sp/hard/crt0.o (memset)
c:/program files (x86)/gnu tools arm embedded/7 2018-q2-update/bin/../lib/gcc/arm-none-eabi/7.3.1/../../../../arm-none-eabi/lib/thumb/v7e-m/fpv4-sp/hard\libc_nano.a(lib_a-strcmp.o)
                              c:/program files (x86)/gnu tools arm embedded/7 2018-q2-update/bin/../lib/gcc/arm-none-eabi/7.3.1/../../../../arm-none-eabi/lib/thumb/v7e-m/fpv4-sp/hard\libc_nano.a(lib_a-locale.o) (strcmp)
c:/program files (x86)/gnu tools arm embedded/7 2018-q2-update/bin/../lib/gcc/arm-none-eabi/7.3.1/../../../../arm-none-eabi/lib/thumb/v7e-m/fpv4-sp/hard\libc_nano.a(lib_a-strcpy.o)
                              _build/nrf52832_xxaa/SEGGER_RTT.c.o (strcpy)
c:/program files (x86)/gnu tools arm embedded/7 2018-q2-update/bin/../lib/gcc/arm-none-eabi/7.3.1/../../../../arm-none-eabi/lib/thumb/v7e-m/fpv4-sp/hard\libc_nano.a(lib_a-strlen.o)
                              _build/nrf52832_xxaa/nrf_log_frontend.c.o (strlen)
c:/program files (x86)/gnu tools arm embedded/7 2018-q2-update/bin/../lib/gcc/arm-none-eabi/7.3.1/../../../../arm-none-eabi/lib/thumb/v7e-m/fpv4-sp/hard\libc_nano.a(lib_a-wctomb_r.o)
                              c:/program files (x86)/gnu tools arm embedded/7 2018-q2-update/bin/../lib/gcc/arm-none-eabi/7.3.1/../../../../arm-none-eabi/lib/thumb/v7e-m/fpv4-sp/hard\libc_nano.a(lib_a-locale.o) (__ascii_wctomb)
c:/program files (x86)/gnu tools arm embedded/7 2018-q2-update/bin/../lib/gcc/arm-none-eabi/7.3.1/../../../../arm-none-eabi/lib/thumb/v7e-m/fpv4-sp/hard\libc_nano.a(lib_a-ctype_.o)
                              c:/program files (x86)/gnu tools arm embedded/7 2018-q2-update/bin/../lib/gcc/arm-none-eabi/7.3.1/../../../../arm-none-eabi/lib/thumb/v7e-m/fpv4-sp/hard\libc_nano.a(lib_a-locale.o) (_ctype_)
c:/program files (x86)/gnu tools arm embedded/7 2018-q2-update/bin/../lib/gcc/arm-none-eabi/7.3.1/../../../../arm-none-eabi/lib/thumb/v7e-m/fpv4-sp/hard\libnosys.a(_exit.o)
                              c:/program files (x86)/gnu tools arm embedded/7 2018-q2-update/bin/../lib/gcc/arm-none-eabi/7.3.1/../../../../arm-none-eabi/lib/thumb/v7e-m/fpv4-sp/hard\libc_nano.a(lib_a-exit.o) (_exit)

Allocating common symbols
[...]
Memory Configuration

Name             Origin             Length             Attributes
FLASH            0x00026000         0x0005a000         xr
RAM              0x20002260         0x0000dda0         xrw
*default*        0x00000000         0xffffffff

Linker script and memory map


.text           0x00026000     0x74d8
 *(.isr_vector)
 .isr_vector    0x00026000      0x200 _build/nrf52832_xxaa/gcc_startup_nrf52.S.o
                0x00026000                __isr_vector
 *(.text*)
 .text          0x00026200       0x40 c:/program files (x86)/gnu tools arm embedded/7 2018-q2-update/bin/../lib/gcc/arm-none-eabi/7.3.1/thumb/v7e-m/fpv4-sp/hard/crtbegin.o
 .text          0x00026240       0x74 c:/program files (x86)/gnu tools arm embedded/7 2018-q2-update/bin/../lib/gcc/arm-none-eabi/7.3.1/../../../../arm-none-eabi/lib/thumb/v7e-m/fpv4-sp/hard/crt0.o
                0x00026240                _start
                0x00026240                _mainCRTStartup
 .text          0x000262b4       0x3c _build/nrf52832_xxaa/gcc_startup_nrf52.S.o
                0x000262b4                Reset_Handler
                0x000262dc                NMI_Handler
                0x000262de                HardFault_Handler
                0x000262e0                MemoryManagement_Handler
                0x000262e2                BusFault_Handler
                0x000262e4                UsageFault_Handler
                0x000262e6                SVC_Handler
                0x000262e8                DebugMon_Handler
                0x000262ea                PendSV_Handler
                0x000262ec                SysTick_Handler
                0x000262ee                PDM_IRQHandler
                0x000262ee                TEMP_IRQHandler
                0x000262ee                QDEC_IRQHandler
                0x000262ee                TIMER3_IRQHandler
                0x000262ee                FPU_IRQHandler
                0x000262ee                SPIM0_SPIS0_TWIM0_TWIS0_SPI0_TWI0_IRQHandler
                0x000262ee                RADIO_IRQHandler
                0x000262ee                TIMER4_IRQHandler
                0x000262ee                I2S_IRQHandler
                0x000262ee                RTC0_IRQHandler
                0x000262ee                TIMER0_IRQHandler
                0x000262ee                SWI0_EGU0_IRQHandler
                0x000262ee                TIMER1_IRQHandler
                0x000262ee                PWM2_IRQHandler
                0x000262ee                ECB_IRQHandler
                0x000262ee                SPIM1_SPIS1_TWIM1_TWIS1_SPI1_TWI1_IRQHandler
                0x000262ee                Default_Handler
                0x000262ee                CCM_AAR_IRQHandler
                0x000262ee                WDT_IRQHandler
                0x000262ee                PWM1_IRQHandler
                0x000262ee                SWI5_EGU5_IRQHandler
                0x000262ee                RTC2_IRQHandler
                0x000262ee                PWM0_IRQHandler
                0x000262ee                SWI3_EGU3_IRQHandler
                0x000262ee                SWI1_EGU1_IRQHandler
                0x000262ee                SPIM2_SPIS2_SPI2_IRQHandler
                0x000262ee                NFCT_IRQHandler
                0x000262ee                SWI4_EGU4_IRQHandler
                0x000262ee                MWU_IRQHandler
                0x000262ee                TIMER2_IRQHandler
                0x000262ee                COMP_LPCOMP_IRQHandler
 .text.nrf_log_backend_rtt_flush
                0x000262f0        0x4 _build/nrf52832_xxaa/nrf_log_backend_rtt.c.o
 .text.nrf_log_backend_rtt_put
                0x000262f4       0x20 _build/nrf52832_xxaa/nrf_log_backend_rtt.c.o
 .text.serial_tx
                0x00026314       0x54 _build/nrf52832_xxaa/nrf_log_backend_rtt.c.o
 .text.nrf_log_backend_rtt_panic_set
                0x00026368        0x4 _build/nrf52832_xxaa/nrf_log_backend_rtt.c.o
 .text.nrf_log_backend_rtt_init
                0x0002636c        0x4 _build/nrf52832_xxaa/nrf_log_backend_rtt.c.o
                0x0002636c                nrf_log_backend_rtt_init
 .text.nrf_log_backend_serial_put
                0x00026370       0xd4 _build/nrf52832_xxaa/nrf_log_backend_serial.c.o
                0x00026370                nrf_log_backend_serial_put
 .text.nrf_log_default_backends_init
                0x00026444       0x20 _build/nrf52832_xxaa/nrf_log_default_backends.c.o
                0x00026444                nrf_log_default_backends_init
 .text.log_skip
                0x00026464       0xc8 _build/nrf52832_xxaa/nrf_log_frontend.c.o
 .text.nrf_log_init
                0x0002652c       0x28 _build/nrf52832_xxaa/nrf_log_frontend.c.o
                0x0002652c                nrf_log_init
 .text.nrf_log_module_name_get
                0x00026554       0x58 _build/nrf52832_xxaa/nrf_log_frontend.c.o
                0x00026554                nrf_log_module_name_get
 .text.nrf_log_color_id_get
                0x000265ac       0x2c _build/nrf52832_xxaa/nrf_log_frontend.c.o
                0x000265ac                nrf_log_color_id_get
 .text.log_pending_hook
                0x000265d8        0x4 _build/nrf52832_xxaa/nrf_log_frontend.c.o
                0x000265d8                log_pending_hook
 .text.nrf_log_frontend_std_0
                0x000265dc       0xe4 _build/nrf52832_xxaa/nrf_log_frontend.c.o
                0x000265dc                nrf_log_frontend_std_0
 .text.nrf_log_frontend_dequeue.part.6
                0x000266c0      0x248 _build/nrf52832_xxaa/nrf_log_frontend.c.o
 .text.nrf_log_frontend_std_1
                0x00026908       0xf0 _build/nrf52832_xxaa/nrf_log_frontend.c.o
                0x00026908                nrf_log_frontend_std_1
 .text.nrf_log_frontend_std_2
                0x000269f8      0x100 _build/nrf52832_xxaa/nrf_log_frontend.c.o
                0x000269f8                nrf_log_frontend_std_2
 .text.nrf_log_frontend_std_3
                0x00026af8      0x10c _build/nrf52832_xxaa/nrf_log_frontend.c.o
                0x00026af8                nrf_log_frontend_std_3
 .text.nrf_log_frontend_dequeue
                0x00026c04       0x18 _build/nrf52832_xxaa/nrf_log_frontend.c.o
                0x00026c04                nrf_log_frontend_dequeue
 .text.nrf_log_backend_add
                0x00026c1c       0x68 _build/nrf52832_xxaa/nrf_log_frontend.c.o
                0x00026c1c                nrf_log_backend_add
 .text.nrf_log_panic
                0x00026c84       0x28 _build/nrf52832_xxaa/nrf_log_frontend.c.o
                0x00026c84                nrf_log_panic
 .text.nrf_log_std_entry_process
                0x00026cac      0x14c _build/nrf52832_xxaa/nrf_log_str_formatter.c.o
                0x00026cac                nrf_log_std_entry_process
 .text.nrf_log_hexdump_entry_process
                0x00026df8      0x160 _build/nrf52832_xxaa/nrf_log_str_formatter.c.o
                0x00026df8                nrf_log_hexdump_entry_process
 .text.app_error_handler_bare
                0x00026f58       0x20 _build/nrf52832_xxaa/app_error.c.o
                0x00026f58                app_error_handler_bare
 .text.app_error_fault_handler
                0x00026f78       0x70 _build/nrf52832_xxaa/app_error_weak.c.o
                0x00026f78                app_error_fault_handler
 .text.compare_func
                0x00026fe8       0x18 _build/nrf52832_xxaa/app_timer2.c.o
 .text.rtc_irq  0x00027000      0x40c _build/nrf52832_xxaa/app_timer2.c.o
 .text.app_timer_init
                0x0002740c       0x70 _build/nrf52832_xxaa/app_timer2.c.o
                0x0002740c                app_timer_init
 .text.app_timer_create
                0x0002747c       0x2c _build/nrf52832_xxaa/app_timer2.c.o
                0x0002747c                app_timer_create
 .text.app_timer_start
                0x000274a8       0xcc _build/nrf52832_xxaa/app_timer2.c.o
                0x000274a8                app_timer_start
 .text.app_timer_stop
                0x00027574       0x7c _build/nrf52832_xxaa/app_timer2.c.o
                0x00027574                app_timer_stop
 .text.app_util_critical_region_enter
                0x000275f0       0x4c _build/nrf52832_xxaa/app_util_platform.c.o
                0x000275f0                app_util_critical_region_enter
 .text.app_util_critical_region_exit
                0x0002763c       0x30 _build/nrf52832_xxaa/app_util_platform.c.o
                0x0002763c                app_util_critical_region_exit
 .text.drv_rtc_init
                0x0002766c       0xb4 _build/nrf52832_xxaa/drv_rtc.c.o
                0x0002766c                drv_rtc_init
 .text.drv_rtc_start
                0x00027720        0x8 _build/nrf52832_xxaa/drv_rtc.c.o
                0x00027720                drv_rtc_start
 .text.drv_rtc_stop
                0x00027728        0x8 _build/nrf52832_xxaa/drv_rtc.c.o
                0x00027728                drv_rtc_stop
 .text.drv_rtc_compare_set
                0x00027730       0x4c _build/nrf52832_xxaa/drv_rtc.c.o
                0x00027730                drv_rtc_compare_set
 .text.drv_rtc_windowed_compare_set
                0x0002777c       0xf8 _build/nrf52832_xxaa/drv_rtc.c.o
                0x0002777c                drv_rtc_windowed_compare_set
 .text.drv_rtc_overflow_enable
                0x00027874       0x14 _build/nrf52832_xxaa/drv_rtc.c.o
                0x00027874                drv_rtc_overflow_enable
 .text.drv_rtc_overflow_pending
                0x00027888       0x20 _build/nrf52832_xxaa/drv_rtc.c.o
                0x00027888                drv_rtc_overflow_pending
 .text.drv_rtc_compare_disable
                0x000278a8       0x18 _build/nrf52832_xxaa/drv_rtc.c.o
                0x000278a8                drv_rtc_compare_disable
 .text.drv_rtc_compare_pending
                0x000278c0       0x24 _build/nrf52832_xxaa/drv_rtc.c.o
                0x000278c0                drv_rtc_compare_pending
 .text.drv_rtc_counter_get
                0x000278e4        0x8 _build/nrf52832_xxaa/drv_rtc.c.o
                0x000278e4                drv_rtc_counter_get
 .text.drv_rtc_irq_trigger
                0x000278ec       0x24 _build/nrf52832_xxaa/drv_rtc.c.o
                0x000278ec                drv_rtc_irq_trigger
 .text.RTC1_IRQHandler
                0x00027910       0x14 _build/nrf52832_xxaa/drv_rtc.c.o
                0x00027910                RTC1_IRQHandler
 .text.nrf_atfifo_init
                0x00027924       0x30 _build/nrf52832_xxaa/nrf_atfifo.c.o
                0x00027924                nrf_atfifo_init
 .text.nrf_atfifo_clear
                0x00027954       0x44 _build/nrf52832_xxaa/nrf_atfifo.c.o
                0x00027954                nrf_atfifo_clear
 .text.nrf_atfifo_item_alloc
                0x00027998       0x58 _build/nrf52832_xxaa/nrf_atfifo.c.o
                0x00027998                nrf_atfifo_item_alloc
 .text.nrf_atfifo_item_put
                0x000279f0       0x20 _build/nrf52832_xxaa/nrf_atfifo.c.o
                0x000279f0                nrf_atfifo_item_put
 .text.nrf_atfifo_item_get
                0x00027a10       0x5c _build/nrf52832_xxaa/nrf_atfifo.c.o
                0x00027a10                nrf_atfifo_item_get
 .text.nrf_atfifo_item_free
                0x00027a6c       0x20 _build/nrf52832_xxaa/nrf_atfifo.c.o
                0x00027a6c                nrf_atfifo_item_free
 .text.nrf_atflags_set
                0x00027a8c       0x14 _build/nrf52832_xxaa/nrf_atflags.c.o
                0x00027a8c                nrf_atflags_set
 .text.nrf_atflags_clear
                0x00027aa0       0x14 _build/nrf52832_xxaa/nrf_atflags.c.o
                0x00027aa0                nrf_atflags_clear
 .text.nrf_atflags_get
                0x00027ab4       0x14 _build/nrf52832_xxaa/nrf_atflags.c.o
                0x00027ab4                nrf_atflags_get
 .text.nrf_atomic_u32_fetch_store
                0x00027ac8       0x14 _build/nrf52832_xxaa/nrf_atomic.c.o
                0x00027ac8                nrf_atomic_u32_fetch_store
 .text.nrf_atomic_u32_or
                0x00027adc       0x18 _build/nrf52832_xxaa/nrf_atomic.c.o
                0x00027adc                nrf_atomic_u32_or
 .text.nrf_atomic_u32_and
                0x00027af4       0x18 _build/nrf52832_xxaa/nrf_atomic.c.o
                0x00027af4                nrf_atomic_u32_and
 .text.nrf_atomic_u32_add
                0x00027b0c       0x18 _build/nrf52832_xxaa/nrf_atomic.c.o
                0x00027b0c                nrf_atomic_u32_add
 .text.nrf_atomic_u32_sub
                0x00027b24       0x18 _build/nrf52832_xxaa/nrf_atomic.c.o
                0x00027b24                nrf_atomic_u32_sub
 .text.nrf_atomic_flag_set_fetch
                0x00027b3c       0x18 _build/nrf52832_xxaa/nrf_atomic.c.o
                0x00027b3c                nrf_atomic_flag_set_fetch
 .text.nrf_atomic_flag_set
                0x00027b54       0x18 _build/nrf52832_xxaa/nrf_atomic.c.o
                0x00027b54                nrf_atomic_flag_set
 .text.nrf_atomic_flag_clear_fetch
                0x00027b6c       0x18 _build/nrf52832_xxaa/nrf_atomic.c.o
                0x00027b6c                nrf_atomic_flag_clear_fetch
 .text.nrf_balloc_init
                0x00027b84       0x38 _build/nrf52832_xxaa/nrf_balloc.c.o
                0x00027b84                nrf_balloc_init
 .text.nrf_balloc_alloc
                0x00027bbc       0x50 _build/nrf52832_xxaa/nrf_balloc.c.o
                0x00027bbc                nrf_balloc_alloc
 .text.nrf_balloc_free
                0x00027c0c       0x38 _build/nrf52832_xxaa/nrf_balloc.c.o
                0x00027c0c                nrf_balloc_free
 .text.nrf_fprintf_buffer_flush
                0x00027c44       0x18 _build/nrf52832_xxaa/nrf_fprintf.c.o
                0x00027c44                nrf_fprintf_buffer_flush
 .text.nrf_fprintf
                0x00027c5c       0x20 _build/nrf52832_xxaa/nrf_fprintf.c.o
                0x00027c5c                nrf_fprintf
 .text.unsigned_print
                0x00027c7c      0x10c _build/nrf52832_xxaa/nrf_fprintf_format.c.o
 .text.nrf_fprintf_fmt
                0x00027d88      0x5c4 _build/nrf52832_xxaa/nrf_fprintf_format.c.o
                0x00027d88                nrf_fprintf_fmt
 .text.nrf_fstorage_init
                0x0002834c       0x5c _build/nrf52832_xxaa/nrf_fstorage.c.o
                0x0002834c                nrf_fstorage_init
 .text.nrf_fstorage_read
                0x000283a8       0xf8 _build/nrf52832_xxaa/nrf_fstorage.c.o
                0x000283a8                nrf_fstorage_read
 .text.nrf_fstorage_write
                0x000284a0      0x13c _build/nrf52832_xxaa/nrf_fstorage.c.o
                0x000284a0                nrf_fstorage_write
 .text.nrf_fstorage_erase
                0x000285dc       0xf4 _build/nrf52832_xxaa/nrf_fstorage.c.o
                0x000285dc                nrf_fstorage_erase
 .text.nrf_fstorage_is_busy
                0x000286d0       0x50 _build/nrf52832_xxaa/nrf_fstorage.c.o
                0x000286d0                nrf_fstorage_is_busy
 .text.sd_flash_write
                0x00028720        0x4 _build/nrf52832_xxaa/nrf_fstorage_sd.c.o
 .text.sd_flash_page_erase
                0x00028724        0x4 _build/nrf52832_xxaa/nrf_fstorage_sd.c.o
 .text.rmap     0x00028728        0x4 _build/nrf52832_xxaa/nrf_fstorage_sd.c.o
 .text.wmap     0x0002872c        0x4 _build/nrf52832_xxaa/nrf_fstorage_sd.c.o
 .text.is_busy  0x00028730       0x10 _build/nrf52832_xxaa/nrf_fstorage_sd.c.o
 .text.nrf_fstorage_sdh_req_handler
                0x00028740       0x14 _build/nrf52832_xxaa/nrf_fstorage_sd.c.o
                0x00028740                nrf_fstorage_sdh_req_handler
 .text.read     0x00028754       0x10 _build/nrf52832_xxaa/nrf_fstorage_sd.c.o
 .text.uninit   0x00028764       0x20 _build/nrf52832_xxaa/nrf_fstorage_sd.c.o
 .text.init     0x00028784       0x38 _build/nrf52832_xxaa/nrf_fstorage_sd.c.o
 .text.queue_process
                0x000287bc      0x18c _build/nrf52832_xxaa/nrf_fstorage_sd.c.o
 .text.write    0x00028948       0x70 _build/nrf52832_xxaa/nrf_fstorage_sd.c.o
 .text.erase    0x000289b8       0x6c _build/nrf52832_xxaa/nrf_fstorage_sd.c.o
 .text.nrf_fstorage_sdh_state_handler
                0x00028a24      0x1a0 _build/nrf52832_xxaa/nrf_fstorage_sd.c.o
                0x00028a24                nrf_fstorage_sdh_state_handler
 .text.nrf_fstorage_sys_evt_handler
                0x00028bc4      0x254 _build/nrf52832_xxaa/nrf_fstorage_sd.c.o
                0x00028bc4                nrf_fstorage_sys_evt_handler
 .text.nrf_memobj_pool_init
                0x00028e18        0x4 _build/nrf52832_xxaa/nrf_memobj.c.o
                0x00028e18                nrf_memobj_pool_init
 .text.nrf_memobj_alloc
                0x00028e1c       0x84 _build/nrf52832_xxaa/nrf_memobj.c.o
                0x00028e1c                nrf_memobj_alloc
 .text.nrf_memobj_get
                0x00028ea0        0x8 _build/nrf52832_xxaa/nrf_memobj.c.o
                0x00028ea0                nrf_memobj_get
 .text.nrf_memobj_put
                0x00028ea8       0x44 _build/nrf52832_xxaa/nrf_memobj.c.o
                0x00028ea8                nrf_memobj_put
 .text.nrf_memobj_write
                0x00028eec       0x68 _build/nrf52832_xxaa/nrf_memobj.c.o
                0x00028eec                nrf_memobj_write
 .text.nrf_memobj_read
                0x00028f54       0x68 _build/nrf52832_xxaa/nrf_memobj.c.o
                0x00028f54                nrf_memobj_read
 .text.sd_app_evt_wait
                0x00028fbc        0x4 _build/nrf52832_xxaa/nrf_pwr_mgmt.c.o
 .text.nrf_pwr_mgmt_init
                0x00028fc0       0x2c _build/nrf52832_xxaa/nrf_pwr_mgmt.c.o
                0x00028fc0                nrf_pwr_mgmt_init
 .text.nrf_pwr_mgmt_run
                0x00028fec       0x50 _build/nrf52832_xxaa/nrf_pwr_mgmt.c.o
                0x00028fec                nrf_pwr_mgmt_run
 .text.nrf_ringbuf_init
                0x0002903c       0x1c _build/nrf52832_xxaa/nrf_ringbuf.c.o
                0x0002903c                nrf_ringbuf_init
 .text.nrf_section_iter_init
                0x00029058       0x14 _build/nrf52832_xxaa/nrf_section_iter.c.o
                0x00029058                nrf_section_iter_init
 .text.nrf_section_iter_next
                0x0002906c       0x18 _build/nrf52832_xxaa/nrf_section_iter.c.o
                0x0002906c                nrf_section_iter_next
 .text.nrf_sortlist_add
                0x00029084       0x28 _build/nrf52832_xxaa/nrf_sortlist.c.o
                0x00029084                nrf_sortlist_add
 .text.nrf_sortlist_pop
                0x000290ac        0xc _build/nrf52832_xxaa/nrf_sortlist.c.o
                0x000290ac                nrf_sortlist_pop
 .text.nrf_sortlist_peek
                0x000290b8        0x8 _build/nrf52832_xxaa/nrf_sortlist.c.o
                0x000290b8                nrf_sortlist_peek
 .text.nrf_sortlist_remove
                0x000290c0       0x28 _build/nrf52832_xxaa/nrf_sortlist.c.o
                0x000290c0                nrf_sortlist_remove
 .text.nrf_strerror_get
                0x000290e8       0x6c _build/nrf52832_xxaa/nrf_strerror.c.o
                0x000290e8                nrf_strerror_get
 .text.SystemInit
                0x00029154      0x390 _build/nrf52832_xxaa/system_nrf52.c.o
                0x00029154                SystemInit
 .text.POWER_CLOCK_IRQHandler
                0x000294e4       0x64 _build/nrf52832_xxaa/nrfx_clock.c.o
                0x000294e4                POWER_CLOCK_IRQHandler
 .text.GPIOTE_IRQHandler
                0x00029548      0x2cc _build/nrf52832_xxaa/nrfx_gpiote.c.o
                0x00029548                GPIOTE_IRQHandler
 .text.UARTE0_UART0_IRQHandler
                0x00029814        0xc _build/nrf52832_xxaa/nrfx_prs.c.o
                0x00029814                UARTE0_UART0_IRQHandler
 .text.sd_ble_gap_disconnect
                0x00029820        0x4 _build/nrf52832_xxaa/main.c.o
 .text.get_poi_beacon
                0x00029824        0x8 _build/nrf52832_xxaa/main.c.o
                0x00029824                get_poi_beacon
 .text.get_poi_flags
                0x0002982c        0x8 _build/nrf52832_xxaa/main.c.o
                0x0002982c                get_poi_flags
 .text.get_m_gatt
                0x00029834        0x8 _build/nrf52832_xxaa/main.c.o
                0x00029834                get_m_gatt
 .text.get_m_qwr
                0x0002983c        0x8 _build/nrf52832_xxaa/main.c.o
                0x0002983c                get_m_qwr
 .text.poi_power_mgmt_init
                0x00029844       0x14 _build/nrf52832_xxaa/main.c.o
                0x00029844                poi_power_mgmt_init
 .text.startup.main
                0x00029858      0x178 _build/nrf52832_xxaa/main.c.o
                0x00029858                main
 .text.SEGGER_RTT_WriteNoLock
                0x000299d0      0x168 _build/nrf52832_xxaa/SEGGER_RTT.c.o
                0x000299d0                SEGGER_RTT_WriteNoLock
 .text.SEGGER_RTT_Init
                0x00029b38       0x60 _build/nrf52832_xxaa/SEGGER_RTT.c.o
                0x00029b38                SEGGER_RTT_Init
 .text.sd_ble_gap_addr_get
                0x00029b98        0x4 _build/nrf52832_xxaa/ble_advdata.c.o
 .text.sd_ble_gap_appearance_get
                0x00029b9c        0x4 _build/nrf52832_xxaa/ble_advdata.c.o
 .text.sd_ble_gap_device_name_get
                0x00029ba0        0x4 _build/nrf52832_xxaa/ble_advdata.c.o
 .text.sd_ble_uuid_encode
                0x00029ba4        0x4 _build/nrf52832_xxaa/ble_advdata.c.o
 .text.uuid_list_sized_encode
                0x00029ba8       0xb4 _build/nrf52832_xxaa/ble_advdata.c.o
 .text.ble_advdata_encode
                0x00029c5c      0x3fc _build/nrf52832_xxaa/ble_advdata.c.o
                0x00029c5c                ble_advdata_encode
 .text.sd_ble_gap_conn_param_update
                0x0002a058        0x4 _build/nrf52832_xxaa/ble_conn_params.c.o
 .text.sd_ble_gap_disconnect
                0x0002a05c        0x4 _build/nrf52832_xxaa/ble_conn_params.c.o
 .text.sd_ble_gap_ppcp_set
                0x0002a060        0x4 _build/nrf52832_xxaa/ble_conn_params.c.o
 .text.sd_ble_gap_ppcp_get
                0x0002a064        0x4 _build/nrf52832_xxaa/ble_conn_params.c.o
 .text.update_timeout_handler
                0x0002a068       0x80 _build/nrf52832_xxaa/ble_conn_params.c.o
 .text.ble_evt_handler
                0x0002a0e8      0x1d4 _build/nrf52832_xxaa/ble_conn_params.c.o
 .text.ble_conn_params_init
                0x0002a2bc       0x7c _build/nrf52832_xxaa/ble_conn_params.c.o
                0x0002a2bc                ble_conn_params_init
 .text.ble_evt_handler
                0x0002a338      0x160 _build/nrf52832_xxaa/ble_conn_state.c.o
 .text.ble_srv_is_notification_enabled
                0x0002a498        0x8 _build/nrf52832_xxaa/ble_srv_common.c.o
                0x0002a498                ble_srv_is_notification_enabled
 .text.sd_ble_gap_data_length_update
                0x0002a4a0        0x4 _build/nrf52832_xxaa/nrf_ble_gatt.c.o
 .text.sd_ble_gattc_exchange_mtu_request
                0x0002a4a4        0x4 _build/nrf52832_xxaa/nrf_ble_gatt.c.o
 .text.sd_ble_gatts_exchange_mtu_reply
                0x0002a4a8        0x4 _build/nrf52832_xxaa/nrf_ble_gatt.c.o
 .text.nrf_ble_gatt_init
                0x0002a4ac       0x2c _build/nrf52832_xxaa/nrf_ble_gatt.c.o
                0x0002a4ac                nrf_ble_gatt_init
 .text.nrf_ble_gatt_on_ble_evt
                0x0002a4d8      0x1fc _build/nrf52832_xxaa/nrf_ble_gatt.c.o
                0x0002a4d8                nrf_ble_gatt_on_ble_evt
 .text.sd_ble_gatts_rw_authorize_reply
                0x0002a6d4        0x4 _build/nrf52832_xxaa/nrf_ble_qwr.c.o
 .text.sd_ble_user_mem_reply
                0x0002a6d8        0x4 _build/nrf52832_xxaa/nrf_ble_qwr.c.o
 .text.nrf_ble_qwr_init
                0x0002a6dc       0x24 _build/nrf52832_xxaa/nrf_ble_qwr.c.o
                0x0002a6dc                nrf_ble_qwr_init
 .text.nrf_ble_qwr_conn_handle_assign
                0x0002a700       0x18 _build/nrf52832_xxaa/nrf_ble_qwr.c.o
                0x0002a700                nrf_ble_qwr_conn_handle_assign
 .text.nrf_ble_qwr_on_ble_evt
                0x0002a718       0xf8 _build/nrf52832_xxaa/nrf_ble_qwr.c.o
                0x0002a718                nrf_ble_qwr_on_ble_evt
 .text.sd_softdevice_enable
                0x0002a810        0x4 _build/nrf52832_xxaa/nrf_sdh.c.o
 .text.sd_softdevice_disable
                0x0002a814        0x4 _build/nrf52832_xxaa/nrf_sdh.c.o
 .text.nrf_sdh_enable_request
                0x0002a818      0x114 _build/nrf52832_xxaa/nrf_sdh.c.o
                0x0002a818                nrf_sdh_enable_request
 .text.nrf_sdh_disable_request
                0x0002a92c       0xe8 _build/nrf52832_xxaa/nrf_sdh.c.o
                0x0002a92c                nrf_sdh_disable_request
 .text.nrf_sdh_request_continue
                0x0002aa14       0x20 _build/nrf52832_xxaa/nrf_sdh.c.o
                0x0002aa14                nrf_sdh_request_continue
 .text.nrf_sdh_is_enabled
                0x0002aa34        0xc _build/nrf52832_xxaa/nrf_sdh.c.o
                0x0002aa34                nrf_sdh_is_enabled
 .text.SWI2_EGU2_IRQHandler
                0x0002aa40       0x2c _build/nrf52832_xxaa/nrf_sdh.c.o
                0x0002aa40                SWI2_EGU2_IRQHandler
 .text.sd_ble_enable
                0x0002aa6c        0x4 _build/nrf52832_xxaa/nrf_sdh_ble.c.o
 .text.sd_ble_cfg_set
                0x0002aa70        0x4 _build/nrf52832_xxaa/nrf_sdh_ble.c.o
 .text.sd_ble_evt_get
                0x0002aa74        0x4 _build/nrf52832_xxaa/nrf_sdh_ble.c.o
 .text.nrf_sdh_ble_evts_poll
                0x0002aa78       0x58 _build/nrf52832_xxaa/nrf_sdh_ble.c.o
 .text.nrf_sdh_ble_default_cfg_set
                0x0002aad0      0x178 _build/nrf52832_xxaa/nrf_sdh_ble.c.o
                0x0002aad0                nrf_sdh_ble_default_cfg_set
 .text.nrf_sdh_ble_enable
                0x0002ac48       0x9c _build/nrf52832_xxaa/nrf_sdh_ble.c.o
                0x0002ac48                nrf_sdh_ble_enable
 .text.sd_evt_get
                0x0002ace4        0x4 _build/nrf52832_xxaa/nrf_sdh_soc.c.o
 .text.nrf_sdh_soc_evts_poll
                0x0002ace8       0x4c _build/nrf52832_xxaa/nrf_sdh_soc.c.o
 .text.SAADC_IRQHandler
                0x0002ad34      0x1f0 _build/nrf52832_xxaa/nrfx_saadc.c.o
                0x0002ad34                SAADC_IRQHandler
 .text.nrfx_saadc_init
                0x0002af24       0xa8 _build/nrf52832_xxaa/nrfx_saadc.c.o
                0x0002af24                nrfx_saadc_init
 .text.nrfx_saadc_uninit
                0x0002afcc      0x2c0 _build/nrf52832_xxaa/nrfx_saadc.c.o
                0x0002afcc                nrfx_saadc_uninit
 .text.nrfx_saadc_channel_init
                0x0002b28c       0xd8 _build/nrf52832_xxaa/nrfx_saadc.c.o
                0x0002b28c                nrfx_saadc_channel_init
 .text.nrfx_saadc_sample_convert
                0x0002b364      0x19c _build/nrf52832_xxaa/nrfx_saadc.c.o
                0x0002b364                nrfx_saadc_sample_convert
 .text.sd_rand_application_bytes_available_get
                0x0002b500        0x4 _build/nrf52832_xxaa/nrf_drv_rng.c.o
 .text.sd_rand_application_vector_get
                0x0002b504        0x4 _build/nrf52832_xxaa/nrf_drv_rng.c.o
 .text.nrfx_rng_handler
                0x0002b508       0x54 _build/nrf52832_xxaa/nrf_drv_rng.c.o
 .text.sd_state_evt_handler
                0x0002b55c       0x54 _build/nrf52832_xxaa/nrf_drv_rng.c.o
 .text.nrf_drv_rng_init
                0x0002b5b0       0x60 _build/nrf52832_xxaa/nrf_drv_rng.c.o
                0x0002b5b0                nrf_drv_rng_init
 .text.nrf_drv_rng_bytes_available
                0x0002b610       0x20 _build/nrf52832_xxaa/nrf_drv_rng.c.o
                0x0002b610                nrf_drv_rng_bytes_available
 .text.nrf_drv_rng_rand
                0x0002b630       0x78 _build/nrf52832_xxaa/nrf_drv_rng.c.o
                0x0002b630                nrf_drv_rng_rand
 .text.nrfx_rng_init
                0x0002b6a8       0x60 _build/nrf52832_xxaa/nrfx_rng.c.o
                0x0002b6a8                nrfx_rng_init
 .text.nrfx_rng_start
                0x0002b708       0x24 _build/nrf52832_xxaa/nrfx_rng.c.o
                0x0002b708                nrfx_rng_start
 .text.nrfx_rng_stop
                0x0002b72c       0x18 _build/nrf52832_xxaa/nrfx_rng.c.o
                0x0002b72c                nrfx_rng_stop
 .text.nrfx_rng_uninit
                0x0002b744       0x3c _build/nrf52832_xxaa/nrfx_rng.c.o
                0x0002b744                nrfx_rng_uninit
 .text.RNG_IRQHandler
                0x0002b780       0x2c _build/nrf52832_xxaa/nrfx_rng.c.o
                0x0002b780                RNG_IRQHandler
 .text.nrf_queue_is_full
                0x0002b7ac       0x1c _build/nrf52832_xxaa/nrf_queue.c.o
                0x0002b7ac                nrf_queue_is_full
 .text.nrf_queue_push
                0x0002b7c8       0xec _build/nrf52832_xxaa/nrf_queue.c.o
                0x0002b7c8                nrf_queue_push
 .text.nrf_queue_read
                0x0002b8b4       0xb0 _build/nrf52832_xxaa/nrf_queue.c.o
                0x0002b8b4                nrf_queue_read
 .text.nrf_queue_utilization_get
                0x0002b964       0x44 _build/nrf52832_xxaa/nrf_queue.c.o
                0x0002b964                nrf_queue_utilization_get
 .text.poi_log_init
                0x0002b9a8       0x1c _build/nrf52832_xxaa/poi_log.c.o
                0x0002b9a8                poi_log_init
 .text.sd_ble_gatts_service_add
                0x0002b9c4        0x4 _build/nrf52832_xxaa/poi_service.c.o
 .text.sd_ble_gatts_characteristic_add
                0x0002b9c8        0x4 _build/nrf52832_xxaa/poi_service.c.o
 .text.sd_ble_uuid_vs_add
                0x0002b9cc        0x4 _build/nrf52832_xxaa/poi_service.c.o
 .text.nrf_qwr_error_handler
                0x0002b9d0        0x4 _build/nrf52832_xxaa/poi_service.c.o
                0x0002b9d0                nrf_qwr_error_handler
 .text.ble_our_service_on_ble_evt
                0x0002b9d4       0x28 _build/nrf52832_xxaa/poi_service.c.o
                0x0002b9d4                ble_our_service_on_ble_evt
 .text.password_char_add
                0x0002b9fc       0x98 _build/nrf52832_xxaa/poi_service.c.o
                0x0002b9fc                password_char_add
 .text.uuid_char_add
                0x0002ba94       0xc4 _build/nrf52832_xxaa/poi_service.c.o
                0x0002ba94                uuid_char_add
 .text.beacon_char_add
                0x0002bb58       0xc4 _build/nrf52832_xxaa/poi_service.c.o
                0x0002bb58                beacon_char_add
 .text.poi_service_init
                0x0002bc1c       0x7c _build/nrf52832_xxaa/poi_service.c.o
                0x0002bc1c                poi_service_init
 .text.sd_ble_gap_disconnect
                0x0002bc98        0x4 _build/nrf52832_xxaa/poi_softdevice.c.o
 .text.sd_ble_gap_ppcp_set
                0x0002bc9c        0x4 _build/nrf52832_xxaa/poi_softdevice.c.o
 .text.sd_ble_gap_device_name_set
                0x0002bca0        0x4 _build/nrf52832_xxaa/poi_softdevice.c.o
 .text.sd_ble_gap_phy_update
                0x0002bca4        0x4 _build/nrf52832_xxaa/poi_softdevice.c.o
 .text.conn_params_error_handler
                0x0002bca8        0x4 _build/nrf52832_xxaa/poi_softdevice.c.o
                0x0002bca8                conn_params_error_handler
 .text.ble_evt_handler
                0x0002bcac       0xb4 _build/nrf52832_xxaa/poi_softdevice.c.o
                0x0002bcac                ble_evt_handler
 .text.on_conn_params_evt
                0x0002bd60       0x24 _build/nrf52832_xxaa/poi_softdevice.c.o
                0x0002bd60                on_conn_params_evt
 .text.poi_conn_params_init
                0x0002bd84       0x4c _build/nrf52832_xxaa/poi_softdevice.c.o
                0x0002bd84                poi_conn_params_init
 .text.poi_gap_params_init
                0x0002bdd0       0x50 _build/nrf52832_xxaa/poi_softdevice.c.o
                0x0002bdd0                poi_gap_params_init
 .text.poi_softdevice_init
                0x0002be20       0x38 _build/nrf52832_xxaa/poi_softdevice.c.o
                0x0002be20                poi_softdevice_init
 .text.get_m_poilabs_service
                0x0002be58        0x8 _build/nrf52832_xxaa/poi_softdevice.c.o
                0x0002be58                get_m_poilabs_service
 .text.poi_gatt_init
                0x0002be60       0x18 _build/nrf52832_xxaa/poi_gatt_init.c.o
                0x0002be60                poi_gatt_init
 .text.sd_ble_gap_adv_set_configure
                0x0002be78        0x4 _build/nrf52832_xxaa/poi_advertising.c.o
 .text.sd_ble_gap_adv_start
                0x0002be7c        0x4 _build/nrf52832_xxaa/poi_advertising.c.o
 .text.sd_ble_gap_adv_stop
                0x0002be80        0x4 _build/nrf52832_xxaa/poi_advertising.c.o
 .text.poi_advertising_init
                0x0002be84      0x154 _build/nrf52832_xxaa/poi_advertising.c.o
                0x0002be84                poi_advertising_init
 .text.poi_advertising_start
                0x0002bfd8       0x1c _build/nrf52832_xxaa/poi_advertising.c.o
                0x0002bfd8                poi_advertising_start
 .text.poi_advertising_stop
                0x0002bff4       0x1c _build/nrf52832_xxaa/poi_advertising.c.o
                0x0002bff4                poi_advertising_stop
 .text.sd_ble_gap_disconnect
                0x0002c010        0x4 _build/nrf52832_xxaa/poi_char_action.c.o
 .text.char_write_action
                0x0002c014       0xb0 _build/nrf52832_xxaa/poi_char_action.c.o
                0x0002c014                char_write_action
 .text.password_timeout_timer_handler
                0x0002c0c4       0x10 _build/nrf52832_xxaa/poi_timer.c.o
                0x0002c0c4                password_timeout_timer_handler
 .text.encryption_timeout_timer_handler
                0x0002c0d4       0x10 _build/nrf52832_xxaa/poi_timer.c.o
                0x0002c0d4                encryption_timeout_timer_handler
 .text.password_timeout_timer_start
                0x0002c0e4       0x20 _build/nrf52832_xxaa/poi_timer.c.o
                0x0002c0e4                password_timeout_timer_start
 .text.password_timeout_timer_stop
                0x0002c104        0xc _build/nrf52832_xxaa/poi_timer.c.o
                0x0002c104                password_timeout_timer_stop
 .text.encryption_timeout_timer_start
                0x0002c110       0x20 _build/nrf52832_xxaa/poi_timer.c.o
                0x0002c110                encryption_timeout_timer_start
 .text.encryption_timeout_timer_stop
                0x0002c130        0xc _build/nrf52832_xxaa/poi_timer.c.o
                0x0002c130                encryption_timeout_timer_stop
 .text.poi_timer_init
                0x0002c13c       0x44 _build/nrf52832_xxaa/poi_timer.c.o
                0x0002c13c                poi_timer_init
 .text.sd_app_evt_wait
                0x0002c180        0x4 _build/nrf52832_xxaa/poi_flash_storage.c.o
 .text.poi_flash_init
                0x0002c184       0x20 _build/nrf52832_xxaa/poi_flash_storage.c.o
                0x0002c184                poi_flash_init
 .text.poi_flash_write_beacon_info
                0x0002c1a4       0x60 _build/nrf52832_xxaa/poi_flash_storage.c.o
                0x0002c1a4                poi_flash_write_beacon_info
 .text.poi_flash_read_beacon_info
                0x0002c204       0x4c _build/nrf52832_xxaa/poi_flash_storage.c.o
                0x0002c204                poi_flash_read_beacon_info
 .text.poi_flash_erase_beacon_info
                0x0002c250       0x48 _build/nrf52832_xxaa/poi_flash_storage.c.o
                0x0002c250                poi_flash_erase_beacon_info
 .text.poi_update_battery_value
                0x0002c298       0xa4 _build/nrf52832_xxaa/poi_battery.c.o
                0x0002c298                poi_update_battery_value
 .text.poi_rng_init
                0x0002c33c       0x14 _build/nrf52832_xxaa/poi_encryption.c.o
                0x0002c33c                poi_rng_init
 .text.poi_encryption_init
                0x0002c350      0x118 _build/nrf52832_xxaa/poi_encryption.c.o
                0x0002c350                poi_encryption_init
 .text.exit     0x0002c468       0x28 c:/program files (x86)/gnu tools arm embedded/7 2018-q2-update/bin/../lib/gcc/arm-none-eabi/7.3.1/../../../../arm-none-eabi/lib/thumb/v7e-m/fpv4-sp/hard\libc_nano.a(lib_a-exit.o)
                0x0002c468                exit
 .text.__libc_init_array
                0x0002c490       0x48 c:/program files (x86)/gnu tools arm embedded/7 2018-q2-update/bin/../lib/gcc/arm-none-eabi/7.3.1/../../../../arm-none-eabi/lib/thumb/v7e-m/fpv4-sp/hard\libc_nano.a(lib_a-init.o)
                0x0002c490                __libc_init_array
 .text.__locale_ctype_ptr
                0x0002c4d8       0x1c c:/program files (x86)/gnu tools arm embedded/7 2018-q2-update/bin/../lib/gcc/arm-none-eabi/7.3.1/../../../../arm-none-eabi/lib/thumb/v7e-m/fpv4-sp/hard\libc_nano.a(lib_a-locale.o)
                0x0002c4d8                __locale_ctype_ptr
 .text.__ascii_mbtowc
                0x0002c4f4       0x24 c:/program files (x86)/gnu tools arm embedded/7 2018-q2-update/bin/../lib/gcc/arm-none-eabi/7.3.1/../../../../arm-none-eabi/lib/thumb/v7e-m/fpv4-sp/hard\libc_nano.a(lib_a-mbtowc_r.o)
                0x0002c4f4                __ascii_mbtowc
 .text.memcmp   0x0002c518       0x1e c:/program files (x86)/gnu tools arm embedded/7 2018-q2-update/bin/../lib/gcc/arm-none-eabi/7.3.1/../../../../arm-none-eabi/lib/thumb/v7e-m/fpv4-sp/hard\libc_nano.a(lib_a-memcmp.o)
                0x0002c518                memcmp
 .text.memcpy   0x0002c536       0x16 c:/program files (x86)/gnu tools arm embedded/7 2018-q2-update/bin/../lib/gcc/arm-none-eabi/7.3.1/../../../../arm-none-eabi/lib/thumb/v7e-m/fpv4-sp/hard\libc_nano.a(lib_a-memcpy-stub.o)
                0x0002c536                memcpy
 .text.memset   0x0002c54c       0x10 c:/program files (x86)/gnu tools arm embedded/7 2018-q2-update/bin/../lib/gcc/arm-none-eabi/7.3.1/../../../../arm-none-eabi/lib/thumb/v7e-m/fpv4-sp/hard\libc_nano.a(lib_a-memset.o)
                0x0002c54c                memset
 .text.strcpy   0x0002c55c       0x10 c:/program files (x86)/gnu tools arm embedded/7 2018-q2-update/bin/../lib/gcc/arm-none-eabi/7.3.1/../../../../arm-none-eabi/lib/thumb/v7e-m/fpv4-sp/hard\libc_nano.a(lib_a-strcpy.o)
                0x0002c55c                strcpy
 .text          0x0002c56c       0x10 c:/program files (x86)/gnu tools arm embedded/7 2018-q2-update/bin/../lib/gcc/arm-none-eabi/7.3.1/../../../../arm-none-eabi/lib/thumb/v7e-m/fpv4-sp/hard\libc_nano.a(lib_a-strlen.o)
                0x0002c56c                strlen
 .text.__ascii_wctomb
                0x0002c57c       0x1a c:/program files (x86)/gnu tools arm embedded/7 2018-q2-update/bin/../lib/gcc/arm-none-eabi/7.3.1/../../../../arm-none-eabi/lib/thumb/v7e-m/fpv4-sp/hard\libc_nano.a(lib_a-wctomb_r.o)
                0x0002c57c                __ascii_wctomb
 *fill*         0x0002c596        0x2 
 .text._exit    0x0002c598        0x4 c:/program files (x86)/gnu tools arm embedded/7 2018-q2-update/bin/../lib/gcc/arm-none-eabi/7.3.1/../../../../arm-none-eabi/lib/thumb/v7e-m/fpv4-sp/hard\libnosys.a(_exit.o)
                0x0002c598                _exit
 *(.init)
 .init          0x0002c59c        0x4 c:/program files (x86)/gnu tools arm embedded/7 2018-q2-update/bin/../lib/gcc/arm-none-eabi/7.3.1/thumb/v7e-m/fpv4-sp/hard/crti.o
                0x0002c59c                _init
 .init          0x0002c5a0        0x8 c:/program files (x86)/gnu tools arm embedded/7 2018-q2-update/bin/../lib/gcc/arm-none-eabi/7.3.1/thumb/v7e-m/fpv4-sp/hard/crtn.o
 *(.fini)
 .fini          0x0002c5a8        0x4 c:/program files (x86)/gnu tools arm embedded/7 2018-q2-update/bin/../lib/gcc/arm-none-eabi/7.3.1/thumb/v7e-m/fpv4-sp/hard/crti.o
                0x0002c5a8                _fini
 .fini          0x0002c5ac        0x8 c:/program files (x86)/gnu tools arm embedded/7 2018-q2-update/bin/../lib/gcc/arm-none-eabi/7.3.1/thumb/v7e-m/fpv4-sp/hard/crtn.o
 *crtbegin.o(.ctors)
 *crtbegin?.o(.ctors)
 *(EXCLUDE_FILE(*crtend.o *crtend?.o) .ctors)
 *(SORT_BY_NAME(.ctors.*))
 *(.ctors)
 *crtbegin.o(.dtors)
 *crtbegin?.o(.dtors)
 *(EXCLUDE_FILE(*crtend.o *crtend?.o) .dtors)
 *(SORT_BY_NAME(.dtors.*))
 *(.dtors)
 *(.rodata*)
 *fill*         0x0002c5b4        0xc 
 .rodata.delay_machine_code.9121
                0x0002c5c0        0x6 _build/nrf52832_xxaa/nrf_log_backend_rtt.c.o
 *fill*         0x0002c5c6        0x2 
 .rodata.nrf_log_backend_rtt_api
                0x0002c5c8        0xc _build/nrf52832_xxaa/nrf_log_backend_rtt.c.o
                0x0002c5c8                nrf_log_backend_rtt_api
 .rodata.str1.4
                0x0002c5d4       0x10 _build/nrf52832_xxaa/nrf_log_default_backends.c.o
 .rodata.m_log_push_ringbuf
                0x0002c5e4        0xc _build/nrf52832_xxaa/nrf_log_frontend.c.o
 .rodata.nrf_log_frontend_dequeue.part.6.str1.4
                0x0002c5f0       0x11 _build/nrf52832_xxaa/nrf_log_frontend.c.o
 *fill*         0x0002c601        0x3 
 .rodata.str1.4
                0x0002c604        0x4 _build/nrf52832_xxaa/nrf_log_frontend.c.o
 .rodata.m_colors
                0x0002c608       0x24 _build/nrf52832_xxaa/nrf_log_str_formatter.c.o
 .rodata.nrf_log_hexdump_entry_process.str1.4
                0x0002c62c       0x13 _build/nrf52832_xxaa/nrf_log_str_formatter.c.o
                                 0x16 (size before relaxing)
 *fill*         0x0002c63f        0x1 
 .rodata.nrf_log_std_entry_process.str1.4
                0x0002c640       0x3b _build/nrf52832_xxaa/nrf_log_str_formatter.c.o
 *fill*         0x0002c67b        0x1 
 .rodata.severity_names
                0x0002c67c       0x14 _build/nrf52832_xxaa/nrf_log_str_formatter.c.o
 .rodata.str1.4
                0x0002c690       0x56 _build/nrf52832_xxaa/nrf_log_str_formatter.c.o
 *fill*         0x0002c6e6        0x2 
 .rodata.str1.4
                0x0002c6e8        0xb _build/nrf52832_xxaa/app_button.c.o
 *fill*         0x0002c6f3        0x1 
 .rodata.app_error_fault_handler.str1.4
                0x0002c6f4       0x19 _build/nrf52832_xxaa/app_error_weak.c.o
 *fill*         0x0002c70d        0x3 
 .rodata.m_app_timer_sortlist
                0x0002c710        0xc _build/nrf52832_xxaa/app_timer2.c.o
 .rodata.str1.4
                0x0002c71c        0xa _build/nrf52832_xxaa/app_timer2.c.o
 *fill*         0x0002c726        0xa 
 .rodata.delay_machine_code.8445
                0x0002c730        0x6 _build/nrf52832_xxaa/drv_rtc.c.o
 *fill*         0x0002c736        0x2 
 .rodata.drv_rtc_init.str1.4
                0x0002c738       0x36 _build/nrf52832_xxaa/drv_rtc.c.o
 *fill*         0x0002c76e        0x2 
 .rodata._aV2C.7542
                0x0002c770       0x10 _build/nrf52832_xxaa/nrf_fprintf_format.c.o
 .rodata.__func__.7714
                0x0002c780       0x12 _build/nrf52832_xxaa/nrf_fstorage.c.o
 *fill*         0x0002c792        0x2 
 .rodata.__func__.7727
                0x0002c794       0x12 _build/nrf52832_xxaa/nrf_fstorage.c.o
 *fill*         0x0002c7a6        0x2 
 .rodata.__func__.7735
                0x0002c7a8       0x13 _build/nrf52832_xxaa/nrf_fstorage.c.o
 *fill*         0x0002c7bb        0x1 
 .rodata.__func__.7742
                0x0002c7bc       0x13 _build/nrf52832_xxaa/nrf_fstorage.c.o
 *fill*         0x0002c7cf        0x1 
 .rodata.nrf_fstorage_erase.str1.4
                0x0002c7d0       0x77 _build/nrf52832_xxaa/nrf_fstorage.c.o
 *fill*         0x0002c847        0x1 
 .rodata.nrf_fstorage_init.str1.4
                0x0002c848       0x3a _build/nrf52832_xxaa/nrf_fstorage.c.o
 *fill*         0x0002c882        0x2 
 .rodata.nrf_fstorage_read.str1.4
                0x0002c884       0x4a _build/nrf52832_xxaa/nrf_fstorage.c.o
 *fill*         0x0002c8ce        0x2 
 .rodata.nrf_fstorage_uninit.str1.4
                0x0002c8d0        0xc _build/nrf52832_xxaa/nrf_fstorage.c.o
 .rodata.nrf_fstorage_write.str1.4
                0x0002c8dc       0x97 _build/nrf52832_xxaa/nrf_fstorage.c.o
 *fill*         0x0002c973        0x1 
 .rodata.str1.4
                0x0002c974        0xd _build/nrf52832_xxaa/nrf_fstorage.c.o
 *fill*         0x0002c981        0x3 
 .rodata.m_flash_info
                0x0002c984        0xc _build/nrf52832_xxaa/nrf_fstorage_sd.c.o
 .rodata.nrf_fstorage_sd
                0x0002c990       0x20 _build/nrf52832_xxaa/nrf_fstorage_sd.c.o
                0x0002c990                nrf_fstorage_sd
 .rodata.pwr_mgmt_data
                0x0002c9b0        0xc _build/nrf52832_xxaa/nrf_pwr_mgmt.c.o
 .rodata.str1.4
                0x0002c9bc        0x9 _build/nrf52832_xxaa/nrf_pwr_mgmt.c.o
 *fill*         0x0002c9c5        0x3 
 .rodata.str1.4
                0x0002c9c8        0x9 _build/nrf52832_xxaa/nrf_sortlist.c.o
 *fill*         0x0002c9d1        0x3 
 .rodata.m_unknown_str
                0x0002c9d4       0x13 _build/nrf52832_xxaa/nrf_strerror.c.o
 *fill*         0x0002c9e7        0x1 
 .rodata.nrf_strerror_array
                0x0002c9e8      0x128 _build/nrf52832_xxaa/nrf_strerror.c.o
 .rodata.str1.4
                0x0002cb10      0x3e9 _build/nrf52832_xxaa/nrf_strerror.c.o
 *fill*         0x0002cef9        0x3 
 .rodata.CSWTCH.15
                0x0002cefc        0x5 _build/nrf52832_xxaa/system_nrf52.c.o
 *fill*         0x0002cf01        0x3 
 .rodata.CSWTCH.19
                0x0002cf04        0x5 _build/nrf52832_xxaa/system_nrf52.c.o
 *fill*         0x0002cf09        0x3 
 .rodata.CSWTCH.5
                0x0002cf0c        0x5 _build/nrf52832_xxaa/system_nrf52.c.o
 *fill*         0x0002cf11        0x3 
 .rodata.str1.4
                0x0002cf14        0x6 _build/nrf52832_xxaa/nrfx_clock.c.o
 *fill*         0x0002cf1a        0x2 
 .rodata.str1.4
                0x0002cf1c        0x7 _build/nrf52832_xxaa/nrfx_gpiote.c.o
 *fill*         0x0002cf23        0x1 
 .rodata.str1.4
                0x0002cf24        0x4 _build/nrf52832_xxaa/nrfx_prs.c.o
 .rodata.str1.4
                0x0002cf28        0x5 _build/nrf52832_xxaa/nrfx_uart.c.o
 *fill*         0x0002cf2d        0x3 
 .rodata.str1.4
                0x0002cf30        0x6 _build/nrf52832_xxaa/nrfx_uarte.c.o
 *fill*         0x0002cf36        0x2 
 .rodata.SEGGER_RTT_ReadNoLock.str1.4
                0x0002cf38       0x17 _build/nrf52832_xxaa/SEGGER_RTT.c.o
 *fill*         0x0002cf4f        0x1 
 .rodata.str1.4
                0x0002cf50       0x11 _build/nrf52832_xxaa/gatt_cache_manager.c.o
 *fill*         0x0002cf61        0x3 
 .rodata.str1.4
                0x0002cf64       0x12 _build/nrf52832_xxaa/gatts_cache_manager.c.o
 *fill*         0x0002cf76        0x2 
 .rodata.nrf_ble_gatt_data_length_set.str1.4
                0x0002cf78       0xe2 _build/nrf52832_xxaa/nrf_ble_gatt.c.o
 *fill*         0x0002d05a        0x2 
 .rodata.nrf_ble_gatt_on_ble_evt.str1.4
                0x0002d05c       0x61 _build/nrf52832_xxaa/nrf_ble_gatt.c.o
 *fill*         0x0002d0bd        0x3 
 .rodata.str1.4
                0x0002d0c0        0xd _build/nrf52832_xxaa/nrf_ble_gatt.c.o
 *fill*         0x0002d0cd        0x3 
 .rodata        0x0002d0d0        0x4 _build/nrf52832_xxaa/nrf_sdh.c.o
 .rodata.sdh_req_observers
                0x0002d0d4        0xc _build/nrf52832_xxaa/nrf_sdh.c.o
 .rodata.sdh_stack_observers
                0x0002d0e0        0xc _build/nrf52832_xxaa/nrf_sdh.c.o
 .rodata.sdh_state_observers
                0x0002d0ec        0xc _build/nrf52832_xxaa/nrf_sdh.c.o
 .rodata.str1.4
                0x0002d0f8        0x8 _build/nrf52832_xxaa/nrf_sdh.c.o
 .rodata.nrf_sdh_ble_default_cfg_set.str1.4
                0x0002d100      0x187 _build/nrf52832_xxaa/nrf_sdh_ble.c.o
 *fill*         0x0002d287        0x1 
 .rodata.nrf_sdh_ble_enable.str1.4
                0x0002d288       0xad _build/nrf52832_xxaa/nrf_sdh_ble.c.o
 *fill*         0x0002d335        0x3 
 .rodata.sdh_ble_observers
                0x0002d338        0xc _build/nrf52832_xxaa/nrf_sdh_ble.c.o
 .rodata.str1.4
                0x0002d344        0xc _build/nrf52832_xxaa/nrf_sdh_ble.c.o
 .rodata.sdh_soc_observers
                0x0002d350        0xc _build/nrf52832_xxaa/nrf_sdh_soc.c.o
 .rodata.str1.4
                0x0002d35c        0xc _build/nrf52832_xxaa/nrf_sdh_soc.c.o
 .rodata.str1.4
                0x0002d368        0x6 _build/nrf52832_xxaa/nrfx_saadc.c.o
 *fill*         0x0002d36e        0x2 
 .rodata.m_default_config
                0x0002d370        0x2 _build/nrf52832_xxaa/nrf_drv_rng.c.o
 *fill*         0x0002d372        0x2 
 .rodata.str1.4
                0x0002d374        0x4 _build/nrf52832_xxaa/nrf_drv_rng.c.o
 .rodata.str1.4
                0x0002d378        0x4 _build/nrf52832_xxaa/nrfx_rng.c.o
 .rodata        0x0002d37c       0x10 _build/nrf52832_xxaa/poi_service.c.o
 .rodata.poi_gap_params_init.str1.4
                0x0002d38c       0x10 _build/nrf52832_xxaa/poi_softdevice.c.o
                                  0xe (size before relaxing)
 *fill*         0x0002d39c        0x4 
 .rodata.delay_machine_code.10319
                0x0002d3a0        0x6 _build/nrf52832_xxaa/poi_advertising.c.o
 *fill*         0x0002d3a6        0x2 
 .rodata.encryption_timeout_timer_id
                0x0002d3a8        0x4 _build/nrf52832_xxaa/poi_timer.c.o
 .rodata.password_timeout_timer_id
                0x0002d3ac        0x4 _build/nrf52832_xxaa/poi_timer.c.o
 .rodata.delay_machine_code.8536
                0x0002d3b0        0x6 _build/nrf52832_xxaa/poi_flash_storage.c.o
 *fill*         0x0002d3b6        0x2 
 .rodata        0x0002d3b8        0x9 _build/nrf52832_xxaa/poi_battery.c.o
 *fill*         0x0002d3c1        0x3 
 .rodata._global_impure_ptr
                0x0002d3c4        0x4 c:/program files (x86)/gnu tools arm embedded/7 2018-q2-update/bin/../lib/gcc/arm-none-eabi/7.3.1/../../../../arm-none-eabi/lib/thumb/v7e-m/fpv4-sp/hard\libc_nano.a(lib_a-impure.o)
                0x0002d3c4                _global_impure_ptr
 .rodata._setlocale_r.str1.1
                0x0002d3c8        0x8 c:/program files (x86)/gnu tools arm embedded/7 2018-q2-update/bin/../lib/gcc/arm-none-eabi/7.3.1/../../../../arm-none-eabi/lib/thumb/v7e-m/fpv4-sp/hard\libc_nano.a(lib_a-locale.o)
                                  0x9 (size before relaxing)
 .rodata.str1.1
                0x0002d3d0        0x2 c:/program files (x86)/gnu tools arm embedded/7 2018-q2-update/bin/../lib/gcc/arm-none-eabi/7.3.1/../../../../arm-none-eabi/lib/thumb/v7e-m/fpv4-sp/hard\libc_nano.a(lib_a-locale.o)
 .rodata._ctype_
                0x0002d3d2      0x101 c:/program files (x86)/gnu tools arm embedded/7 2018-q2-update/bin/../lib/gcc/arm-none-eabi/7.3.1/../../../../arm-none-eabi/lib/thumb/v7e-m/fpv4-sp/hard\libc_nano.a(lib_a-ctype_.o)
                0x0002d3d2                _ctype_
 *(.eh_frame*)
 *fill*         0x0002d4d3        0x1 
 .eh_frame      0x0002d4d4        0x0 c:/program files (x86)/gnu tools arm embedded/7 2018-q2-update/bin/../lib/gcc/arm-none-eabi/7.3.1/thumb/v7e-m/fpv4-sp/hard/crtbegin.o
 .eh_frame      0x0002d4d4        0x4 c:/program files (x86)/gnu tools arm embedded/7 2018-q2-update/bin/../lib/gcc/arm-none-eabi/7.3.1/thumb/v7e-m/fpv4-sp/hard/crtend.o

.glue_7         0x0002d4d8        0x0
 .glue_7        0x0002d4d8        0x0 linker stubs

.glue_7t        0x0002d4d8        0x0
 .glue_7t       0x0002d4d8        0x0 linker stubs

.vfp11_veneer   0x0002d4d8        0x0
 .vfp11_veneer  0x0002d4d8        0x0 linker stubs

.v4_bx          0x0002d4d8        0x0
 .v4_bx         0x0002d4d8        0x0 linker stubs

.iplt           0x0002d4d8        0x0
 .iplt          0x0002d4d8        0x0 c:/program files (x86)/gnu tools arm embedded/7 2018-q2-update/bin/../lib/gcc/arm-none-eabi/7.3.1/thumb/v7e-m/fpv4-sp/hard/crtbegin.o

.mem_section_dummy_rom

.sdh_soc_observers
                0x0002d4d8        0x8
                0x0002d4d8                PROVIDE (__start_sdh_soc_observers = .)
 *(SORT_BY_NAME(.sdh_soc_observers*))
 .sdh_soc_observers0
                0x0002d4d8        0x8 _build/nrf52832_xxaa/nrf_fstorage_sd.c.o
                0x0002d4e0                PROVIDE (__stop_sdh_soc_observers = .)

.pwr_mgmt_data  0x0002d4e0        0x0
                0x0002d4e0                PROVIDE (__start_pwr_mgmt_data = .)
 *(SORT_BY_NAME(.pwr_mgmt_data*))
                0x0002d4e0                PROVIDE (__stop_pwr_mgmt_data = .)

.sdh_ble_observers
                0x0002d4e0       0x30
                0x0002d4e0                PROVIDE (__start_sdh_ble_observers = .)
 *(SORT_BY_NAME(.sdh_ble_observers*))
 .sdh_ble_observers0
                0x0002d4e0        0x8 _build/nrf52832_xxaa/ble_conn_state.c.o
 .sdh_ble_observers1
                0x0002d4e8        0x8 _build/nrf52832_xxaa/main.c.o
 .sdh_ble_observers1
                0x0002d4f0        0x8 _build/nrf52832_xxaa/ble_conn_params.c.o
 .sdh_ble_observers2
                0x0002d4f8        0x8 _build/nrf52832_xxaa/main.c.o
 .sdh_ble_observers3
                0x0002d500       0x10 _build/nrf52832_xxaa/poi_softdevice.c.o
                0x0002d510                PROVIDE (__stop_sdh_ble_observers = .)

.log_const_data
                0x0002d510       0xa0
                0x0002d510                PROVIDE (__start_log_const_data = .)
 *(SORT_BY_NAME(.log_const_data*))
 .log_const_data_CLOCK
                0x0002d510        0x8 _build/nrf52832_xxaa/nrfx_clock.c.o
                0x0002d510                m_nrf_log_CLOCK_logs_data_const
 .log_const_data_GPIOTE
                0x0002d518        0x8 _build/nrf52832_xxaa/nrfx_gpiote.c.o
                0x0002d518                m_nrf_log_GPIOTE_logs_data_const
 .log_const_data_PRS
                0x0002d520        0x8 _build/nrf52832_xxaa/nrfx_prs.c.o
                0x0002d520                m_nrf_log_PRS_logs_data_const
 .log_const_data_RNG
                0x0002d528        0x8 _build/nrf52832_xxaa/nrfx_rng.c.o
                0x0002d528                m_nrf_log_RNG_logs_data_const
 .log_const_data_SAADC
                0x0002d530        0x8 _build/nrf52832_xxaa/nrfx_saadc.c.o
                0x0002d530                m_nrf_log_SAADC_logs_data_const
 .log_const_data_UART
                0x0002d538        0x8 _build/nrf52832_xxaa/nrfx_uart.c.o
                0x0002d538                m_nrf_log_UART_logs_data_const
 .log_const_data_UARTE
                0x0002d540        0x8 _build/nrf52832_xxaa/nrfx_uarte.c.o
                0x0002d540                m_nrf_log_UARTE_logs_data_const
 .log_const_data_app
                0x0002d548        0x8 _build/nrf52832_xxaa/nrf_log_frontend.c.o
                0x0002d548                m_nrf_log_app_logs_data_const
 .log_const_data_app_button
                0x0002d550        0x8 _build/nrf52832_xxaa/app_button.c.o
                0x0002d550                m_nrf_log_app_button_logs_data_const
 .log_const_data_app_timer
                0x0002d558        0x8 _build/nrf52832_xxaa/app_timer2.c.o
                0x0002d558                m_nrf_log_app_timer_logs_data_const
 .log_const_data_nrf_ble_gatt
                0x0002d560        0x8 _build/nrf52832_xxaa/nrf_ble_gatt.c.o
                0x0002d560                m_nrf_log_nrf_ble_gatt_logs_data_const
 .log_const_data_nrf_fstorage
                0x0002d568        0x8 _build/nrf52832_xxaa/nrf_fstorage.c.o
                0x0002d568                m_nrf_log_nrf_fstorage_logs_data_const
 .log_const_data_nrf_sdh
                0x0002d570        0x8 _build/nrf52832_xxaa/nrf_sdh.c.o
                0x0002d570                m_nrf_log_nrf_sdh_logs_data_const
 .log_const_data_nrf_sdh_ble
                0x0002d578        0x8 _build/nrf52832_xxaa/nrf_sdh_ble.c.o
                0x0002d578                m_nrf_log_nrf_sdh_ble_logs_data_const
 .log_const_data_nrf_sdh_soc
                0x0002d580        0x8 _build/nrf52832_xxaa/nrf_sdh_soc.c.o
                0x0002d580                m_nrf_log_nrf_sdh_soc_logs_data_const
 .log_const_data_peer_manager_gcm
                0x0002d588        0x8 _build/nrf52832_xxaa/gatt_cache_manager.c.o
                0x0002d588                m_nrf_log_peer_manager_gcm_logs_data_const
 .log_const_data_peer_manager_gscm
                0x0002d590        0x8 _build/nrf52832_xxaa/gatts_cache_manager.c.o
                0x0002d590                m_nrf_log_peer_manager_gscm_logs_data_const
 .log_const_data_pwr_mgmt
                0x0002d598        0x8 _build/nrf52832_xxaa/nrf_pwr_mgmt.c.o
                0x0002d598                m_nrf_log_pwr_mgmt_logs_data_const
 .log_const_data_rng
                0x0002d5a0        0x8 _build/nrf52832_xxaa/nrf_drv_rng.c.o
                0x0002d5a0                m_nrf_log_rng_logs_data_const
 .log_const_data_sortlist
                0x0002d5a8        0x8 _build/nrf52832_xxaa/nrf_sortlist.c.o
                0x0002d5a8                m_nrf_log_sortlist_logs_data_const
                0x0002d5b0                PROVIDE (__stop_log_const_data = .)

.nrf_balloc     0x0002d5b0       0x14
                [!provide]                PROVIDE (__start_nrf_balloc = .)
 *(.nrf_balloc)
 .nrf_balloc    0x0002d5b0       0x14 _build/nrf52832_xxaa/nrf_log_frontend.c.o
                0x0002d5b0                log_mempool
                [!provide]                PROVIDE (__stop_nrf_balloc = .)

.sdh_state_observers
                0x0002d5c4       0x10
                0x0002d5c4                PROVIDE (__start_sdh_state_observers = .)
 *(SORT_BY_NAME(.sdh_state_observers*))
 .sdh_state_observers0
                0x0002d5c4        0x8 _build/nrf52832_xxaa/nrf_fstorage_sd.c.o
 .sdh_state_observers0
                0x0002d5cc        0x8 _build/nrf52832_xxaa/nrf_drv_rng.c.o
                0x0002d5d4                PROVIDE (__stop_sdh_state_observers = .)

.sdh_stack_observers
                0x0002d5d4       0x10
                0x0002d5d4                PROVIDE (__start_sdh_stack_observers = .)
 *(SORT_BY_NAME(.sdh_stack_observers*))
 .sdh_stack_observers0
                0x0002d5d4        0x8 _build/nrf52832_xxaa/nrf_sdh_ble.c.o
 .sdh_stack_observers0
                0x0002d5dc        0x8 _build/nrf52832_xxaa/nrf_sdh_soc.c.o
                0x0002d5e4                PROVIDE (__stop_sdh_stack_observers = .)

.sdh_req_observers
                0x0002d5e4        0x8
                0x0002d5e4                PROVIDE (__start_sdh_req_observers = .)
 *(SORT_BY_NAME(.sdh_req_observers*))
 .sdh_req_observers0
                0x0002d5e4        0x8 _build/nrf52832_xxaa/nrf_fstorage_sd.c.o
                0x0002d5e4                m_req_obs
                0x0002d5ec                PROVIDE (__stop_sdh_req_observers = .)

.nrf_queue      0x0002d5ec       0x14
                [!provide]                PROVIDE (__start_nrf_queue = .)
 *(.nrf_queue)
 .nrf_queue     0x0002d5ec       0x14 _build/nrf52832_xxaa/nrf_drv_rng.c.o
                0x0002d5ec                m_rand_pool
                [!provide]                PROVIDE (__stop_nrf_queue = .)

.log_backends   0x0002d600       0x10
 .log_backends  0x0002d600       0x10 _build/nrf52832_xxaa/nrf_log_default_backends.c.o

.cli_command    0x0002d610        0x0
                [!provide]                PROVIDE (__start_cli_command = .)
 *(.cli_command)
                [!provide]                PROVIDE (__stop_cli_command = .)

.crypto_data    0x0002d610        0x0
                [!provide]                PROVIDE (__start_crypto_data = .)
 *(SORT_BY_NAME(.crypto_data*))
                [!provide]                PROVIDE (__stop_crypto_data = .)

.ARM.extab
 *(.ARM.extab* .gnu.linkonce.armextab.*)
                0x0002d610                __exidx_start = .

.ARM.exidx      0x0002d610        0x8
 *(.ARM.exidx* .gnu.linkonce.armexidx.*)
 .ARM.exidx     0x0002d610        0x8 c:/program files (x86)/gnu tools arm embedded/7 2018-q2-update/bin/../lib/gcc/arm-none-eabi/7.3.1/../../../../arm-none-eabi/lib/thumb/v7e-m/fpv4-sp/hard/crt0.o
                0x0002d618                __exidx_end = .

.rel.dyn        0x0002d618        0x0
 .rel.iplt      0x0002d618        0x0 c:/program files (x86)/gnu tools arm embedded/7 2018-q2-update/bin/../lib/gcc/arm-none-eabi/7.3.1/thumb/v7e-m/fpv4-sp/hard/crtbegin.o
                0x0002d618                . = ALIGN (0x4)
                0x0002d618                __etext = .

.data           0x20002260      0x2a0 load address 0x0002d618
                0x20002260                __data_start__ = .
 *(vtable)
 *(.data*)
 .data.log_backend_cb_rtt_log_backend
                0x20002260        0x8 _build/nrf52832_xxaa/nrf_log_default_backends.c.o
 .data.m_rtc_inst
                0x20002268        0x8 _build/nrf52832_xxaa/app_timer2.c.o
 .data.SystemCoreClock
                0x20002270        0x4 _build/nrf52832_xxaa/system_nrf52.c.o
                0x20002270                SystemCoreClock
 .data.m_beacon_info_default
                0x20002274       0x17 _build/nrf52832_xxaa/main.c.o
                0x20002274                m_beacon_info_default
 *fill*         0x2000228b        0x1 
 .data.poi_beacon
                0x2000228c       0x3a _build/nrf52832_xxaa/main.c.o
                0x2000228c                poi_beacon
 .data.m_conn_handle
                0x200022c6        0x2 _build/nrf52832_xxaa/poi_softdevice.c.o
                0x200022c6                m_conn_handle
 .data.m_adv_data
                0x200022c8       0x10 _build/nrf52832_xxaa/poi_advertising.c.o
                0x200022c8                m_adv_data
 .data.m_adv_handle
                0x200022d8        0x1 _build/nrf52832_xxaa/poi_advertising.c.o
                0x200022d8                m_adv_handle
 *fill*         0x200022d9        0x7 
 .data.encryption_timeout_timer_id_data
                0x200022e0       0x20 _build/nrf52832_xxaa/poi_timer.c.o
 .data.password_timeout_timer_id_data
                0x20002300       0x20 _build/nrf52832_xxaa/poi_timer.c.o
 .data.poi_flash_key
                0x20002320        0x8 _build/nrf52832_xxaa/poi_flash_storage.c.o
                0x20002320                poi_flash_key
 .data._impure_ptr
                0x20002328        0x4 c:/program files (x86)/gnu tools arm embedded/7 2018-q2-update/bin/../lib/gcc/arm-none-eabi/7.3.1/../../../../arm-none-eabi/lib/thumb/v7e-m/fpv4-sp/hard\libc_nano.a(lib_a-impure.o)
                0x20002328                _impure_ptr
 .data.impure_data
                0x2000232c       0x60 c:/program files (x86)/gnu tools arm embedded/7 2018-q2-update/bin/../lib/gcc/arm-none-eabi/7.3.1/../../../../arm-none-eabi/lib/thumb/v7e-m/fpv4-sp/hard\libc_nano.a(lib_a-impure.o)
 .data.__global_locale
                0x2000238c      0x16c c:/program files (x86)/gnu tools arm embedded/7 2018-q2-update/bin/../lib/gcc/arm-none-eabi/7.3.1/../../../../arm-none-eabi/lib/thumb/v7e-m/fpv4-sp/hard\libc_nano.a(lib_a-locale.o)
                0x2000238c                __global_locale
                0x200024f8                . = ALIGN (0x4)
                0x200024f8                PROVIDE (__preinit_array_start = .)
 *(.preinit_array)
                0x200024f8                PROVIDE (__preinit_array_end = .)
                0x200024f8                . = ALIGN (0x4)
                0x200024f8                PROVIDE (__init_array_start = .)
 *(SORT_BY_NAME(.init_array.*))
 *(.init_array)
 .init_array    0x200024f8        0x4 c:/program files (x86)/gnu tools arm embedded/7 2018-q2-update/bin/../lib/gcc/arm-none-eabi/7.3.1/thumb/v7e-m/fpv4-sp/hard/crtbegin.o
                0x200024fc                PROVIDE (__init_array_end = .)
                0x200024fc                . = ALIGN (0x4)
                [!provide]                PROVIDE (__fini_array_start = .)
 *(SORT_BY_NAME(.fini_array.*))
 *(.fini_array)
 .fini_array    0x200024fc        0x4 c:/program files (x86)/gnu tools arm embedded/7 2018-q2-update/bin/../lib/gcc/arm-none-eabi/7.3.1/thumb/v7e-m/fpv4-sp/hard/crtbegin.o
                [!provide]                PROVIDE (__fini_array_end = .)
 *(.jcr*)
                0x20002500                . = ALIGN (0x4)
                0x20002500                __data_end__ = .
LOAD c:/program files (x86)/gnu tools arm embedded/7 2018-q2-update/bin/../lib/gcc/arm-none-eabi/7.3.1/thumb/v7e-m/fpv4-sp/hard/crti.o
LOAD c:/program files (x86)/gnu tools arm embedded/7 2018-q2-update/bin/../lib/gcc/arm-none-eabi/7.3.1/thumb/v7e-m/fpv4-sp/hard/crtbegin.o
LOAD c:/program files (x86)/gnu tools arm embedded/7 2018-q2-update/bin/../lib/gcc/arm-none-eabi/7.3.1/../../../../arm-none-eabi/lib/thumb/v7e-m/fpv4-sp/hard/crt0.o
LOAD _build/nrf52832_xxaa/gcc_startup_nrf52.S.o
LOAD _build/nrf52832_xxaa/nrf_log_backend_rtt.c.o
LOAD _build/nrf52832_xxaa/nrf_log_backend_serial.c.o
LOAD _build/nrf52832_xxaa/nrf_log_backend_uart.c.o
LOAD _build/nrf52832_xxaa/nrf_log_default_backends.c.o
LOAD _build/nrf52832_xxaa/nrf_log_frontend.c.o
LOAD _build/nrf52832_xxaa/nrf_log_str_formatter.c.o
LOAD _build/nrf52832_xxaa/app_button.c.o
LOAD _build/nrf52832_xxaa/app_error.c.o
LOAD _build/nrf52832_xxaa/app_error_handler_gcc.c.o
LOAD _build/nrf52832_xxaa/app_error_weak.c.o
LOAD _build/nrf52832_xxaa/app_scheduler.c.o
LOAD _build/nrf52832_xxaa/app_timer2.c.o
LOAD _build/nrf52832_xxaa/app_util_platform.c.o
LOAD _build/nrf52832_xxaa/crc16.c.o
LOAD _build/nrf52832_xxaa/drv_rtc.c.o
LOAD _build/nrf52832_xxaa/hardfault_implementation.c.o
LOAD _build/nrf52832_xxaa/nrf_assert.c.o
LOAD _build/nrf52832_xxaa/nrf_atfifo.c.o
LOAD _build/nrf52832_xxaa/nrf_atflags.c.o
LOAD _build/nrf52832_xxaa/nrf_atomic.c.o
LOAD _build/nrf52832_xxaa/nrf_balloc.c.o
LOAD _build/nrf52832_xxaa/nrf_fprintf.c.o
LOAD _build/nrf52832_xxaa/nrf_fprintf_format.c.o
LOAD _build/nrf52832_xxaa/nrf_fstorage.c.o
LOAD _build/nrf52832_xxaa/nrf_fstorage_sd.c.o
LOAD _build/nrf52832_xxaa/nrf_memobj.c.o
LOAD _build/nrf52832_xxaa/nrf_pwr_mgmt.c.o
LOAD _build/nrf52832_xxaa/nrf_ringbuf.c.o
LOAD _build/nrf52832_xxaa/nrf_section_iter.c.o
LOAD _build/nrf52832_xxaa/nrf_sortlist.c.o
LOAD _build/nrf52832_xxaa/nrf_strerror.c.o
LOAD _build/nrf52832_xxaa/system_nrf52.c.o
LOAD _build/nrf52832_xxaa/boards.c.o
LOAD _build/nrf52832_xxaa/nrf_drv_clock.c.o
LOAD _build/nrf52832_xxaa/nrf_drv_uart.c.o
LOAD _build/nrf52832_xxaa/nrfx_atomic.c.o
LOAD _build/nrf52832_xxaa/nrfx_clock.c.o
LOAD _build/nrf52832_xxaa/nrfx_gpiote.c.o
LOAD _build/nrf52832_xxaa/nrfx_prs.c.o
LOAD _build/nrf52832_xxaa/nrfx_uart.c.o
LOAD _build/nrf52832_xxaa/nrfx_uarte.c.o
LOAD _build/nrf52832_xxaa/main.c.o
LOAD _build/nrf52832_xxaa/SEGGER_RTT.c.o
LOAD _build/nrf52832_xxaa/SEGGER_RTT_Syscalls_GCC.c.o
LOAD _build/nrf52832_xxaa/SEGGER_RTT_printf.c.o
LOAD _build/nrf52832_xxaa/ble_advdata.c.o
LOAD _build/nrf52832_xxaa/ble_advertising.c.o
LOAD _build/nrf52832_xxaa/ble_conn_params.c.o
LOAD _build/nrf52832_xxaa/ble_conn_state.c.o
LOAD _build/nrf52832_xxaa/ble_srv_common.c.o
LOAD _build/nrf52832_xxaa/gatt_cache_manager.c.o
LOAD _build/nrf52832_xxaa/gatts_cache_manager.c.o
LOAD _build/nrf52832_xxaa/nrf_ble_gatt.c.o
LOAD _build/nrf52832_xxaa/nrf_ble_qwr.c.o
LOAD _build/nrf52832_xxaa/utf.c.o
LOAD _build/nrf52832_xxaa/nrf_sdh.c.o
LOAD _build/nrf52832_xxaa/nrf_sdh_ble.c.o
LOAD _build/nrf52832_xxaa/nrf_sdh_soc.c.o
LOAD _build/nrf52832_xxaa/nrfx_saadc.c.o
LOAD _build/nrf52832_xxaa/nrf_drv_rng.c.o
LOAD _build/nrf52832_xxaa/nrfx_rng.c.o
LOAD _build/nrf52832_xxaa/nrf_queue.c.o
LOAD _build/nrf52832_xxaa/nrf_drv_twi.c.o
LOAD _build/nrf52832_xxaa/poi_log.c.o
LOAD _build/nrf52832_xxaa/poi_service.c.o
LOAD _build/nrf52832_xxaa/poi_softdevice.c.o
LOAD _build/nrf52832_xxaa/poi_gatt_init.c.o
LOAD _build/nrf52832_xxaa/poi_advertising.c.o
LOAD _build/nrf52832_xxaa/poi_char_action.c.o
LOAD _build/nrf52832_xxaa/poi_timer.c.o
LOAD _build/nrf52832_xxaa/poi_flash_storage.c.o
LOAD _build/nrf52832_xxaa/poi_battery.c.o
LOAD _build/nrf52832_xxaa/poi_encryption.c.o
LOAD c:/program files (x86)/gnu tools arm embedded/7 2018-q2-update/bin/../lib/gcc/arm-none-eabi/7.3.1/../../../../arm-none-eabi/lib/thumb/v7e-m/fpv4-sp/hard\libc_nano.a
LOAD c:/program files (x86)/gnu tools arm embedded/7 2018-q2-update/bin/../lib/gcc/arm-none-eabi/7.3.1/../../../../arm-none-eabi/lib/thumb/v7e-m/fpv4-sp/hard\libnosys.a
LOAD c:/program files (x86)/gnu tools arm embedded/7 2018-q2-update/bin/../lib/gcc/arm-none-eabi/7.3.1/../../../../arm-none-eabi/lib/thumb/v7e-m/fpv4-sp/hard\libm.a
START GROUP
LOAD c:/program files (x86)/gnu tools arm embedded/7 2018-q2-update/bin/../lib/gcc/arm-none-eabi/7.3.1/thumb/v7e-m/fpv4-sp/hard\libgcc.a
LOAD c:/program files (x86)/gnu tools arm embedded/7 2018-q2-update/bin/../lib/gcc/arm-none-eabi/7.3.1/../../../../arm-none-eabi/lib/thumb/v7e-m/fpv4-sp/hard\libg_nano.a
LOAD c:/program files (x86)/gnu tools arm embedded/7 2018-q2-update/bin/../lib/gcc/arm-none-eabi/7.3.1/../../../../arm-none-eabi/lib/thumb/v7e-m/fpv4-sp/hard\libc_nano.a
END GROUP
START GROUP
LOAD c:/program files (x86)/gnu tools arm embedded/7 2018-q2-update/bin/../lib/gcc/arm-none-eabi/7.3.1/thumb/v7e-m/fpv4-sp/hard\libgcc.a
LOAD c:/program files (x86)/gnu tools arm embedded/7 2018-q2-update/bin/../lib/gcc/arm-none-eabi/7.3.1/../../../../arm-none-eabi/lib/thumb/v7e-m/fpv4-sp/hard\libc_nano.a
END GROUP
LOAD c:/program files (x86)/gnu tools arm embedded/7 2018-q2-update/bin/../lib/gcc/arm-none-eabi/7.3.1/thumb/v7e-m/fpv4-sp/hard/crtend.o
LOAD c:/program files (x86)/gnu tools arm embedded/7 2018-q2-update/bin/../lib/gcc/arm-none-eabi/7.3.1/thumb/v7e-m/fpv4-sp/hard/crtn.o
START GROUP
LOAD c:/program files (x86)/gnu tools arm embedded/7 2018-q2-update/bin/../lib/gcc/arm-none-eabi/7.3.1/thumb/v7e-m/fpv4-sp/hard\libgcc.a
LOAD c:/program files (x86)/gnu tools arm embedded/7 2018-q2-update/bin/../lib/gcc/arm-none-eabi/7.3.1/../../../../arm-none-eabi/lib/thumb/v7e-m/fpv4-sp/hard\libc.a
LOAD c:/program files (x86)/gnu tools arm embedded/7 2018-q2-update/bin/../lib/gcc/arm-none-eabi/7.3.1/../../../../arm-none-eabi/lib/thumb/v7e-m/fpv4-sp/hard\libnosys.a
END GROUP

.igot.plt       0x20002500        0x0 load address 0x0002d8b8
 .igot.plt      0x20002500        0x0 c:/program files (x86)/gnu tools arm embedded/7 2018-q2-update/bin/../lib/gcc/arm-none-eabi/7.3.1/thumb/v7e-m/fpv4-sp/hard/crtbegin.o
                0x20002500                . = ALIGN (0x4)

.mem_section_dummy_ram

.log_dynamic_data
                0x20002500        0x0
                0x20002500                PROVIDE (__start_log_dynamic_data = .)
 *(SORT_BY_NAME(.log_dynamic_data*))
                [!provide]                PROVIDE (__stop_log_dynamic_data = .)

.fs_data        0x20002500       0x14 load address 0x0002d8b8
                0x20002500                PROVIDE (__start_fs_data = .)
 *(.fs_data)
 .fs_data       0x20002500       0x14 _build/nrf52832_xxaa/poi_flash_storage.c.o
                0x20002500                fstorage
                0x20002514                PROVIDE (__stop_fs_data = .)

.cli_sorted_cmd_ptrs
                0x20002514        0x0
                [!provide]                PROVIDE (__start_cli_sorted_cmd_ptrs = .)
 *(.cli_sorted_cmd_ptrs)
                [!provide]                PROVIDE (__stop_cli_sorted_cmd_ptrs = .)

.bss            0x20002518      0xc44 load address 0x0002d8d0
                0x20002518                . = ALIGN (0x4)
                0x20002518                __bss_start__ = .
 *(.bss*)
 .bss           0x20002518       0x1c c:/program files (x86)/gnu tools arm embedded/7 2018-q2-update/bin/../lib/gcc/arm-none-eabi/7.3.1/thumb/v7e-m/fpv4-sp/hard/crtbegin.o
 .bss.m_host_present
                0x20002534        0x1 _build/nrf52832_xxaa/nrf_log_backend_rtt.c.o
 *fill*         0x20002535        0x3 
 .bss.m_string_buff
                0x20002538       0x40 _build/nrf52832_xxaa/nrf_log_backend_rtt.c.o
 .bss.log_mempool_nrf_balloc_cb
                0x20002578        0x8 _build/nrf52832_xxaa/nrf_log_frontend.c.o
 .bss.log_mempool_nrf_balloc_pool_mem
                0x20002580       0xc0 _build/nrf52832_xxaa/nrf_log_frontend.c.o
 .bss.log_mempool_nrf_balloc_pool_stack
                0x20002640        0x8 _build/nrf52832_xxaa/nrf_log_frontend.c.o
 .bss.m_log_data
                0x20002648      0x420 _build/nrf52832_xxaa/nrf_log_frontend.c.o
 .bss.m_log_push_ringbuf_buf
                0x20002a68       0x80 _build/nrf52832_xxaa/nrf_log_frontend.c.o
 .bss.m_log_push_ringbuf_cb
                0x20002ae8       0x18 _build/nrf52832_xxaa/nrf_log_frontend.c.o
 .bss.m_app_timer_sortlist_sortlist_cb
                0x20002b00        0x4 _build/nrf52832_xxaa/app_timer2.c.o
 *fill*         0x20002b04        0x4 
 .bss.m_base_counter
                0x20002b08        0x8 _build/nrf52832_xxaa/app_timer2.c.o
 .bss.m_global_active
                0x20002b10        0x1 _build/nrf52832_xxaa/app_timer2.c.o
 *fill*         0x20002b11        0x3 
 .bss.m_req_fifo_data
                0x20002b14       0x58 _build/nrf52832_xxaa/app_timer2.c.o
 .bss.m_req_fifo_inst
                0x20002b6c       0x10 _build/nrf52832_xxaa/app_timer2.c.o
 *fill*         0x20002b7c        0x4 
 .bss.m_stamp64
                0x20002b80        0x8 _build/nrf52832_xxaa/app_timer2.c.o
 .bss.mp_active_timer
                0x20002b88        0x4 _build/nrf52832_xxaa/app_timer2.c.o
 .bss.m_cb      0x20002b8c        0x8 _build/nrf52832_xxaa/drv_rtc.c.o
 .bss.m_handlers
                0x20002b94        0x4 _build/nrf52832_xxaa/drv_rtc.c.o
 .bss.m_fifo_data
                0x20002b98       0x8c _build/nrf52832_xxaa/nrf_fstorage_sd.c.o
 .bss.m_fifo_inst
                0x20002c24       0x10 _build/nrf52832_xxaa/nrf_fstorage_sd.c.o
 .bss.m_flags   0x20002c34       0x14 _build/nrf52832_xxaa/nrf_fstorage_sd.c.o
 .bss.m_iget_ctx
                0x20002c48        0x4 _build/nrf52832_xxaa/nrf_fstorage_sd.c.o
 .bss.m_p_cur_op
                0x20002c4c        0x4 _build/nrf52832_xxaa/nrf_fstorage_sd.c.o
 .bss.m_handlers_iter
                0x20002c50        0x8 _build/nrf52832_xxaa/nrf_pwr_mgmt.c.o
 .bss.m_shutdown_started
                0x20002c58        0x1 _build/nrf52832_xxaa/nrf_pwr_mgmt.c.o
 *fill*         0x20002c59        0x3 
 .bss.m_sysoff_mtx
                0x20002c5c        0x4 _build/nrf52832_xxaa/nrf_pwr_mgmt.c.o
 .bss.m_clock_cb
                0x20002c60        0x8 _build/nrf52832_xxaa/nrfx_clock.c.o
 .bss.m_cb      0x20002c68       0x5c _build/nrf52832_xxaa/nrfx_gpiote.c.o
 .bss.m_prs_box_4
                0x20002cc4        0x8 _build/nrf52832_xxaa/nrfx_prs.c.o
 .bss.m_gatt    0x20002ccc       0x14 _build/nrf52832_xxaa/main.c.o
 .bss.m_qwr     0x20002ce0        0xc _build/nrf52832_xxaa/main.c.o
 .bss.poi_flags
                0x20002cec        0x1 _build/nrf52832_xxaa/main.c.o
                0x20002cec                poi_flags
 *fill*         0x20002ced        0x3 
 .bss._acDownBuffer
                0x20002cf0       0x10 _build/nrf52832_xxaa/SEGGER_RTT.c.o
 .bss._acUpBuffer
                0x20002d00      0x200 _build/nrf52832_xxaa/SEGGER_RTT.c.o
 .bss.m_conn_params_config
                0x20002f00       0x1c _build/nrf52832_xxaa/ble_conn_params.c.o
 .bss.m_conn_params_instances
                0x20002f1c       0x14 _build/nrf52832_xxaa/ble_conn_params.c.o
 .bss.m_preferred_conn_params
                0x20002f30        0x8 _build/nrf52832_xxaa/ble_conn_params.c.o
 .bss.m_timer_data
                0x20002f38       0x20 _build/nrf52832_xxaa/ble_conn_params.c.o
 .bss.m_bcs     0x20002f58       0x7c _build/nrf52832_xxaa/ble_conn_state.c.o
 .bss.m_nrf_sdh_continue
                0x20002fd4        0x1 _build/nrf52832_xxaa/nrf_sdh.c.o
 .bss.m_nrf_sdh_enabled
                0x20002fd5        0x1 _build/nrf52832_xxaa/nrf_sdh.c.o
 .bss.m_nrf_sdh_suspended
                0x20002fd6        0x1 _build/nrf52832_xxaa/nrf_sdh.c.o
 .bss.m_stack_is_enabled
                0x20002fd7        0x1 _build/nrf52832_xxaa/nrf_sdh_ble.c.o
 .bss.m_cb      0x20002fd8       0x30 _build/nrf52832_xxaa/nrfx_saadc.c.o
 .bss.m_rand_pool_nrf_queue_buffer
                0x20003008       0x41 _build/nrf52832_xxaa/nrf_drv_rng.c.o
 *fill*         0x20003049        0x3 
 .bss.m_rand_pool_nrf_queue_cb
                0x2000304c        0xc _build/nrf52832_xxaa/nrf_drv_rng.c.o
 .bss.m_rng_cb  0x20003058        0x3 _build/nrf52832_xxaa/nrf_drv_rng.c.o
 *fill*         0x2000305b        0x1 
 .bss.m_rng_hndl
                0x2000305c        0x4 _build/nrf52832_xxaa/nrfx_rng.c.o
 .bss.m_rng_state
                0x20003060        0x1 _build/nrf52832_xxaa/nrfx_rng.c.o
 *(COMMON)
 *fill*         0x20003061        0x3 
 COMMON         0x20003064        0xc _build/nrf52832_xxaa/app_util_platform.c.o
                0x20003064                nrf_nvic_state
 COMMON         0x20003070       0x78 _build/nrf52832_xxaa/SEGGER_RTT.c.o
                0x20003070                _SEGGER_RTT
 COMMON         0x200030e8       0x1c _build/nrf52832_xxaa/poi_softdevice.c.o
                0x200030e8                m_poilabs
 COMMON         0x20003104       0x57 _build/nrf52832_xxaa/poi_advertising.c.o
                0x20003104                m_enc_srdata
                0x20003124                m_adv_params
                0x2000313c                m_enc_advdata
                0x2000315c                . = ALIGN (0x4)
 *fill*         0x2000315b        0x1 
                0x2000315c                __bss_end__ = .

.heap           0x20003160     0x2000
                0x20003160                __HeapBase = .
                0x20003160                __end__ = .
                [!provide]                PROVIDE (end = .)
 *(.heap*)
 .heap          0x20003160     0x2000 _build/nrf52832_xxaa/gcc_startup_nrf52.S.o
                0x20005160                __HeapLimit = .

.stack_dummy    0x20003160     0x2000
 *(.stack*)
 .stack         0x20003160     0x2000 _build/nrf52832_xxaa/gcc_startup_nrf52.S.o
                0x20010000                __StackTop = (ORIGIN (RAM) + LENGTH (RAM))
                0x2000e000                __StackLimit = (__StackTop - SIZEOF (.stack_dummy))
                0x20010000                PROVIDE (__stack = __StackTop)
                0x00000001                ASSERT ((__StackLimit >= __HeapLimit), region RAM overflowed with stack)
                0x000002b8                DataInitFlashUsed = (__bss_start__ - __data_start__)
                0x00007618                CodeFlashUsed = (__etext - ORIGIN (FLASH))
                0x000078d0                TotalFlashUsed = (CodeFlashUsed + DataInitFlashUsed)
                0x00000001                ASSERT ((TotalFlashUsed <= LENGTH (FLASH)), region FLASH overflowed with .data and user data)
OUTPUT(_build/nrf52832_xxaa.out elf32-littlearm)

.ARM.attributes
                0x00000000       0x30
 .ARM.attributes
                0x00000000       0x22 c:/program files (x86)/gnu tools arm embedded/7 2018-q2-update/bin/../lib/gcc/arm-none-eabi/7.3.1/thumb/v7e-m/fpv4-sp/hard/crti.o
 .ARM.attributes
                0x00000022       0x34 c:/program files (x86)/gnu tools arm embedded/7 2018-q2-update/bin/../lib/gcc/arm-none-eabi/7.3.1/thumb/v7e-m/fpv4-sp/hard/crtbegin.o
 .ARM.attributes
                0x00000056       0x20 c:/program files (x86)/gnu tools arm embedded/7 2018-q2-update/bin/../lib/gcc/arm-none-eabi/7.3.1/../../../../arm-none-eabi/lib/thumb/v7e-m/fpv4-sp/hard/crt0.o
 .ARM.attributes
                0x00000076       0x20 _build/nrf52832_xxaa/gcc_startup_nrf52.S.o
 .ARM.attributes
                0x00000096       0x39 _build/nrf52832_xxaa/nrf_log_backend_rtt.c.o
 .ARM.attributes
                0x000000cf       0x39 _build/nrf52832_xxaa/nrf_log_backend_serial.c.o
 .ARM.attributes
                0x00000108       0x39 _build/nrf52832_xxaa/nrf_log_default_backends.c.o
 .ARM.attributes
                0x00000141       0x39 _build/nrf52832_xxaa/nrf_log_frontend.c.o
 .ARM.attributes
                0x0000017a       0x39 _build/nrf52832_xxaa/nrf_log_str_formatter.c.o
 .ARM.attributes
                0x000001b3       0x39 _build/nrf52832_xxaa/app_button.c.o
 .ARM.attributes
                0x000001ec       0x39 _build/nrf52832_xxaa/app_error.c.o
 .ARM.attributes
                0x00000225       0x39 _build/nrf52832_xxaa/app_error_weak.c.o
 .ARM.attributes
                0x0000025e       0x39 _build/nrf52832_xxaa/app_timer2.c.o
 .ARM.attributes
                0x00000297       0x39 _build/nrf52832_xxaa/app_util_platform.c.o
 .ARM.attributes
                0x000002d0       0x39 _build/nrf52832_xxaa/drv_rtc.c.o
 .ARM.attributes
                0x00000309       0x39 _build/nrf52832_xxaa/nrf_atfifo.c.o
 .ARM.attributes
                0x00000342       0x39 _build/nrf52832_xxaa/nrf_atflags.c.o
 .ARM.attributes
                0x0000037b       0x39 _build/nrf52832_xxaa/nrf_atomic.c.o
 .ARM.attributes
                0x000003b4       0x39 _build/nrf52832_xxaa/nrf_balloc.c.o
 .ARM.attributes
                0x000003ed       0x39 _build/nrf52832_xxaa/nrf_fprintf.c.o
 .ARM.attributes
                0x00000426       0x39 _build/nrf52832_xxaa/nrf_fprintf_format.c.o
 .ARM.attributes
                0x0000045f       0x39 _build/nrf52832_xxaa/nrf_fstorage.c.o
 .ARM.attributes
                0x00000498       0x39 _build/nrf52832_xxaa/nrf_fstorage_sd.c.o
 .ARM.attributes
                0x000004d1       0x39 _build/nrf52832_xxaa/nrf_memobj.c.o
 .ARM.attributes
                0x0000050a       0x39 _build/nrf52832_xxaa/nrf_pwr_mgmt.c.o
 .ARM.attributes
                0x00000543       0x39 _build/nrf52832_xxaa/nrf_ringbuf.c.o
 .ARM.attributes
                0x0000057c       0x39 _build/nrf52832_xxaa/nrf_section_iter.c.o
 .ARM.attributes
                0x000005b5       0x39 _build/nrf52832_xxaa/nrf_sortlist.c.o
 .ARM.attributes
                0x000005ee       0x39 _build/nrf52832_xxaa/nrf_strerror.c.o
 .ARM.attributes
                0x00000627       0x39 _build/nrf52832_xxaa/system_nrf52.c.o
 .ARM.attributes
                0x00000660       0x39 _build/nrf52832_xxaa/nrfx_clock.c.o
 .ARM.attributes
                0x00000699       0x39 _build/nrf52832_xxaa/nrfx_gpiote.c.o
 .ARM.attributes
                0x000006d2       0x39 _build/nrf52832_xxaa/nrfx_prs.c.o
 .ARM.attributes
                0x0000070b       0x39 _build/nrf52832_xxaa/nrfx_uart.c.o
 .ARM.attributes
                0x00000744       0x39 _build/nrf52832_xxaa/nrfx_uarte.c.o
 .ARM.attributes
                0x0000077d       0x39 _build/nrf52832_xxaa/main.c.o
 .ARM.attributes
                0x000007b6       0x39 _build/nrf52832_xxaa/SEGGER_RTT.c.o
 .ARM.attributes
                0x000007ef       0x39 _build/nrf52832_xxaa/ble_advdata.c.o
 .ARM.attributes
                0x00000828       0x39 _build/nrf52832_xxaa/ble_conn_params.c.o
 .ARM.attributes
                0x00000861       0x39 _build/nrf52832_xxaa/ble_conn_state.c.o
 .ARM.attributes
                0x0000089a       0x39 _build/nrf52832_xxaa/ble_srv_common.c.o
 .ARM.attributes
                0x000008d3       0x39 _build/nrf52832_xxaa/gatt_cache_manager.c.o
 .ARM.attributes
                0x0000090c       0x39 _build/nrf52832_xxaa/gatts_cache_manager.c.o
 .ARM.attributes
                0x00000945       0x39 _build/nrf52832_xxaa/nrf_ble_gatt.c.o
 .ARM.attributes
                0x0000097e       0x39 _build/nrf52832_xxaa/nrf_ble_qwr.c.o
 .ARM.attributes
                0x000009b7       0x39 _build/nrf52832_xxaa/nrf_sdh.c.o
 .ARM.attributes
                0x000009f0       0x39 _build/nrf52832_xxaa/nrf_sdh_ble.c.o
 .ARM.attributes
                0x00000a29       0x39 _build/nrf52832_xxaa/nrf_sdh_soc.c.o
 .ARM.attributes
                0x00000a62       0x39 _build/nrf52832_xxaa/nrfx_saadc.c.o
 .ARM.attributes
                0x00000a9b       0x39 _build/nrf52832_xxaa/nrf_drv_rng.c.o
 .ARM.attributes
                0x00000ad4       0x39 _build/nrf52832_xxaa/nrfx_rng.c.o
 .ARM.attributes
                0x00000b0d       0x39 _build/nrf52832_xxaa/nrf_queue.c.o
 .ARM.attributes
                0x00000b46       0x39 _build/nrf52832_xxaa/poi_log.c.o
 .ARM.attributes
                0x00000b7f       0x39 _build/nrf52832_xxaa/poi_service.c.o
 .ARM.attributes
                0x00000bb8       0x39 _build/nrf52832_xxaa/poi_softdevice.c.o
 .ARM.attributes
                0x00000bf1       0x39 _build/nrf52832_xxaa/poi_gatt_init.c.o
 .ARM.attributes
                0x00000c2a       0x39 _build/nrf52832_xxaa/poi_advertising.c.o
 .ARM.attributes
                0x00000c63       0x39 _build/nrf52832_xxaa/poi_char_action.c.o
 .ARM.attributes
                0x00000c9c       0x39 _build/nrf52832_xxaa/poi_timer.c.o
 .ARM.attributes
                0x00000cd5       0x39 _build/nrf52832_xxaa/poi_flash_storage.c.o
 .ARM.attributes
                0x00000d0e       0x39 _build/nrf52832_xxaa/poi_battery.c.o
 .ARM.attributes
                0x00000d47       0x39 _build/nrf52832_xxaa/poi_encryption.c.o
 .ARM.attributes
                0x00000d80       0x34 c:/program files (x86)/gnu tools arm embedded/7 2018-q2-update/bin/../lib/gcc/arm-none-eabi/7.3.1/../../../../arm-none-eabi/lib/thumb/v7e-m/fpv4-sp/hard\libc_nano.a(lib_a-exit.o)
 .ARM.attributes
                0x00000db4       0x34 c:/program files (x86)/gnu tools arm embedded/7 2018-q2-update/bin/../lib/gcc/arm-none-eabi/7.3.1/../../../../arm-none-eabi/lib/thumb/v7e-m/fpv4-sp/hard\libc_nano.a(lib_a-impure.o)
 .ARM.attributes
                0x00000de8       0x34 c:/program files (x86)/gnu tools arm embedded/7 2018-q2-update/bin/../lib/gcc/arm-none-eabi/7.3.1/../../../../arm-none-eabi/lib/thumb/v7e-m/fpv4-sp/hard\libc_nano.a(lib_a-init.o)
 .ARM.attributes
                0x00000e1c       0x34 c:/program files (x86)/gnu tools arm embedded/7 2018-q2-update/bin/../lib/gcc/arm-none-eabi/7.3.1/../../../../arm-none-eabi/lib/thumb/v7e-m/fpv4-sp/hard\libc_nano.a(lib_a-locale.o)
 .ARM.attributes
                0x00000e50       0x34 c:/program files (x86)/gnu tools arm embedded/7 2018-q2-update/bin/../lib/gcc/arm-none-eabi/7.3.1/../../../../arm-none-eabi/lib/thumb/v7e-m/fpv4-sp/hard\libc_nano.a(lib_a-mbtowc_r.o)
 .ARM.attributes
                0x00000e84       0x34 c:/program files (x86)/gnu tools arm embedded/7 2018-q2-update/bin/../lib/gcc/arm-none-eabi/7.3.1/../../../../arm-none-eabi/lib/thumb/v7e-m/fpv4-sp/hard\libc_nano.a(lib_a-memcmp.o)
 .ARM.attributes
                0x00000eb8       0x34 c:/program files (x86)/gnu tools arm embedded/7 2018-q2-update/bin/../lib/gcc/arm-none-eabi/7.3.1/../../../../arm-none-eabi/lib/thumb/v7e-m/fpv4-sp/hard\libc_nano.a(lib_a-memcpy-stub.o)
 .ARM.attributes
                0x00000eec       0x34 c:/program files (x86)/gnu tools arm embedded/7 2018-q2-update/bin/../lib/gcc/arm-none-eabi/7.3.1/../../../../arm-none-eabi/lib/thumb/v7e-m/fpv4-sp/hard\libc_nano.a(lib_a-memset.o)
 .ARM.attributes
                0x00000f20       0x34 c:/program files (x86)/gnu tools arm embedded/7 2018-q2-update/bin/../lib/gcc/arm-none-eabi/7.3.1/../../../../arm-none-eabi/lib/thumb/v7e-m/fpv4-sp/hard\libc_nano.a(lib_a-strcpy.o)
 .ARM.attributes
                0x00000f54       0x1b c:/program files (x86)/gnu tools arm embedded/7 2018-q2-update/bin/../lib/gcc/arm-none-eabi/7.3.1/../../../../arm-none-eabi/lib/thumb/v7e-m/fpv4-sp/hard\libc_nano.a(lib_a-strlen.o)
 .ARM.attributes
                0x00000f6f       0x34 c:/program files (x86)/gnu tools arm embedded/7 2018-q2-update/bin/../lib/gcc/arm-none-eabi/7.3.1/../../../../arm-none-eabi/lib/thumb/v7e-m/fpv4-sp/hard\libc_nano.a(lib_a-wctomb_r.o)
 .ARM.attributes
                0x00000fa3       0x34 c:/program files (x86)/gnu tools arm embedded/7 2018-q2-update/bin/../lib/gcc/arm-none-eabi/7.3.1/../../../../arm-none-eabi/lib/thumb/v7e-m/fpv4-sp/hard\libc_nano.a(lib_a-ctype_.o)
 .ARM.attributes
                0x00000fd7       0x34 c:/program files (x86)/gnu tools arm embedded/7 2018-q2-update/bin/../lib/gcc/arm-none-eabi/7.3.1/../../../../arm-none-eabi/lib/thumb/v7e-m/fpv4-sp/hard\libnosys.a(_exit.o)
 .ARM.attributes
                0x0000100b       0x34 c:/program files (x86)/gnu tools arm embedded/7 2018-q2-update/bin/../lib/gcc/arm-none-eabi/7.3.1/thumb/v7e-m/fpv4-sp/hard/crtend.o
 .ARM.attributes
                0x0000103f       0x22 c:/program files (x86)/gnu tools arm embedded/7 2018-q2-update/bin/../lib/gcc/arm-none-eabi/7.3.1/thumb/v7e-m/fpv4-sp/hard/crtn.o

.comment        0x00000000       0x7f
 .comment       0x00000000       0x7f _build/nrf52832_xxaa/nrf_log_backend_rtt.c.o
                                 0x80 (size before relaxing)
 .comment       0x0000007f       0x80 _build/nrf52832_xxaa/nrf_log_backend_serial.c.o
 .comment       0x0000007f       0x80 _build/nrf52832_xxaa/nrf_log_default_backends.c.o
 .comment       0x0000007f       0x80 _build/nrf52832_xxaa/nrf_log_frontend.c.o
 .comment       0x0000007f       0x80 _build/nrf52832_xxaa/nrf_log_str_formatter.c.o
 .comment       0x0000007f       0x80 _build/nrf52832_xxaa/app_button.c.o
 .comment       0x0000007f       0x80 _build/nrf52832_xxaa/app_error.c.o
 .comment       0x0000007f       0x80 _build/nrf52832_xxaa/app_error_weak.c.o
 .comment       0x0000007f       0x80 _build/nrf52832_xxaa/app_timer2.c.o
 .comment       0x0000007f       0x80 _build/nrf52832_xxaa/app_util_platform.c.o
 .comment       0x0000007f       0x80 _build/nrf52832_xxaa/drv_rtc.c.o
 .comment       0x0000007f       0x80 _build/nrf52832_xxaa/nrf_atfifo.c.o
 .comment       0x0000007f       0x80 _build/nrf52832_xxaa/nrf_atflags.c.o
 .comment       0x0000007f       0x80 _build/nrf52832_xxaa/nrf_atomic.c.o
 .comment       0x0000007f       0x80 _build/nrf52832_xxaa/nrf_balloc.c.o
 .comment       0x0000007f       0x80 _build/nrf52832_xxaa/nrf_fprintf.c.o
 .comment       0x0000007f       0x80 _build/nrf52832_xxaa/nrf_fprintf_format.c.o
 .comment       0x0000007f       0x80 _build/nrf52832_xxaa/nrf_fstorage.c.o
 .comment       0x0000007f       0x80 _build/nrf52832_xxaa/nrf_fstorage_sd.c.o
 .comment       0x0000007f       0x80 _build/nrf52832_xxaa/nrf_memobj.c.o
 .comment       0x0000007f       0x80 _build/nrf52832_xxaa/nrf_pwr_mgmt.c.o
 .comment       0x0000007f       0x80 _build/nrf52832_xxaa/nrf_ringbuf.c.o
 .comment       0x0000007f       0x80 _build/nrf52832_xxaa/nrf_section_iter.c.o
 .comment       0x0000007f       0x80 _build/nrf52832_xxaa/nrf_sortlist.c.o
 .comment       0x0000007f       0x80 _build/nrf52832_xxaa/nrf_strerror.c.o
 .comment       0x0000007f       0x80 _build/nrf52832_xxaa/system_nrf52.c.o
 .comment       0x0000007f       0x80 _build/nrf52832_xxaa/nrfx_clock.c.o
 .comment       0x0000007f       0x80 _build/nrf52832_xxaa/nrfx_gpiote.c.o
 .comment       0x0000007f       0x80 _build/nrf52832_xxaa/nrfx_prs.c.o
 .comment       0x0000007f       0x80 _build/nrf52832_xxaa/nrfx_uart.c.o
 .comment       0x0000007f       0x80 _build/nrf52832_xxaa/nrfx_uarte.c.o
 .comment       0x0000007f       0x80 _build/nrf52832_xxaa/main.c.o
 .comment       0x0000007f       0x80 _build/nrf52832_xxaa/SEGGER_RTT.c.o
 .comment       0x0000007f       0x80 _build/nrf52832_xxaa/ble_advdata.c.o
 .comment       0x0000007f       0x80 _build/nrf52832_xxaa/ble_conn_params.c.o
 .comment       0x0000007f       0x80 _build/nrf52832_xxaa/ble_conn_state.c.o
 .comment       0x0000007f       0x80 _build/nrf52832_xxaa/ble_srv_common.c.o
 .comment       0x0000007f       0x80 _build/nrf52832_xxaa/gatt_cache_manager.c.o
 .comment       0x0000007f       0x80 _build/nrf52832_xxaa/gatts_cache_manager.c.o
 .comment       0x0000007f       0x80 _build/nrf52832_xxaa/nrf_ble_gatt.c.o
 .comment       0x0000007f       0x80 _build/nrf52832_xxaa/nrf_ble_qwr.c.o
 .comment       0x0000007f       0x80 _build/nrf52832_xxaa/nrf_sdh.c.o
 .comment       0x0000007f       0x80 _build/nrf52832_xxaa/nrf_sdh_ble.c.o
 .comment       0x0000007f       0x80 _build/nrf52832_xxaa/nrf_sdh_soc.c.o
 .comment       0x0000007f       0x80 _build/nrf52832_xxaa/nrfx_saadc.c.o
 .comment       0x0000007f       0x80 _build/nrf52832_xxaa/nrf_drv_rng.c.o
 .comment       0x0000007f       0x80 _build/nrf52832_xxaa/nrfx_rng.c.o
 .comment       0x0000007f       0x80 _build/nrf52832_xxaa/nrf_queue.c.o
 .comment       0x0000007f       0x80 _build/nrf52832_xxaa/poi_log.c.o
 .comment       0x0000007f       0x80 _build/nrf52832_xxaa/poi_service.c.o
 .comment       0x0000007f       0x80 _build/nrf52832_xxaa/poi_softdevice.c.o
 .comment       0x0000007f       0x80 _build/nrf52832_xxaa/poi_gatt_init.c.o
 .comment       0x0000007f       0x80 _build/nrf52832_xxaa/poi_advertising.c.o
 .comment       0x0000007f       0x80 _build/nrf52832_xxaa/poi_char_action.c.o
 .comment       0x0000007f       0x80 _build/nrf52832_xxaa/poi_timer.c.o
 .comment       0x0000007f       0x80 _build/nrf52832_xxaa/poi_flash_storage.c.o
 .comment       0x0000007f       0x80 _build/nrf52832_xxaa/poi_battery.c.o
 .comment       0x0000007f       0x80 _build/nrf52832_xxaa/poi_encryption.c.o

.debug_line     0x00000000    0x24c5f
 .debug_line    0x00000000       0x86 _build/nrf52832_xxaa/gcc_startup_nrf52.S.o
 .debug_line    0x00000086      0xacf _build/nrf52832_xxaa/nrf_log_backend_rtt.c.o
 .debug_line    0x00000b55      0x878 _build/nrf52832_xxaa/nrf_log_backend_serial.c.o
 .debug_line    0x000013cd      0x7f3 _build/nrf52832_xxaa/nrf_log_default_backends.c.o
 .debug_line    0x00001bc0      0xf26 _build/nrf52832_xxaa/nrf_log_frontend.c.o
 .debug_line    0x00002ae6      0x8eb _build/nrf52832_xxaa/nrf_log_str_formatter.c.o
 .debug_line    0x000033d1      0xc6a _build/nrf52832_xxaa/app_button.c.o
 .debug_line    0x0000403b      0x507 _build/nrf52832_xxaa/app_error.c.o
 .debug_line    0x00004542      0x870 _build/nrf52832_xxaa/app_error_weak.c.o
 .debug_line    0x00004db2      0xcc5 _build/nrf52832_xxaa/app_timer2.c.o
 .debug_line    0x00005a77      0x62c _build/nrf52832_xxaa/app_util_platform.c.o
 .debug_line    0x000060a3      0xe0e _build/nrf52832_xxaa/drv_rtc.c.o
 .debug_line    0x00006eb1      0x7e6 _build/nrf52832_xxaa/nrf_atfifo.c.o
 .debug_line    0x00007697      0x6b6 _build/nrf52832_xxaa/nrf_atflags.c.o
 .debug_line    0x00007d4d      0x70a _build/nrf52832_xxaa/nrf_atomic.c.o
 .debug_line    0x00008457      0x7c8 _build/nrf52832_xxaa/nrf_balloc.c.o
 .debug_line    0x00008c1f      0x5a3 _build/nrf52832_xxaa/nrf_fprintf.c.o
 .debug_line    0x000091c2      0x7a0 _build/nrf52832_xxaa/nrf_fprintf_format.c.o
 .debug_line    0x00009962      0x855 _build/nrf52832_xxaa/nrf_fstorage.c.o
 .debug_line    0x0000a1b7      0xb32 _build/nrf52832_xxaa/nrf_fstorage_sd.c.o
 .debug_line    0x0000ace9      0x8a5 _build/nrf52832_xxaa/nrf_memobj.c.o
 .debug_line    0x0000b58e      0xc0e _build/nrf52832_xxaa/nrf_pwr_mgmt.c.o
 .debug_line    0x0000c19c      0x766 _build/nrf52832_xxaa/nrf_ringbuf.c.o
 .debug_line    0x0000c902      0x5ad _build/nrf52832_xxaa/nrf_section_iter.c.o
 .debug_line    0x0000ceaf      0x707 _build/nrf52832_xxaa/nrf_sortlist.c.o
 .debug_line    0x0000d5b6      0x5b0 _build/nrf52832_xxaa/nrf_strerror.c.o
 .debug_line    0x0000db66      0x5cc _build/nrf52832_xxaa/system_nrf52.c.o
 .debug_line    0x0000e132      0xc31 _build/nrf52832_xxaa/nrfx_clock.c.o